{
    "-profile test_nanopore": {
        "content": [
            221,
            {
                "ARTIC_GUPPYPLEX": {
                    "artic": "1.6.2"
                },
                "ARTIC_MINION": {
                    "artic": "1.2.3"
                },
                "BCFTOOLS_QUERY": {
                    "bcftools": 1.22
                },
                "BCFTOOLS_STATS": {
                    "bcftools": 1.22
                },
                "COLLAPSE_PRIMERS": {
                    "python": "3.13.2"
                },
                "CUSTOM_GETCHROMSIZES": {
                    "getchromsizes": "1.22.1"
                },
                "FREYJA_DEMIX": {
                    "freyja": "1.5.3"
                },
                "FREYJA_UPDATE": {
                    "freyja": "1.5.3"
                },
                "FREYJA_VARIANTS": {
                    "freyja": "1.5.3"
                },
                "GUNZIP_FASTA": {
                    "gunzip": 1.13
                },
                "GUNZIP_GFF": {
                    "gunzip": 1.13
                },
                "KRAKEN2_KRAKEN2": {
                    "kraken2": "2.1.6",
                    "pigz": 2.8
                },
                "MAKE_VARIANTS_LONG_TABLE": {
                    "python": "3.13.2"
                },
                "MOSDEPTH_GENOME": {
                    "mosdepth": "0.3.11"
                },
                "NANOPLOT": {
                    "nanoplot": "1.46.1"
                },
                "PANGOLIN_RUN": {
                    "pangolin": "4.3.1"
                },
                "PANGOLIN_UPDATEDATA": {
                    "pangolin": "4.3.1"
                },
                "PLOT_MOSDEPTH_REGIONS_GENOME": {
                    "r-base": "4.2.0"
                },
                "PYCOQC": {
                    "pycoqc": "2.5.2"
                },
                "QUAST": {
                    "quast": "5.3.0"
                },
                "SAMTOOLS_FLAGSTAT": {
                    "samtools": "1.22.1"
                },
                "SAMTOOLS_IDXSTATS": {
                    "samtools": "1.22.1"
                },
                "SAMTOOLS_INDEX": {
                    "samtools": "1.22.1"
                },
                "SAMTOOLS_STATS": {
                    "samtools": "1.22.1"
                },
                "SAMTOOLS_VIEW": {
                    "samtools": "1.22.1"
                },
                "SNPEFF_ANN": {
                    "snpeff": "5.0e"
                },
                "SNPEFF_BUILD": {
                    "snpeff": "5.0e"
                },
                "SNPSIFT_EXTRACTFIELDS": {
                    "snpsift": 4.3
                },
                "TABIX_BGZIP": {
                    "tabix": 1.21
                },
                "TABIX_TABIX": {
                    "tabix": 1.21
                },
                "UNTAR": {
                    "untar": 1.34
                },
                "UNTAR_KRAKEN2_DB": {
                    "untar": 1.34
                },
                "VCFLIB_VCFUNIQ": {
                    "vcflib": "1.0.14"
                },
                "Workflow": {
                    "nf-core/viralrecon": "v2.7.0dev"
                }
            },
            [
                "kraken2",
                "kraken2/SAMPLE_01.classified.fastq.gz",
                "kraken2/SAMPLE_01.kraken2.classifiedreads.txt",
                "kraken2/SAMPLE_01.kraken2.report.txt",
                "kraken2/SAMPLE_01.unclassified.fastq.gz",
                "kraken2/SAMPLE_02.classified.fastq.gz",
                "kraken2/SAMPLE_02.kraken2.classifiedreads.txt",
                "kraken2/SAMPLE_02.kraken2.report.txt",
                "kraken2/SAMPLE_02.unclassified.fastq.gz",
                "kraken2/SAMPLE_03.classified.fastq.gz",
                "kraken2/SAMPLE_03.kraken2.classifiedreads.txt",
                "kraken2/SAMPLE_03.kraken2.report.txt",
                "kraken2/SAMPLE_03.unclassified.fastq.gz",
                "kraken2/SAMPLE_04.classified.fastq.gz",
                "kraken2/SAMPLE_04.kraken2.classifiedreads.txt",
                "kraken2/SAMPLE_04.kraken2.report.txt",
                "kraken2/SAMPLE_04.unclassified.fastq.gz",
                "kraken2/SAMPLE_05.classified.fastq.gz",
                "kraken2/SAMPLE_05.kraken2.classifiedreads.txt",
                "kraken2/SAMPLE_05.kraken2.report.txt",
                "kraken2/SAMPLE_05.unclassified.fastq.gz",
                "kraken2/SAMPLE_06.classified.fastq.gz",
                "kraken2/SAMPLE_06.kraken2.classifiedreads.txt",
                "kraken2/SAMPLE_06.kraken2.report.txt",
                "kraken2/SAMPLE_06.unclassified.fastq.gz",
                "kraken2/SAMPLE_07.classified.fastq.gz",
                "kraken2/SAMPLE_07.kraken2.classifiedreads.txt",
                "kraken2/SAMPLE_07.kraken2.report.txt",
                "kraken2/SAMPLE_07.unclassified.fastq.gz",
                "kraken2/SAMPLE_08.classified.fastq.gz",
                "kraken2/SAMPLE_08.kraken2.classifiedreads.txt",
                "kraken2/SAMPLE_08.kraken2.report.txt",
                "kraken2/SAMPLE_08.unclassified.fastq.gz",
                "kraken2/SAMPLE_09.classified.fastq.gz",
                "kraken2/SAMPLE_09.kraken2.classifiedreads.txt",
                "kraken2/SAMPLE_09.kraken2.report.txt",
                "kraken2/SAMPLE_09.unclassified.fastq.gz",
                "multiqc",
                "multiqc/nanopolish",
                "multiqc/nanopolish/multiqc_data",
                "multiqc/nanopolish/multiqc_data/Freyja_plot.yaml",
                "multiqc/nanopolish/multiqc_data/bcftools-stats-subtypes.yaml",
                "multiqc/nanopolish/multiqc_data/bcftools_stats_indel-lengths.yaml",
                "multiqc/nanopolish/multiqc_data/bcftools_stats_vqc_Count_Indels.yaml",
                "multiqc/nanopolish/multiqc_data/bcftools_stats_vqc_Count_SNP.yaml",
                "multiqc/nanopolish/multiqc_data/bcftools_stats_vqc_Count_Transitions.yaml",
                "multiqc/nanopolish/multiqc_data/bcftools_stats_vqc_Count_Transversions.yaml",
                "multiqc/nanopolish/multiqc_data/llms-full.txt",
                "multiqc/nanopolish/multiqc_data/mosdepth-coverage-per-contig-single.yaml",
                "multiqc/nanopolish/multiqc_data/mosdepth-cumcoverage-dist-id.yaml",
                "multiqc/nanopolish/multiqc_data/mosdepth_cov_dist.yaml",
                "multiqc/nanopolish/multiqc_data/mosdepth_cumcov_dist.yaml",
                "multiqc/nanopolish/multiqc_data/mosdepth_perchrom.yaml",
                "multiqc/nanopolish/multiqc_data/multiqc.log",
                "multiqc/nanopolish/multiqc_data/multiqc.parquet",
                "multiqc/nanopolish/multiqc_data/multiqc_bcftools_stats.yaml",
                "multiqc/nanopolish/multiqc_data/multiqc_citations.yaml",
                "multiqc/nanopolish/multiqc_data/multiqc_data.json",
                "multiqc/nanopolish/multiqc_data/multiqc_fail_no_barcode_samples_table.yaml",
                "multiqc/nanopolish/multiqc_data/multiqc_freyja.yaml",
                "multiqc/nanopolish/multiqc_data/multiqc_nextclade_clade.yaml",
                "multiqc/nanopolish/multiqc_data/multiqc_pangolin.yaml",
                "multiqc/nanopolish/multiqc_data/multiqc_samtools_flagstat.yaml",
                "multiqc/nanopolish/multiqc_data/multiqc_snpeff.yaml",
                "multiqc/nanopolish/multiqc_data/multiqc_software_versions.yaml",
                "multiqc/nanopolish/multiqc_data/multiqc_sources.yaml",
                "multiqc/nanopolish/multiqc_data/multiqc_summary_variants_metrics_plot_table.yaml",
                "multiqc/nanopolish/multiqc_data/pangolin_run_table.yaml",
                "multiqc/nanopolish/multiqc_data/pycoqc.yaml",
                "multiqc/nanopolish/multiqc_data/pycoqc_count_plot_Bases.yaml",
                "multiqc/nanopolish/multiqc_data/pycoqc_count_plot_Reads.yaml",
                "multiqc/nanopolish/multiqc_data/pycoqc_read_len_plot_All_Reads.yaml",
                "multiqc/nanopolish/multiqc_data/pycoqc_read_len_plot_Passing_Reads.yaml",
                "multiqc/nanopolish/multiqc_data/pycoqc_read_qual_plot_All_Reads.yaml",
                "multiqc/nanopolish/multiqc_data/pycoqc_read_qual_plot_Passing_Reads.yaml",
                "multiqc/nanopolish/multiqc_data/pycoqc_stats_table.yaml",
                "multiqc/nanopolish/multiqc_data/samtools-flagstat-pct-table.yaml",
                "multiqc/nanopolish/multiqc_data/samtools-flagstat-table.yaml",
                "multiqc/nanopolish/multiqc_data/snpeff_effects.yaml",
                "multiqc/nanopolish/multiqc_data/snpeff_qualities.yaml",
                "multiqc/nanopolish/multiqc_data/snpeff_variant_effects_class.yaml",
                "multiqc/nanopolish/multiqc_data/snpeff_variant_effects_impact.yaml",
                "multiqc/nanopolish/multiqc_data/snpeff_variant_effects_region.yaml",
                "multiqc/nanopolish/multiqc_report.html",
                "multiqc/nanopolish/summary_variants_metrics_mqc.csv",
                "nanoplot",
                "nanoplot/SAMPLE_01",
                "nanoplot/SAMPLE_01/LengthvsQualityScatterPlot_dot.html",
                "nanoplot/SAMPLE_01/LengthvsQualityScatterPlot_kde.html",
                "nanoplot/SAMPLE_01/NanoPlot-report.html",
                "nanoplot/SAMPLE_01/NanoStats.txt",
                "nanoplot/SAMPLE_01/Non_weightedHistogramReadlength.html",
                "nanoplot/SAMPLE_01/Non_weightedLogTransformed_HistogramReadlength.html",
                "nanoplot/SAMPLE_01/WeightedHistogramReadlength.html",
                "nanoplot/SAMPLE_01/WeightedLogTransformed_HistogramReadlength.html",
                "nanoplot/SAMPLE_01/Yield_By_Length.html",
                "nanoplot/SAMPLE_02",
                "nanoplot/SAMPLE_02/LengthvsQualityScatterPlot_dot.html",
                "nanoplot/SAMPLE_02/LengthvsQualityScatterPlot_kde.html",
                "nanoplot/SAMPLE_02/NanoPlot-report.html",
                "nanoplot/SAMPLE_02/NanoStats.txt",
                "nanoplot/SAMPLE_02/Non_weightedHistogramReadlength.html",
                "nanoplot/SAMPLE_02/Non_weightedLogTransformed_HistogramReadlength.html",
                "nanoplot/SAMPLE_02/WeightedHistogramReadlength.html",
                "nanoplot/SAMPLE_02/WeightedLogTransformed_HistogramReadlength.html",
                "nanoplot/SAMPLE_02/Yield_By_Length.html",
                "nanoplot/SAMPLE_03",
                "nanoplot/SAMPLE_03/LengthvsQualityScatterPlot_dot.html",
                "nanoplot/SAMPLE_03/LengthvsQualityScatterPlot_kde.html",
                "nanoplot/SAMPLE_03/NanoPlot-report.html",
                "nanoplot/SAMPLE_03/NanoStats.txt",
                "nanoplot/SAMPLE_03/Non_weightedHistogramReadlength.html",
                "nanoplot/SAMPLE_03/Non_weightedLogTransformed_HistogramReadlength.html",
                "nanoplot/SAMPLE_03/WeightedHistogramReadlength.html",
                "nanoplot/SAMPLE_03/WeightedLogTransformed_HistogramReadlength.html",
                "nanoplot/SAMPLE_03/Yield_By_Length.html",
                "nanoplot/SAMPLE_04",
                "nanoplot/SAMPLE_04/LengthvsQualityScatterPlot_dot.html",
                "nanoplot/SAMPLE_04/LengthvsQualityScatterPlot_kde.html",
                "nanoplot/SAMPLE_04/NanoPlot-report.html",
                "nanoplot/SAMPLE_04/NanoStats.txt",
                "nanoplot/SAMPLE_04/Non_weightedHistogramReadlength.html",
                "nanoplot/SAMPLE_04/Non_weightedLogTransformed_HistogramReadlength.html",
                "nanoplot/SAMPLE_04/WeightedHistogramReadlength.html",
                "nanoplot/SAMPLE_04/WeightedLogTransformed_HistogramReadlength.html",
                "nanoplot/SAMPLE_04/Yield_By_Length.html",
                "nanoplot/SAMPLE_05",
                "nanoplot/SAMPLE_05/LengthvsQualityScatterPlot_dot.html",
                "nanoplot/SAMPLE_05/LengthvsQualityScatterPlot_kde.html",
                "nanoplot/SAMPLE_05/NanoPlot-report.html",
                "nanoplot/SAMPLE_05/NanoStats.txt",
                "nanoplot/SAMPLE_05/Non_weightedHistogramReadlength.html",
                "nanoplot/SAMPLE_05/Non_weightedLogTransformed_HistogramReadlength.html",
                "nanoplot/SAMPLE_05/WeightedHistogramReadlength.html",
                "nanoplot/SAMPLE_05/WeightedLogTransformed_HistogramReadlength.html",
                "nanoplot/SAMPLE_05/Yield_By_Length.html",
                "nanoplot/SAMPLE_06",
                "nanoplot/SAMPLE_06/LengthvsQualityScatterPlot_dot.html",
                "nanoplot/SAMPLE_06/LengthvsQualityScatterPlot_kde.html",
                "nanoplot/SAMPLE_06/NanoPlot-report.html",
                "nanoplot/SAMPLE_06/NanoStats.txt",
                "nanoplot/SAMPLE_06/Non_weightedHistogramReadlength.html",
                "nanoplot/SAMPLE_06/Non_weightedLogTransformed_HistogramReadlength.html",
                "nanoplot/SAMPLE_06/WeightedHistogramReadlength.html",
                "nanoplot/SAMPLE_06/WeightedLogTransformed_HistogramReadlength.html",
                "nanoplot/SAMPLE_06/Yield_By_Length.html",
                "nanoplot/SAMPLE_07",
                "nanoplot/SAMPLE_07/LengthvsQualityScatterPlot_dot.html",
                "nanoplot/SAMPLE_07/LengthvsQualityScatterPlot_kde.html",
                "nanoplot/SAMPLE_07/NanoPlot-report.html",
                "nanoplot/SAMPLE_07/NanoStats.txt",
                "nanoplot/SAMPLE_07/Non_weightedHistogramReadlength.html",
                "nanoplot/SAMPLE_07/Non_weightedLogTransformed_HistogramReadlength.html",
                "nanoplot/SAMPLE_07/WeightedHistogramReadlength.html",
                "nanoplot/SAMPLE_07/WeightedLogTransformed_HistogramReadlength.html",
                "nanoplot/SAMPLE_07/Yield_By_Length.html",
                "nanoplot/SAMPLE_08",
                "nanoplot/SAMPLE_08/LengthvsQualityScatterPlot_dot.html",
                "nanoplot/SAMPLE_08/LengthvsQualityScatterPlot_kde.html",
                "nanoplot/SAMPLE_08/NanoPlot-report.html",
                "nanoplot/SAMPLE_08/NanoStats.txt",
                "nanoplot/SAMPLE_08/Non_weightedHistogramReadlength.html",
                "nanoplot/SAMPLE_08/Non_weightedLogTransformed_HistogramReadlength.html",
                "nanoplot/SAMPLE_08/WeightedHistogramReadlength.html",
                "nanoplot/SAMPLE_08/WeightedLogTransformed_HistogramReadlength.html",
                "nanoplot/SAMPLE_08/Yield_By_Length.html",
                "nanoplot/SAMPLE_09",
                "nanoplot/SAMPLE_09/LengthvsQualityScatterPlot_dot.html",
                "nanoplot/SAMPLE_09/LengthvsQualityScatterPlot_kde.html",
                "nanoplot/SAMPLE_09/NanoPlot-report.html",
                "nanoplot/SAMPLE_09/NanoStats.txt",
                "nanoplot/SAMPLE_09/Non_weightedHistogramReadlength.html",
                "nanoplot/SAMPLE_09/Non_weightedLogTransformed_HistogramReadlength.html",
                "nanoplot/SAMPLE_09/WeightedHistogramReadlength.html",
                "nanoplot/SAMPLE_09/WeightedLogTransformed_HistogramReadlength.html",
                "nanoplot/SAMPLE_09/Yield_By_Length.html",
                "nanopolish",
                "nanopolish/SAMPLE_01.consensus.fasta",
                "nanopolish/SAMPLE_01.fail.vcf",
                "nanopolish/SAMPLE_01.mapped.sorted.bam",
                "nanopolish/SAMPLE_01.mapped.sorted.bam.bai",
                "nanopolish/SAMPLE_01.merged.vcf",
                "nanopolish/SAMPLE_01.pass.unique.vcf.gz",
                "nanopolish/SAMPLE_01.pass.unique.vcf.gz.tbi",
                "nanopolish/SAMPLE_01.pass.vcf.gz",
                "nanopolish/SAMPLE_01.pass.vcf.gz.tbi",
                "nanopolish/SAMPLE_01.primers.vcf",
                "nanopolish/SAMPLE_01.primertrimmed.rg.sorted.bam",
                "nanopolish/SAMPLE_01.primertrimmed.rg.sorted.bam.bai",
                "nanopolish/SAMPLE_01.sorted.bam",
                "nanopolish/SAMPLE_01.sorted.bam.bai",
                "nanopolish/SAMPLE_01.trimmed.rg.sorted.bam",
                "nanopolish/SAMPLE_01.trimmed.rg.sorted.bam.bai",
                "nanopolish/SAMPLE_02.consensus.fasta",
                "nanopolish/SAMPLE_02.fail.vcf",
                "nanopolish/SAMPLE_02.mapped.sorted.bam",
                "nanopolish/SAMPLE_02.mapped.sorted.bam.bai",
                "nanopolish/SAMPLE_02.merged.vcf",
                "nanopolish/SAMPLE_02.pass.unique.vcf.gz",
                "nanopolish/SAMPLE_02.pass.unique.vcf.gz.tbi",
                "nanopolish/SAMPLE_02.pass.vcf.gz",
                "nanopolish/SAMPLE_02.pass.vcf.gz.tbi",
                "nanopolish/SAMPLE_02.primers.vcf",
                "nanopolish/SAMPLE_02.primertrimmed.rg.sorted.bam",
                "nanopolish/SAMPLE_02.primertrimmed.rg.sorted.bam.bai",
                "nanopolish/SAMPLE_02.sorted.bam",
                "nanopolish/SAMPLE_02.sorted.bam.bai",
                "nanopolish/SAMPLE_02.trimmed.rg.sorted.bam",
                "nanopolish/SAMPLE_02.trimmed.rg.sorted.bam.bai",
                "nanopolish/SAMPLE_03.consensus.fasta",
                "nanopolish/SAMPLE_03.fail.vcf",
                "nanopolish/SAMPLE_03.mapped.sorted.bam",
                "nanopolish/SAMPLE_03.mapped.sorted.bam.bai",
                "nanopolish/SAMPLE_03.merged.vcf",
                "nanopolish/SAMPLE_03.pass.unique.vcf.gz",
                "nanopolish/SAMPLE_03.pass.unique.vcf.gz.tbi",
                "nanopolish/SAMPLE_03.pass.vcf.gz",
                "nanopolish/SAMPLE_03.pass.vcf.gz.tbi",
                "nanopolish/SAMPLE_03.primers.vcf",
                "nanopolish/SAMPLE_03.primertrimmed.rg.sorted.bam",
                "nanopolish/SAMPLE_03.primertrimmed.rg.sorted.bam.bai",
                "nanopolish/SAMPLE_03.sorted.bam",
                "nanopolish/SAMPLE_03.sorted.bam.bai",
                "nanopolish/SAMPLE_03.trimmed.rg.sorted.bam",
                "nanopolish/SAMPLE_03.trimmed.rg.sorted.bam.bai",
                "nanopolish/SAMPLE_04.consensus.fasta",
                "nanopolish/SAMPLE_04.fail.vcf",
                "nanopolish/SAMPLE_04.mapped.sorted.bam",
                "nanopolish/SAMPLE_04.mapped.sorted.bam.bai",
                "nanopolish/SAMPLE_04.merged.vcf",
                "nanopolish/SAMPLE_04.pass.unique.vcf.gz",
                "nanopolish/SAMPLE_04.pass.unique.vcf.gz.tbi",
                "nanopolish/SAMPLE_04.pass.vcf.gz",
                "nanopolish/SAMPLE_04.pass.vcf.gz.tbi",
                "nanopolish/SAMPLE_04.primers.vcf",
                "nanopolish/SAMPLE_04.primertrimmed.rg.sorted.bam",
                "nanopolish/SAMPLE_04.primertrimmed.rg.sorted.bam.bai",
                "nanopolish/SAMPLE_04.sorted.bam",
                "nanopolish/SAMPLE_04.sorted.bam.bai",
                "nanopolish/SAMPLE_04.trimmed.rg.sorted.bam",
                "nanopolish/SAMPLE_04.trimmed.rg.sorted.bam.bai",
                "nanopolish/SAMPLE_05.consensus.fasta",
                "nanopolish/SAMPLE_05.fail.vcf",
                "nanopolish/SAMPLE_05.mapped.sorted.bam",
                "nanopolish/SAMPLE_05.mapped.sorted.bam.bai",
                "nanopolish/SAMPLE_05.merged.vcf",
                "nanopolish/SAMPLE_05.pass.unique.vcf.gz",
                "nanopolish/SAMPLE_05.pass.unique.vcf.gz.tbi",
                "nanopolish/SAMPLE_05.pass.vcf.gz",
                "nanopolish/SAMPLE_05.pass.vcf.gz.tbi",
                "nanopolish/SAMPLE_05.primers.vcf",
                "nanopolish/SAMPLE_05.primertrimmed.rg.sorted.bam",
                "nanopolish/SAMPLE_05.primertrimmed.rg.sorted.bam.bai",
                "nanopolish/SAMPLE_05.sorted.bam",
                "nanopolish/SAMPLE_05.sorted.bam.bai",
                "nanopolish/SAMPLE_05.trimmed.rg.sorted.bam",
                "nanopolish/SAMPLE_05.trimmed.rg.sorted.bam.bai",
                "nanopolish/SAMPLE_06.consensus.fasta",
                "nanopolish/SAMPLE_06.fail.vcf",
                "nanopolish/SAMPLE_06.mapped.sorted.bam",
                "nanopolish/SAMPLE_06.mapped.sorted.bam.bai",
                "nanopolish/SAMPLE_06.merged.vcf",
                "nanopolish/SAMPLE_06.pass.unique.vcf.gz",
                "nanopolish/SAMPLE_06.pass.unique.vcf.gz.tbi",
                "nanopolish/SAMPLE_06.pass.vcf.gz",
                "nanopolish/SAMPLE_06.pass.vcf.gz.tbi",
                "nanopolish/SAMPLE_06.primers.vcf",
                "nanopolish/SAMPLE_06.primertrimmed.rg.sorted.bam",
                "nanopolish/SAMPLE_06.primertrimmed.rg.sorted.bam.bai",
                "nanopolish/SAMPLE_06.sorted.bam",
                "nanopolish/SAMPLE_06.sorted.bam.bai",
                "nanopolish/SAMPLE_06.trimmed.rg.sorted.bam",
                "nanopolish/SAMPLE_06.trimmed.rg.sorted.bam.bai",
                "nanopolish/SAMPLE_07.consensus.fasta",
                "nanopolish/SAMPLE_07.fail.vcf",
                "nanopolish/SAMPLE_07.mapped.sorted.bam",
                "nanopolish/SAMPLE_07.mapped.sorted.bam.bai",
                "nanopolish/SAMPLE_07.merged.vcf",
                "nanopolish/SAMPLE_07.pass.unique.vcf.gz",
                "nanopolish/SAMPLE_07.pass.unique.vcf.gz.tbi",
                "nanopolish/SAMPLE_07.pass.vcf.gz",
                "nanopolish/SAMPLE_07.pass.vcf.gz.tbi",
                "nanopolish/SAMPLE_07.primers.vcf",
                "nanopolish/SAMPLE_07.primertrimmed.rg.sorted.bam",
                "nanopolish/SAMPLE_07.primertrimmed.rg.sorted.bam.bai",
                "nanopolish/SAMPLE_07.sorted.bam",
                "nanopolish/SAMPLE_07.sorted.bam.bai",
                "nanopolish/SAMPLE_07.trimmed.rg.sorted.bam",
                "nanopolish/SAMPLE_07.trimmed.rg.sorted.bam.bai",
                "nanopolish/SAMPLE_08.consensus.fasta",
                "nanopolish/SAMPLE_08.fail.vcf",
                "nanopolish/SAMPLE_08.mapped.sorted.bam",
                "nanopolish/SAMPLE_08.mapped.sorted.bam.bai",
                "nanopolish/SAMPLE_08.merged.vcf",
                "nanopolish/SAMPLE_08.pass.unique.vcf.gz",
                "nanopolish/SAMPLE_08.pass.unique.vcf.gz.tbi",
                "nanopolish/SAMPLE_08.pass.vcf.gz",
                "nanopolish/SAMPLE_08.pass.vcf.gz.tbi",
                "nanopolish/SAMPLE_08.primers.vcf",
                "nanopolish/SAMPLE_08.primertrimmed.rg.sorted.bam",
                "nanopolish/SAMPLE_08.primertrimmed.rg.sorted.bam.bai",
                "nanopolish/SAMPLE_08.sorted.bam",
                "nanopolish/SAMPLE_08.sorted.bam.bai",
                "nanopolish/SAMPLE_08.trimmed.rg.sorted.bam",
                "nanopolish/SAMPLE_08.trimmed.rg.sorted.bam.bai",
                "nanopolish/SAMPLE_09.consensus.fasta",
                "nanopolish/SAMPLE_09.fail.vcf",
                "nanopolish/SAMPLE_09.mapped.sorted.bam",
                "nanopolish/SAMPLE_09.mapped.sorted.bam.bai",
                "nanopolish/SAMPLE_09.merged.vcf",
                "nanopolish/SAMPLE_09.pass.unique.vcf.gz",
                "nanopolish/SAMPLE_09.pass.unique.vcf.gz.tbi",
                "nanopolish/SAMPLE_09.pass.vcf.gz",
                "nanopolish/SAMPLE_09.pass.vcf.gz.tbi",
                "nanopolish/SAMPLE_09.primers.vcf",
                "nanopolish/SAMPLE_09.primertrimmed.rg.sorted.bam",
                "nanopolish/SAMPLE_09.primertrimmed.rg.sorted.bam.bai",
                "nanopolish/SAMPLE_09.sorted.bam",
                "nanopolish/SAMPLE_09.sorted.bam.bai",
                "nanopolish/SAMPLE_09.trimmed.rg.sorted.bam",
                "nanopolish/SAMPLE_09.trimmed.rg.sorted.bam.bai",
                "nanopolish/bcftools_stats",
                "nanopolish/bcftools_stats/SAMPLE_01.bcftools_stats.txt",
                "nanopolish/bcftools_stats/SAMPLE_02.bcftools_stats.txt",
                "nanopolish/bcftools_stats/SAMPLE_03.bcftools_stats.txt",
                "nanopolish/bcftools_stats/SAMPLE_04.bcftools_stats.txt",
                "nanopolish/bcftools_stats/SAMPLE_05.bcftools_stats.txt",
                "nanopolish/bcftools_stats/SAMPLE_06.bcftools_stats.txt",
                "nanopolish/bcftools_stats/SAMPLE_07.bcftools_stats.txt",
                "nanopolish/bcftools_stats/SAMPLE_08.bcftools_stats.txt",
                "nanopolish/bcftools_stats/SAMPLE_09.bcftools_stats.txt",
                "nanopolish/freyja",
                "nanopolish/freyja/freyja_db",
                "nanopolish/freyja/freyja_db/curated_lineages.json",
                "nanopolish/freyja/freyja_db/lineages.yml",
                "nanopolish/freyja/freyja_db/usher_barcodes.feather",
                "nanopolish/freyja/variants",
                "nanopolish/freyja/variants/SAMPLE_01.depth.tsv",
                "nanopolish/freyja/variants/SAMPLE_01.variants.tsv",
                "nanopolish/freyja/variants/SAMPLE_02.depth.tsv",
                "nanopolish/freyja/variants/SAMPLE_02.variants.tsv",
                "nanopolish/freyja/variants/SAMPLE_03.depth.tsv",
                "nanopolish/freyja/variants/SAMPLE_03.variants.tsv",
                "nanopolish/freyja/variants/SAMPLE_04.depth.tsv",
                "nanopolish/freyja/variants/SAMPLE_04.variants.tsv",
                "nanopolish/freyja/variants/SAMPLE_05.depth.tsv",
                "nanopolish/freyja/variants/SAMPLE_05.variants.tsv",
                "nanopolish/freyja/variants/SAMPLE_06.depth.tsv",
                "nanopolish/freyja/variants/SAMPLE_06.variants.tsv",
                "nanopolish/freyja/variants/SAMPLE_07.depth.tsv",
                "nanopolish/freyja/variants/SAMPLE_07.variants.tsv",
                "nanopolish/freyja/variants/SAMPLE_08.depth.tsv",
                "nanopolish/freyja/variants/SAMPLE_08.variants.tsv",
                "nanopolish/freyja/variants/SAMPLE_09.depth.tsv",
                "nanopolish/freyja/variants/SAMPLE_09.variants.tsv",
                "nanopolish/mosdepth",
                "nanopolish/mosdepth/genome",
                "nanopolish/mosdepth/genome/SAMPLE_01.mosdepth.coverage.pdf",
                "nanopolish/mosdepth/genome/SAMPLE_01.mosdepth.coverage.tsv",
                "nanopolish/mosdepth/genome/SAMPLE_01.mosdepth.summary.txt",
                "nanopolish/mosdepth/genome/SAMPLE_02.mosdepth.coverage.pdf",
                "nanopolish/mosdepth/genome/SAMPLE_02.mosdepth.coverage.tsv",
                "nanopolish/mosdepth/genome/SAMPLE_02.mosdepth.summary.txt",
                "nanopolish/mosdepth/genome/SAMPLE_03.mosdepth.coverage.pdf",
                "nanopolish/mosdepth/genome/SAMPLE_03.mosdepth.coverage.tsv",
                "nanopolish/mosdepth/genome/SAMPLE_03.mosdepth.summary.txt",
                "nanopolish/mosdepth/genome/SAMPLE_04.mosdepth.coverage.pdf",
                "nanopolish/mosdepth/genome/SAMPLE_04.mosdepth.coverage.tsv",
                "nanopolish/mosdepth/genome/SAMPLE_04.mosdepth.summary.txt",
                "nanopolish/mosdepth/genome/SAMPLE_05.mosdepth.coverage.pdf",
                "nanopolish/mosdepth/genome/SAMPLE_05.mosdepth.coverage.tsv",
                "nanopolish/mosdepth/genome/SAMPLE_05.mosdepth.summary.txt",
                "nanopolish/mosdepth/genome/SAMPLE_06.mosdepth.coverage.pdf",
                "nanopolish/mosdepth/genome/SAMPLE_06.mosdepth.coverage.tsv",
                "nanopolish/mosdepth/genome/SAMPLE_06.mosdepth.summary.txt",
                "nanopolish/mosdepth/genome/SAMPLE_07.mosdepth.coverage.pdf",
                "nanopolish/mosdepth/genome/SAMPLE_07.mosdepth.coverage.tsv",
                "nanopolish/mosdepth/genome/SAMPLE_07.mosdepth.summary.txt",
                "nanopolish/mosdepth/genome/SAMPLE_08.mosdepth.coverage.pdf",
                "nanopolish/mosdepth/genome/SAMPLE_08.mosdepth.coverage.tsv",
                "nanopolish/mosdepth/genome/SAMPLE_08.mosdepth.summary.txt",
                "nanopolish/mosdepth/genome/SAMPLE_09.mosdepth.coverage.pdf",
                "nanopolish/mosdepth/genome/SAMPLE_09.mosdepth.coverage.tsv",
                "nanopolish/mosdepth/genome/SAMPLE_09.mosdepth.summary.txt",
                "nanopolish/mosdepth/genome/all_samples.mosdepth.coverage.tsv",
                "nanopolish/nextclade",
                "nanopolish/nextclade/SAMPLE_01.csv",
                "nanopolish/nextclade/SAMPLE_02.csv",
                "nanopolish/nextclade/SAMPLE_03.csv",
                "nanopolish/nextclade/SAMPLE_04.csv",
                "nanopolish/nextclade/SAMPLE_05.csv",
                "nanopolish/nextclade/SAMPLE_06.csv",
                "nanopolish/nextclade/SAMPLE_07.csv",
                "nanopolish/nextclade/SAMPLE_08.csv",
                "nanopolish/nextclade/SAMPLE_09.csv",
                "nanopolish/pangolin",
                "nanopolish/pangolin/SAMPLE_01.pangolin.csv",
                "nanopolish/pangolin/SAMPLE_02.pangolin.csv",
                "nanopolish/pangolin/SAMPLE_03.pangolin.csv",
                "nanopolish/pangolin/SAMPLE_04.pangolin.csv",
                "nanopolish/pangolin/SAMPLE_05.pangolin.csv",
                "nanopolish/pangolin/SAMPLE_06.pangolin.csv",
                "nanopolish/pangolin/SAMPLE_07.pangolin.csv",
                "nanopolish/pangolin/SAMPLE_08.pangolin.csv",
                "nanopolish/pangolin/SAMPLE_09.pangolin.csv",
                "nanopolish/quast",
                "nanopolish/quast/aligned_stats",
                "nanopolish/quast/aligned_stats/NAx_plot.pdf",
                "nanopolish/quast/aligned_stats/NGAx_plot.pdf",
                "nanopolish/quast/aligned_stats/cumulative_plot.pdf",
                "nanopolish/quast/basic_stats",
                "nanopolish/quast/basic_stats/GC_content_plot.pdf",
                "nanopolish/quast/basic_stats/NGx_plot.pdf",
                "nanopolish/quast/basic_stats/Nx_plot.pdf",
                "nanopolish/quast/basic_stats/SAMPLE_01.consensus_GC_content_plot.pdf",
                "nanopolish/quast/basic_stats/SAMPLE_02.consensus_GC_content_plot.pdf",
                "nanopolish/quast/basic_stats/SAMPLE_03.consensus_GC_content_plot.pdf",
                "nanopolish/quast/basic_stats/SAMPLE_04.consensus_GC_content_plot.pdf",
                "nanopolish/quast/basic_stats/SAMPLE_05.consensus_GC_content_plot.pdf",
                "nanopolish/quast/basic_stats/SAMPLE_06.consensus_GC_content_plot.pdf",
                "nanopolish/quast/basic_stats/SAMPLE_07.consensus_GC_content_plot.pdf",
                "nanopolish/quast/basic_stats/SAMPLE_08.consensus_GC_content_plot.pdf",
                "nanopolish/quast/basic_stats/SAMPLE_09.consensus_GC_content_plot.pdf",
                "nanopolish/quast/basic_stats/cumulative_plot.pdf",
                "nanopolish/quast/basic_stats/gc.icarus.txt",
                "nanopolish/quast/contigs_reports",
                "nanopolish/quast/contigs_reports/SAMPLE_01-consensus.mis_contigs.fa",
                "nanopolish/quast/contigs_reports/SAMPLE_01-consensus.misassemblies.gff",
                "nanopolish/quast/contigs_reports/SAMPLE_02-consensus.mis_contigs.fa",
                "nanopolish/quast/contigs_reports/SAMPLE_02-consensus.misassemblies.gff",
                "nanopolish/quast/contigs_reports/SAMPLE_03-consensus.mis_contigs.fa",
                "nanopolish/quast/contigs_reports/SAMPLE_03-consensus.misassemblies.gff",
                "nanopolish/quast/contigs_reports/SAMPLE_04-consensus.mis_contigs.fa",
                "nanopolish/quast/contigs_reports/SAMPLE_04-consensus.misassemblies.gff",
                "nanopolish/quast/contigs_reports/SAMPLE_05-consensus.mis_contigs.fa",
                "nanopolish/quast/contigs_reports/SAMPLE_05-consensus.misassemblies.gff",
                "nanopolish/quast/contigs_reports/SAMPLE_06-consensus.mis_contigs.fa",
                "nanopolish/quast/contigs_reports/SAMPLE_06-consensus.misassemblies.gff",
                "nanopolish/quast/contigs_reports/SAMPLE_07-consensus.mis_contigs.fa",
                "nanopolish/quast/contigs_reports/SAMPLE_07-consensus.misassemblies.gff",
                "nanopolish/quast/contigs_reports/SAMPLE_08-consensus.misassemblies.gff",
                "nanopolish/quast/contigs_reports/SAMPLE_09-consensus.mis_contigs.fa",
                "nanopolish/quast/contigs_reports/SAMPLE_09-consensus.misassemblies.gff",
                "nanopolish/quast/contigs_reports/all_alignments_SAMPLE_01-consensus.tsv",
                "nanopolish/quast/contigs_reports/all_alignments_SAMPLE_02-consensus.tsv",
                "nanopolish/quast/contigs_reports/all_alignments_SAMPLE_03-consensus.tsv",
                "nanopolish/quast/contigs_reports/all_alignments_SAMPLE_04-consensus.tsv",
                "nanopolish/quast/contigs_reports/all_alignments_SAMPLE_05-consensus.tsv",
                "nanopolish/quast/contigs_reports/all_alignments_SAMPLE_06-consensus.tsv",
                "nanopolish/quast/contigs_reports/all_alignments_SAMPLE_07-consensus.tsv",
                "nanopolish/quast/contigs_reports/all_alignments_SAMPLE_08-consensus.tsv",
                "nanopolish/quast/contigs_reports/all_alignments_SAMPLE_09-consensus.tsv",
                "nanopolish/quast/contigs_reports/contigs_report_SAMPLE_01-consensus.mis_contigs.info",
                "nanopolish/quast/contigs_reports/contigs_report_SAMPLE_01-consensus.stderr",
                "nanopolish/quast/contigs_reports/contigs_report_SAMPLE_01-consensus.stdout",
                "nanopolish/quast/contigs_reports/contigs_report_SAMPLE_01-consensus.unaligned.info",
                "nanopolish/quast/contigs_reports/contigs_report_SAMPLE_02-consensus.mis_contigs.info",
                "nanopolish/quast/contigs_reports/contigs_report_SAMPLE_02-consensus.stderr",
                "nanopolish/quast/contigs_reports/contigs_report_SAMPLE_02-consensus.stdout",
                "nanopolish/quast/contigs_reports/contigs_report_SAMPLE_02-consensus.unaligned.info",
                "nanopolish/quast/contigs_reports/contigs_report_SAMPLE_03-consensus.mis_contigs.info",
                "nanopolish/quast/contigs_reports/contigs_report_SAMPLE_03-consensus.stderr",
                "nanopolish/quast/contigs_reports/contigs_report_SAMPLE_03-consensus.stdout",
                "nanopolish/quast/contigs_reports/contigs_report_SAMPLE_03-consensus.unaligned.info",
                "nanopolish/quast/contigs_reports/contigs_report_SAMPLE_04-consensus.mis_contigs.info",
                "nanopolish/quast/contigs_reports/contigs_report_SAMPLE_04-consensus.stderr",
                "nanopolish/quast/contigs_reports/contigs_report_SAMPLE_04-consensus.stdout",
                "nanopolish/quast/contigs_reports/contigs_report_SAMPLE_04-consensus.unaligned.info",
                "nanopolish/quast/contigs_reports/contigs_report_SAMPLE_05-consensus.mis_contigs.info",
                "nanopolish/quast/contigs_reports/contigs_report_SAMPLE_05-consensus.stderr",
                "nanopolish/quast/contigs_reports/contigs_report_SAMPLE_05-consensus.stdout",
                "nanopolish/quast/contigs_reports/contigs_report_SAMPLE_05-consensus.unaligned.info",
                "nanopolish/quast/contigs_reports/contigs_report_SAMPLE_06-consensus.mis_contigs.info",
                "nanopolish/quast/contigs_reports/contigs_report_SAMPLE_06-consensus.stderr",
                "nanopolish/quast/contigs_reports/contigs_report_SAMPLE_06-consensus.stdout",
                "nanopolish/quast/contigs_reports/contigs_report_SAMPLE_06-consensus.unaligned.info",
                "nanopolish/quast/contigs_reports/contigs_report_SAMPLE_07-consensus.mis_contigs.info",
                "nanopolish/quast/contigs_reports/contigs_report_SAMPLE_07-consensus.stderr",
                "nanopolish/quast/contigs_reports/contigs_report_SAMPLE_07-consensus.stdout",
                "nanopolish/quast/contigs_reports/contigs_report_SAMPLE_07-consensus.unaligned.info",
                "nanopolish/quast/contigs_reports/contigs_report_SAMPLE_08-consensus.mis_contigs.info",
                "nanopolish/quast/contigs_reports/contigs_report_SAMPLE_08-consensus.stderr",
                "nanopolish/quast/contigs_reports/contigs_report_SAMPLE_08-consensus.stdout",
                "nanopolish/quast/contigs_reports/contigs_report_SAMPLE_09-consensus.mis_contigs.info",
                "nanopolish/quast/contigs_reports/contigs_report_SAMPLE_09-consensus.stderr",
                "nanopolish/quast/contigs_reports/contigs_report_SAMPLE_09-consensus.stdout",
                "nanopolish/quast/contigs_reports/contigs_report_SAMPLE_09-consensus.unaligned.info",
                "nanopolish/quast/contigs_reports/minimap_output",
                "nanopolish/quast/contigs_reports/minimap_output/SAMPLE_01-consensus.coords",
                "nanopolish/quast/contigs_reports/minimap_output/SAMPLE_01-consensus.coords.filtered",
                "nanopolish/quast/contigs_reports/minimap_output/SAMPLE_01-consensus.coords_tmp",
                "nanopolish/quast/contigs_reports/minimap_output/SAMPLE_01-consensus.sf",
                "nanopolish/quast/contigs_reports/minimap_output/SAMPLE_01-consensus.unaligned",
                "nanopolish/quast/contigs_reports/minimap_output/SAMPLE_01-consensus.used_snps",
                "nanopolish/quast/contigs_reports/minimap_output/SAMPLE_02-consensus.coords",
                "nanopolish/quast/contigs_reports/minimap_output/SAMPLE_02-consensus.coords.filtered",
                "nanopolish/quast/contigs_reports/minimap_output/SAMPLE_02-consensus.coords_tmp",
                "nanopolish/quast/contigs_reports/minimap_output/SAMPLE_02-consensus.sf",
                "nanopolish/quast/contigs_reports/minimap_output/SAMPLE_02-consensus.unaligned",
                "nanopolish/quast/contigs_reports/minimap_output/SAMPLE_02-consensus.used_snps",
                "nanopolish/quast/contigs_reports/minimap_output/SAMPLE_03-consensus.coords",
                "nanopolish/quast/contigs_reports/minimap_output/SAMPLE_03-consensus.coords.filtered",
                "nanopolish/quast/contigs_reports/minimap_output/SAMPLE_03-consensus.coords_tmp",
                "nanopolish/quast/contigs_reports/minimap_output/SAMPLE_03-consensus.sf",
                "nanopolish/quast/contigs_reports/minimap_output/SAMPLE_03-consensus.unaligned",
                "nanopolish/quast/contigs_reports/minimap_output/SAMPLE_03-consensus.used_snps",
                "nanopolish/quast/contigs_reports/minimap_output/SAMPLE_04-consensus.coords",
                "nanopolish/quast/contigs_reports/minimap_output/SAMPLE_04-consensus.coords.filtered",
                "nanopolish/quast/contigs_reports/minimap_output/SAMPLE_04-consensus.coords_tmp",
                "nanopolish/quast/contigs_reports/minimap_output/SAMPLE_04-consensus.sf",
                "nanopolish/quast/contigs_reports/minimap_output/SAMPLE_04-consensus.unaligned",
                "nanopolish/quast/contigs_reports/minimap_output/SAMPLE_04-consensus.used_snps",
                "nanopolish/quast/contigs_reports/minimap_output/SAMPLE_05-consensus.coords",
                "nanopolish/quast/contigs_reports/minimap_output/SAMPLE_05-consensus.coords.filtered",
                "nanopolish/quast/contigs_reports/minimap_output/SAMPLE_05-consensus.coords_tmp",
                "nanopolish/quast/contigs_reports/minimap_output/SAMPLE_05-consensus.sf",
                "nanopolish/quast/contigs_reports/minimap_output/SAMPLE_05-consensus.unaligned",
                "nanopolish/quast/contigs_reports/minimap_output/SAMPLE_05-consensus.used_snps",
                "nanopolish/quast/contigs_reports/minimap_output/SAMPLE_06-consensus.coords",
                "nanopolish/quast/contigs_reports/minimap_output/SAMPLE_06-consensus.coords.filtered",
                "nanopolish/quast/contigs_reports/minimap_output/SAMPLE_06-consensus.coords_tmp",
                "nanopolish/quast/contigs_reports/minimap_output/SAMPLE_06-consensus.sf",
                "nanopolish/quast/contigs_reports/minimap_output/SAMPLE_06-consensus.unaligned",
                "nanopolish/quast/contigs_reports/minimap_output/SAMPLE_06-consensus.used_snps",
                "nanopolish/quast/contigs_reports/minimap_output/SAMPLE_07-consensus.coords",
                "nanopolish/quast/contigs_reports/minimap_output/SAMPLE_07-consensus.coords.filtered",
                "nanopolish/quast/contigs_reports/minimap_output/SAMPLE_07-consensus.coords_tmp",
                "nanopolish/quast/contigs_reports/minimap_output/SAMPLE_07-consensus.sf",
                "nanopolish/quast/contigs_reports/minimap_output/SAMPLE_07-consensus.unaligned",
                "nanopolish/quast/contigs_reports/minimap_output/SAMPLE_07-consensus.used_snps",
                "nanopolish/quast/contigs_reports/minimap_output/SAMPLE_08-consensus.coords_tmp",
                "nanopolish/quast/contigs_reports/minimap_output/SAMPLE_09-consensus.coords",
                "nanopolish/quast/contigs_reports/minimap_output/SAMPLE_09-consensus.coords.filtered",
                "nanopolish/quast/contigs_reports/minimap_output/SAMPLE_09-consensus.coords_tmp",
                "nanopolish/quast/contigs_reports/minimap_output/SAMPLE_09-consensus.sf",
                "nanopolish/quast/contigs_reports/minimap_output/SAMPLE_09-consensus.unaligned",
                "nanopolish/quast/contigs_reports/minimap_output/SAMPLE_09-consensus.used_snps",
                "nanopolish/quast/contigs_reports/misassemblies_frcurve_plot.pdf",
                "nanopolish/quast/contigs_reports/misassemblies_plot.pdf",
                "nanopolish/quast/contigs_reports/misassemblies_report.tex",
                "nanopolish/quast/contigs_reports/misassemblies_report.tsv",
                "nanopolish/quast/contigs_reports/misassemblies_report.txt",
                "nanopolish/quast/contigs_reports/transposed_report_misassemblies.tex",
                "nanopolish/quast/contigs_reports/transposed_report_misassemblies.tsv",
                "nanopolish/quast/contigs_reports/transposed_report_misassemblies.txt",
                "nanopolish/quast/contigs_reports/unaligned_report.tex",
                "nanopolish/quast/contigs_reports/unaligned_report.tsv",
                "nanopolish/quast/contigs_reports/unaligned_report.txt",
                "nanopolish/quast/genome_stats",
                "nanopolish/quast/genome_stats/SAMPLE_01-consensus_gaps.txt",
                "nanopolish/quast/genome_stats/SAMPLE_01-consensus_genomic_features_any.txt",
                "nanopolish/quast/genome_stats/SAMPLE_02-consensus_gaps.txt",
                "nanopolish/quast/genome_stats/SAMPLE_02-consensus_genomic_features_any.txt",
                "nanopolish/quast/genome_stats/SAMPLE_03-consensus_gaps.txt",
                "nanopolish/quast/genome_stats/SAMPLE_03-consensus_genomic_features_any.txt",
                "nanopolish/quast/genome_stats/SAMPLE_04-consensus_gaps.txt",
                "nanopolish/quast/genome_stats/SAMPLE_04-consensus_genomic_features_any.txt",
                "nanopolish/quast/genome_stats/SAMPLE_05-consensus_gaps.txt",
                "nanopolish/quast/genome_stats/SAMPLE_05-consensus_genomic_features_any.txt",
                "nanopolish/quast/genome_stats/SAMPLE_06-consensus_gaps.txt",
                "nanopolish/quast/genome_stats/SAMPLE_06-consensus_genomic_features_any.txt",
                "nanopolish/quast/genome_stats/SAMPLE_07-consensus_gaps.txt",
                "nanopolish/quast/genome_stats/SAMPLE_07-consensus_genomic_features_any.txt",
                "nanopolish/quast/genome_stats/SAMPLE_09-consensus_gaps.txt",
                "nanopolish/quast/genome_stats/SAMPLE_09-consensus_genomic_features_any.txt",
                "nanopolish/quast/genome_stats/complete_features_histogram.pdf",
                "nanopolish/quast/genome_stats/features_cumulative_plot.pdf",
                "nanopolish/quast/genome_stats/features_frcurve_plot.pdf",
                "nanopolish/quast/genome_stats/genome_fraction_histogram.pdf",
                "nanopolish/quast/genome_stats/genome_info.txt",
                "nanopolish/quast/icarus.html",
                "nanopolish/quast/icarus_viewers",
                "nanopolish/quast/icarus_viewers/alignment_viewer.html",
                "nanopolish/quast/icarus_viewers/contig_size_viewer.html",
                "nanopolish/quast/quast.log",
                "nanopolish/quast/report.html",
                "nanopolish/quast/report.pdf",
                "nanopolish/quast/report.tex",
                "nanopolish/quast/report.tsv",
                "nanopolish/quast/report.txt",
                "nanopolish/quast/transposed_report.tex",
                "nanopolish/quast/transposed_report.tsv",
                "nanopolish/quast/transposed_report.txt",
                "nanopolish/samtools_stats",
                "nanopolish/samtools_stats/SAMPLE_01.mapped.sorted.bam.flagstat",
                "nanopolish/samtools_stats/SAMPLE_01.mapped.sorted.bam.idxstats",
                "nanopolish/samtools_stats/SAMPLE_01.mapped.sorted.bam.stats",
                "nanopolish/samtools_stats/SAMPLE_02.mapped.sorted.bam.flagstat",
                "nanopolish/samtools_stats/SAMPLE_02.mapped.sorted.bam.idxstats",
                "nanopolish/samtools_stats/SAMPLE_02.mapped.sorted.bam.stats",
                "nanopolish/samtools_stats/SAMPLE_03.mapped.sorted.bam.flagstat",
                "nanopolish/samtools_stats/SAMPLE_03.mapped.sorted.bam.idxstats",
                "nanopolish/samtools_stats/SAMPLE_03.mapped.sorted.bam.stats",
                "nanopolish/samtools_stats/SAMPLE_04.mapped.sorted.bam.flagstat",
                "nanopolish/samtools_stats/SAMPLE_04.mapped.sorted.bam.idxstats",
                "nanopolish/samtools_stats/SAMPLE_04.mapped.sorted.bam.stats",
                "nanopolish/samtools_stats/SAMPLE_05.mapped.sorted.bam.flagstat",
                "nanopolish/samtools_stats/SAMPLE_05.mapped.sorted.bam.idxstats",
                "nanopolish/samtools_stats/SAMPLE_05.mapped.sorted.bam.stats",
                "nanopolish/samtools_stats/SAMPLE_06.mapped.sorted.bam.flagstat",
                "nanopolish/samtools_stats/SAMPLE_06.mapped.sorted.bam.idxstats",
                "nanopolish/samtools_stats/SAMPLE_06.mapped.sorted.bam.stats",
                "nanopolish/samtools_stats/SAMPLE_07.mapped.sorted.bam.flagstat",
                "nanopolish/samtools_stats/SAMPLE_07.mapped.sorted.bam.idxstats",
                "nanopolish/samtools_stats/SAMPLE_07.mapped.sorted.bam.stats",
                "nanopolish/samtools_stats/SAMPLE_08.mapped.sorted.bam.flagstat",
                "nanopolish/samtools_stats/SAMPLE_08.mapped.sorted.bam.idxstats",
                "nanopolish/samtools_stats/SAMPLE_08.mapped.sorted.bam.stats",
                "nanopolish/samtools_stats/SAMPLE_09.mapped.sorted.bam.flagstat",
                "nanopolish/samtools_stats/SAMPLE_09.mapped.sorted.bam.idxstats",
                "nanopolish/samtools_stats/SAMPLE_09.mapped.sorted.bam.stats",
                "nanopolish/snpeff",
                "nanopolish/snpeff/SAMPLE_01.snpeff.csv",
                "nanopolish/snpeff/SAMPLE_01.snpeff.genes.txt",
                "nanopolish/snpeff/SAMPLE_01.snpeff.summary.html",
                "nanopolish/snpeff/SAMPLE_01.snpeff.vcf.gz",
                "nanopolish/snpeff/SAMPLE_01.snpeff.vcf.gz.tbi",
                "nanopolish/snpeff/SAMPLE_01.snpsift.txt",
                "nanopolish/snpeff/SAMPLE_02.snpeff.csv",
                "nanopolish/snpeff/SAMPLE_02.snpeff.genes.txt",
                "nanopolish/snpeff/SAMPLE_02.snpeff.summary.html",
                "nanopolish/snpeff/SAMPLE_02.snpeff.vcf.gz",
                "nanopolish/snpeff/SAMPLE_02.snpeff.vcf.gz.tbi",
                "nanopolish/snpeff/SAMPLE_02.snpsift.txt",
                "nanopolish/snpeff/SAMPLE_03.snpeff.csv",
                "nanopolish/snpeff/SAMPLE_03.snpeff.genes.txt",
                "nanopolish/snpeff/SAMPLE_03.snpeff.summary.html",
                "nanopolish/snpeff/SAMPLE_03.snpeff.vcf.gz",
                "nanopolish/snpeff/SAMPLE_03.snpeff.vcf.gz.tbi",
                "nanopolish/snpeff/SAMPLE_03.snpsift.txt",
                "nanopolish/snpeff/SAMPLE_04.snpeff.csv",
                "nanopolish/snpeff/SAMPLE_04.snpeff.genes.txt",
                "nanopolish/snpeff/SAMPLE_04.snpeff.summary.html",
                "nanopolish/snpeff/SAMPLE_04.snpeff.vcf.gz",
                "nanopolish/snpeff/SAMPLE_04.snpeff.vcf.gz.tbi",
                "nanopolish/snpeff/SAMPLE_04.snpsift.txt",
                "nanopolish/snpeff/SAMPLE_05.snpeff.csv",
                "nanopolish/snpeff/SAMPLE_05.snpeff.genes.txt",
                "nanopolish/snpeff/SAMPLE_05.snpeff.summary.html",
                "nanopolish/snpeff/SAMPLE_05.snpeff.vcf.gz",
                "nanopolish/snpeff/SAMPLE_05.snpeff.vcf.gz.tbi",
                "nanopolish/snpeff/SAMPLE_05.snpsift.txt",
                "nanopolish/snpeff/SAMPLE_06.snpeff.csv",
                "nanopolish/snpeff/SAMPLE_06.snpeff.genes.txt",
                "nanopolish/snpeff/SAMPLE_06.snpeff.summary.html",
                "nanopolish/snpeff/SAMPLE_06.snpeff.vcf.gz",
                "nanopolish/snpeff/SAMPLE_06.snpeff.vcf.gz.tbi",
                "nanopolish/snpeff/SAMPLE_06.snpsift.txt",
                "nanopolish/snpeff/SAMPLE_07.snpeff.csv",
                "nanopolish/snpeff/SAMPLE_07.snpeff.genes.txt",
                "nanopolish/snpeff/SAMPLE_07.snpeff.summary.html",
                "nanopolish/snpeff/SAMPLE_07.snpeff.vcf.gz",
                "nanopolish/snpeff/SAMPLE_07.snpeff.vcf.gz.tbi",
                "nanopolish/snpeff/SAMPLE_07.snpsift.txt",
                "nanopolish/snpeff/SAMPLE_08.snpeff.csv",
                "nanopolish/snpeff/SAMPLE_08.snpeff.genes.txt",
                "nanopolish/snpeff/SAMPLE_08.snpeff.summary.html",
                "nanopolish/snpeff/SAMPLE_08.snpeff.vcf.gz",
                "nanopolish/snpeff/SAMPLE_08.snpeff.vcf.gz.tbi",
                "nanopolish/snpeff/SAMPLE_08.snpsift.txt",
                "nanopolish/snpeff/SAMPLE_09.snpeff.csv",
                "nanopolish/snpeff/SAMPLE_09.snpeff.genes.txt",
                "nanopolish/snpeff/SAMPLE_09.snpeff.summary.html",
                "nanopolish/snpeff/SAMPLE_09.snpeff.vcf.gz",
                "nanopolish/snpeff/SAMPLE_09.snpeff.vcf.gz.tbi",
                "nanopolish/snpeff/SAMPLE_09.snpsift.txt",
                "nanopolish/snpeff/bcftools_stats",
                "nanopolish/snpeff/bcftools_stats/SAMPLE_01.snpeff.bcftools_stats.txt",
                "nanopolish/snpeff/bcftools_stats/SAMPLE_02.snpeff.bcftools_stats.txt",
                "nanopolish/snpeff/bcftools_stats/SAMPLE_03.snpeff.bcftools_stats.txt",
                "nanopolish/snpeff/bcftools_stats/SAMPLE_04.snpeff.bcftools_stats.txt",
                "nanopolish/snpeff/bcftools_stats/SAMPLE_05.snpeff.bcftools_stats.txt",
                "nanopolish/snpeff/bcftools_stats/SAMPLE_06.snpeff.bcftools_stats.txt",
                "nanopolish/snpeff/bcftools_stats/SAMPLE_07.snpeff.bcftools_stats.txt",
                "nanopolish/snpeff/bcftools_stats/SAMPLE_08.snpeff.bcftools_stats.txt",
                "nanopolish/snpeff/bcftools_stats/SAMPLE_09.snpeff.bcftools_stats.txt",
                "nanopolish/variants_long_table.csv",
                "pangolin",
                "pangolin/pangolin_db",
                "pangolin/pangolin_db/bin",
                "pangolin/pangolin_db/bin/pangolin_data",
                "pangolin/pangolin_db/pangolin_data",
                "pangolin/pangolin_db/pangolin_data-1.35.dist-info",
                "pangolin/pangolin_db/pangolin_data-1.35.dist-info/INSTALLER",
                "pangolin/pangolin_db/pangolin_data-1.35.dist-info/LICENSE",
                "pangolin/pangolin_db/pangolin_data-1.35.dist-info/METADATA",
                "pangolin/pangolin_db/pangolin_data-1.35.dist-info/RECORD",
                "pangolin/pangolin_db/pangolin_data-1.35.dist-info/REQUESTED",
                "pangolin/pangolin_db/pangolin_data-1.35.dist-info/WHEEL",
                "pangolin/pangolin_db/pangolin_data-1.35.dist-info/direct_url.json",
                "pangolin/pangolin_db/pangolin_data-1.35.dist-info/entry_points.txt",
                "pangolin/pangolin_db/pangolin_data-1.35.dist-info/top_level.txt",
                "pangolin/pangolin_db/pangolin_data/__init__.py",
                "pangolin/pangolin_db/pangolin_data/__pycache__",
                "pangolin/pangolin_db/pangolin_data/__pycache__/__init__.cpython-311.pyc",
                "pangolin/pangolin_db/pangolin_data/data",
                "pangolin/pangolin_db/pangolin_data/data/alias_key.json",
                "pangolin/pangolin_db/pangolin_data/data/lineageTree.pb",
                "pangolin/pangolin_db/pangolin_data/data/lineages.hash.csv",
                "pipeline_info",
                "pipeline_info/nf_core_viralrecon_software_mqc_versions.yml",
                "pycoqc",
                "pycoqc/pycoqc.html",
                "pycoqc/pycoqc.json",
                "variants",
                "variants/freyja",
                "variants/freyja/demix",
                "variants/freyja/demix/SAMPLE_01.tsv",
                "variants/freyja/demix/SAMPLE_02.tsv",
                "variants/freyja/demix/SAMPLE_03.tsv",
                "variants/freyja/demix/SAMPLE_04.tsv",
                "variants/freyja/demix/SAMPLE_05.tsv",
                "variants/freyja/demix/SAMPLE_06.tsv",
                "variants/freyja/demix/SAMPLE_07.tsv",
                "variants/freyja/demix/SAMPLE_08.tsv",
                "variants/freyja/demix/SAMPLE_09.tsv"
            ],
            [
                "SAMPLE_01.classified.fastq.gz:md5,d41d8cd98f00b204e9800998ecf8427e",
                "SAMPLE_01.kraken2.report.txt:md5,ec1112bfa4599c30c8cfc1e2e711f002",
                "SAMPLE_02.classified.fastq.gz:md5,d41d8cd98f00b204e9800998ecf8427e",
                "SAMPLE_02.kraken2.report.txt:md5,be7d05f90dd391075a63eb9ce3edfe7b",
                "SAMPLE_03.classified.fastq.gz:md5,adc593ee15ff7337bdca4b562568cc3c",
                "SAMPLE_03.kraken2.report.txt:md5,7c475f9a4564d0b988c30843c78b430f",
                "SAMPLE_04.classified.fastq.gz:md5,466cb954b4277aace0451fbc4390fcc4",
                "SAMPLE_04.kraken2.report.txt:md5,9ecf95124d03be78163d97dcb635b86a",
                "SAMPLE_05.classified.fastq.gz:md5,d41d8cd98f00b204e9800998ecf8427e",
                "SAMPLE_05.kraken2.report.txt:md5,0ccb07f581b03cac7234557c33a155bc",
                "SAMPLE_06.classified.fastq.gz:md5,d41d8cd98f00b204e9800998ecf8427e",
                "SAMPLE_06.kraken2.report.txt:md5,d5af1cddf28dc10dfc4618f270408bbf",
                "SAMPLE_07.classified.fastq.gz:md5,ce523d8e79571fcd50be1af7493ac2ee",
                "SAMPLE_07.kraken2.report.txt:md5,2be78a4ac54d7cc035d34974bcbf1cf0",
                "SAMPLE_08.classified.fastq.gz:md5,281237c24a496ef70a8e13b53045d126",
                "SAMPLE_08.kraken2.report.txt:md5,1f7148d88723e60ddec21d17f966b904",
                "SAMPLE_09.classified.fastq.gz:md5,d41d8cd98f00b204e9800998ecf8427e",
                "SAMPLE_09.kraken2.report.txt:md5,5d7c578112c660554dec778e47f22f7d",
                "bcftools-stats-subtypes.yaml:md5,67faa114ec35de05986bcefca61f7e71",
                "bcftools_stats_indel-lengths.yaml:md5,21579f6cb03aed1fab08c05fb049c09d",
                "mosdepth-coverage-per-contig-single.yaml:md5,557063a34db897b3be4a25c3cb7614c1",
                "mosdepth-cumcoverage-dist-id.yaml:md5,119d386570c9390b9408e1ce172d3b73",
                "mosdepth_cov_dist.yaml:md5,6bedc8e9aad3de4381a030c241ce8d62",
                "mosdepth_cumcov_dist.yaml:md5,6bedc8e9aad3de4381a030c241ce8d62",
                "mosdepth_perchrom.yaml:md5,f52b8b86d7a6a1892ed03616aeae54fb",
                "multiqc_bcftools_stats.yaml:md5,6a1fd0fa9cda42dd091215ca0171fdc6",
                "multiqc_citations.yaml:md5,13bee1af7a93081e2ecc7d8912920309",
                "multiqc_fail_no_barcode_samples_table.yaml:md5,a2068fd5931030a8d949a29c63c3fadf",
                "multiqc_nextclade_clade.yaml:md5,cf5a1379e07f4414d64414738dfd2b16",
                "multiqc_pangolin.yaml:md5,6f0ac6ab7d6146be486082ed148aba24",
                "multiqc_samtools_flagstat.yaml:md5,0524abedf22337453c85762fef149369",
                "multiqc_snpeff.yaml:md5,5e917c3b5321921dce9ce3bb9a781738",
                "multiqc_summary_variants_metrics_plot_table.yaml:md5,a291d7a9642cba738cc129d2b3dffd1b",
                "pangolin_run_table.yaml:md5,01e942d0eefeb6b05e8468b315eb24d1",
                "pycoqc_count_plot_Bases.yaml:md5,7d2db959e6f191000642d17d29326b1e",
                "pycoqc_count_plot_Reads.yaml:md5,647ee3cee55375c44fffb6887e8a38a1",
                "pycoqc_read_len_plot_All_Reads.yaml:md5,25dbe435a18dd5f381b23ed3983d6506",
                "pycoqc_read_len_plot_Passing_Reads.yaml:md5,1c7bff14281d9a2c04be6d3ecf20834a",
                "pycoqc_read_qual_plot_All_Reads.yaml:md5,d92652d2904064e6835488fe87bc0922",
                "pycoqc_read_qual_plot_Passing_Reads.yaml:md5,eae65614a7ec2df719b2f4d51574829f",
                "pycoqc_stats_table.yaml:md5,7e91d1025c519911af28386064444b9a",
                "snpeff_effects.yaml:md5,cdbace7c6a2df8110eeb7be620c4ea3b",
                "snpeff_variant_effects_class.yaml:md5,a390051d50c365385f73c5fd4fd0f308",
                "snpeff_variant_effects_impact.yaml:md5,3a5795514362040257b3cbf2f4ca09b4",
                "snpeff_variant_effects_region.yaml:md5,09af51089da122ec327d69815764d33c",
                "NanoStats.txt:md5,b676164487423d40aef4b24e921792a8",
                "NanoStats.txt:md5,e2d2a7890875475f6d0289c0fd364756",
                "NanoStats.txt:md5,8b19260f2bd107b0996ddad3e6e026d8",
                "NanoStats.txt:md5,b6250725afb1f9220367ac08d3f5c317",
                "NanoStats.txt:md5,8ab1a00b0490b131032f1ed20c327528",
                "NanoStats.txt:md5,5d2b479969f60405662e7157eec6a65e",
                "NanoStats.txt:md5,8b2b49335f44affef5c15eb9546a4232",
                "NanoStats.txt:md5,9732b387e8eeec7487d42332a3f17cab",
                "NanoStats.txt:md5,dcbc3ab665e64bf46a17cd890cd88df9",
                "SAMPLE_01.consensus.fasta:md5,49fdfc0c3d0a3234c689a065f8ef136e",
                "SAMPLE_02.consensus.fasta:md5,d4e08452007ffd48dde872d168468b27",
                "SAMPLE_03.consensus.fasta:md5,67e1e640c1f55170b06551edd27f20a4",
                "SAMPLE_04.consensus.fasta:md5,5eed0bd29330fcc72263e1f44cae79f8",
                "SAMPLE_05.consensus.fasta:md5,fdf8f00a194334f78f70a9b6bf93cfbe",
                "SAMPLE_06.consensus.fasta:md5,130acaa826ff16b91d00ef796ead5e98",
                "SAMPLE_07.consensus.fasta:md5,892ee83bf4d8fa63ed7b3fecec9260e7",
                "SAMPLE_08.consensus.fasta:md5,33a00f917b949b8876875a93ecff419c",
                "SAMPLE_09.consensus.fasta:md5,1eebd184ca35ff709c93f33a7f0bac92",
                "SAMPLE_01.mosdepth.coverage.tsv:md5,7e71668b17aa9a4e3e725dde54fbc770",
                "SAMPLE_02.mosdepth.coverage.tsv:md5,e839cdec5c478b1d70becf49e7017284",
                "SAMPLE_03.mosdepth.coverage.tsv:md5,d0eaf7259b39cb46e6707d45b3c5d067",
                "SAMPLE_04.mosdepth.coverage.tsv:md5,569647620ed2ce4568a61bfb7873fd0a",
                "SAMPLE_05.mosdepth.coverage.tsv:md5,b436292d6572ce5ce412004739ce9297",
                "SAMPLE_06.mosdepth.coverage.tsv:md5,02ce79c6f767e52dcfb8000252301a56",
                "SAMPLE_07.mosdepth.coverage.tsv:md5,afe7848c946967ba5b2c964db548b58f",
                "SAMPLE_08.mosdepth.coverage.tsv:md5,a0d02c98b607b98718830b7932f9e5d6",
                "SAMPLE_09.mosdepth.coverage.tsv:md5,8927f809e53b14c8db0896a3466df8cb",
                "SAMPLE_01.mapped.sorted.bam.flagstat:md5,9573b991e1cdbe9611629b7b0b8421f8",
                "SAMPLE_01.mapped.sorted.bam.idxstats:md5,98b56a8efa1ce26c56e8151d7ee8c409",
                "SAMPLE_01.mapped.sorted.bam.stats:md5,a26234010f8dafd635b1bef0ff5ce3a8",
                "SAMPLE_02.mapped.sorted.bam.flagstat:md5,e13e7cf047869e7fa3947d09824d5679",
                "SAMPLE_02.mapped.sorted.bam.idxstats:md5,facf4995ba14ae521edecb3a34423eb1",
                "SAMPLE_02.mapped.sorted.bam.stats:md5,20ddfa492af46e9d602d4c8481df16f1",
                "SAMPLE_03.mapped.sorted.bam.flagstat:md5,0a1fd66c6f4d333a3db38a83a656bf0b",
                "SAMPLE_03.mapped.sorted.bam.idxstats:md5,a71bc353b634ef7e98004beb949ef9b4",
                "SAMPLE_03.mapped.sorted.bam.stats:md5,4c2c5abf4ba7ecc5fba98b6719b6c937",
                "SAMPLE_04.mapped.sorted.bam.flagstat:md5,40e8ab032fa5866ee7863a571d50d6b8",
                "SAMPLE_04.mapped.sorted.bam.idxstats:md5,df01d54f22e47d2ff5af4fd733daf672",
                "SAMPLE_04.mapped.sorted.bam.stats:md5,7aace8d33eb4d953f1adc4c5a6b85d6d",
                "SAMPLE_05.mapped.sorted.bam.flagstat:md5,0ae9a8a6deae8e378c7559d6cd90db7f",
                "SAMPLE_05.mapped.sorted.bam.idxstats:md5,33eff4424cada7f250704f3627194d65",
                "SAMPLE_05.mapped.sorted.bam.stats:md5,3bf645bb9de9cea9c5fe2c4833f773fd",
                "SAMPLE_06.mapped.sorted.bam.flagstat:md5,97b44059a2ba8e3ed9da6fbee747a1f2",
                "SAMPLE_06.mapped.sorted.bam.idxstats:md5,2849c083adcd0867b05e99e1af6b54aa",
                "SAMPLE_06.mapped.sorted.bam.stats:md5,178cdb6efa81bec5ad5a90d20acf24ed",
                "SAMPLE_07.mapped.sorted.bam.flagstat:md5,034a82f1d6f78cc7cd5ef957c5363585",
                "SAMPLE_07.mapped.sorted.bam.idxstats:md5,fe6867b6e2df3a1cf374838fa1936e3a",
                "SAMPLE_07.mapped.sorted.bam.stats:md5,5cf1fa56dc1ca923c311861f6c55af0b",
                "SAMPLE_08.mapped.sorted.bam.flagstat:md5,318c174f2e51b2cda25c1ff2baa17b2d",
                "SAMPLE_08.mapped.sorted.bam.idxstats:md5,1f6640accb07f184d74a17567677d4bf",
                "SAMPLE_08.mapped.sorted.bam.stats:md5,da5b2cbb418535d271df91709f647242",
                "SAMPLE_09.mapped.sorted.bam.flagstat:md5,747467968f020d74d4d126ba5ff6468e",
                "SAMPLE_09.mapped.sorted.bam.idxstats:md5,1297500e3064a15d55ccf1f1d74aeab4",
                "SAMPLE_09.mapped.sorted.bam.stats:md5,4952bce5a035198d8b3aa59eea97b292"
            ]
        ],
        "meta": {
            "nf-test": "0.9.2",
            "nextflow": "25.04.6"
        },
        "timestamp": "2025-10-01T14:06:23.150001367"
    }
}