{
    "-profile test_sispa": {
        "content": [
            204,
            {
                "ABACAS": {
                    "abacas": "1.3.1"
                },
                "BANDAGE_IMAGE": {
                    "bandage": "0.9.0"
                },
                "BCFTOOLS_CONSENSUS": {
                    "bcftools": 1.21
                },
                "BCFTOOLS_FILTER": {
                    "bcftools": 1.21
                },
                "BCFTOOLS_MPILEUP": {
                    "bcftools": 1.21
                },
                "BCFTOOLS_NORM": {
                    "bcftools": 1.21
                },
                "BCFTOOLS_QUERY": {
                    "bcftools": 1.21
                },
                "BCFTOOLS_STATS": {
                    "bcftools": 1.21
                },
                "BEDTOOLS_MASKFASTA": {
                    "bedtools": "2.31.1"
                },
                "BEDTOOLS_MERGE": {
                    "bedtools": "2.31.1"
                },
                "BLAST_BLASTN": {
                    "blast": "2.16.0+"
                },
                "BLAST_MAKEBLASTDB": {
                    "blast": "2.16.0+"
                },
                "BOWTIE2_ALIGN": {
                    "bowtie2": "2.5.4",
                    "samtools": 1.21,
                    "pigz": 2.8
                },
                "BOWTIE2_BUILD": {
                    "bowtie2": "2.5.4"
                },
                "CAT_FASTQ": {
                    "cat": 9.5
                },
                "CUSTOM_GETCHROMSIZES": {
                    "getchromsizes": 1.21
                },
                "FASTP": {
                    "fastp": "0.24.0"
                },
                "FASTQC_RAW": {
                    "fastqc": "0.12.1"
                },
                "FASTQC_TRIM": {
                    "fastqc": "0.12.1"
                },
                "FILTER_BLASTN": {
                    "sed": 4.9
                },
                "FREYJA_BOOT": {
                    "freyja": "1.5.3"
                },
                "FREYJA_DEMIX": {
                    "freyja": "1.5.3"
                },
                "FREYJA_UPDATE": {
                    "freyja": "1.5.3"
                },
                "FREYJA_VARIANTS": {
                    "freyja": "1.5.3"
                },
                "GUNZIP_FASTA": {
                    "gunzip": 1.13
                },
                "GUNZIP_GFF": {
                    "gunzip": 1.13
                },
                "GUNZIP_SCAFFOLDS": {
                    "gunzip": 1.13
                },
                "KRAKEN2_KRAKEN2": {
                    "kraken2": "2.1.5",
                    "pigz": 2.8
                },
                "MAKE_BED_MASK": {
                    "samtools": 1.14,
                    "python": "3.9.5"
                },
                "MAKE_VARIANTS_LONG_TABLE": {
                    "python": "3.13.2"
                },
                "MINIA": {
                    "minia": "3.2.5"
                },
                "MOSDEPTH_GENOME": {
                    "mosdepth": "0.3.10"
                },
                "NEXTCLADE_RUN": {
                    "nextclade": "3.11.0"
                },
                "PICARD_COLLECTMULTIPLEMETRICS": {
                    "picard": "3.3.0"
                },
                "PLOT_MOSDEPTH_REGIONS_GENOME": {
                    "r-base": "4.2.0"
                },
                "QUAST": {
                    "quast": "5.3.0"
                },
                "RENAME_FASTA_HEADER": {
                    "sed": 4.9
                },
                "SAMTOOLS_FLAGSTAT": {
                    "samtools": 1.21
                },
                "SAMTOOLS_IDXSTATS": {
                    "samtools": 1.21
                },
                "SAMTOOLS_INDEX": {
                    "samtools": 1.21
                },
                "SAMTOOLS_SORT": {
                    "samtools": 1.21
                },
                "SAMTOOLS_STATS": {
                    "samtools": 1.21
                },
                "SNPEFF_ANN": {
                    "snpeff": "5.0e"
                },
                "SNPEFF_BUILD": {
                    "snpeff": "5.0e"
                },
                "SNPSIFT_EXTRACTFIELDS": {
                    "snpsift": 4.3
                },
                "SPADES": {
                    "spades": "4.1.0"
                },
                "TABIX_BGZIP": {
                    "tabix": 1.21
                },
                "TABIX_TABIX": {
                    "tabix": 1.21
                },
                "UNICYCLER": {
                    "unicycler": "0.5.1"
                },
                "UNTAR_KRAKEN2_DB": {
                    "untar": 1.34
                },
                "UNTAR_NEXTCLADE_DB": {
                    "untar": 1.34
                },
                "Workflow": {
                    "nf-core/viralrecon": "v2.7.0dev"
                }
            },
            [
                "assembly",
                "assembly/minia",
                "assembly/minia/SRR11140744.contigs.fa",
                "assembly/minia/SRR11140744.h5",
                "assembly/minia/SRR11140744.unitigs.fa",
                "assembly/minia/SRR11140746.contigs.fa",
                "assembly/minia/SRR11140746.h5",
                "assembly/minia/SRR11140746.unitigs.fa",
                "assembly/minia/SRR11140748.contigs.fa",
                "assembly/minia/SRR11140748.h5",
                "assembly/minia/SRR11140748.unitigs.fa",
                "assembly/minia/SRR11140750.contigs.fa",
                "assembly/minia/SRR11140750.h5",
                "assembly/minia/SRR11140750.unitigs.fa",
                "assembly/minia/abacas",
                "assembly/minia/abacas/SRR11140744.abacas.MULTIFASTA.fa",
                "assembly/minia/abacas/SRR11140744.abacas.bin",
                "assembly/minia/abacas/SRR11140744.abacas.crunch",
                "assembly/minia/abacas/SRR11140744.abacas.fasta",
                "assembly/minia/abacas/SRR11140744.abacas.gaps",
                "assembly/minia/abacas/SRR11140744.abacas.gaps.tab",
                "assembly/minia/abacas/SRR11140744.abacas.nucmer.delta",
                "assembly/minia/abacas/SRR11140744.abacas.nucmer.filtered.delta",
                "assembly/minia/abacas/SRR11140744.abacas.nucmer.tiling",
                "assembly/minia/abacas/SRR11140744.abacas.tab",
                "assembly/minia/abacas/SRR11140744.abacas.unused.contigs.out",
                "assembly/minia/abacas/SRR11140746.abacas.MULTIFASTA.fa",
                "assembly/minia/abacas/SRR11140746.abacas.bin",
                "assembly/minia/abacas/SRR11140746.abacas.crunch",
                "assembly/minia/abacas/SRR11140746.abacas.fasta",
                "assembly/minia/abacas/SRR11140746.abacas.gaps",
                "assembly/minia/abacas/SRR11140746.abacas.gaps.tab",
                "assembly/minia/abacas/SRR11140746.abacas.nucmer.delta",
                "assembly/minia/abacas/SRR11140746.abacas.nucmer.filtered.delta",
                "assembly/minia/abacas/SRR11140746.abacas.nucmer.tiling",
                "assembly/minia/abacas/SRR11140746.abacas.tab",
                "assembly/minia/abacas/SRR11140746.abacas.unused.contigs.out",
                "assembly/minia/abacas/SRR11140748.abacas.MULTIFASTA.fa",
                "assembly/minia/abacas/SRR11140748.abacas.bin",
                "assembly/minia/abacas/SRR11140748.abacas.crunch",
                "assembly/minia/abacas/SRR11140748.abacas.fasta",
                "assembly/minia/abacas/SRR11140748.abacas.gaps",
                "assembly/minia/abacas/SRR11140748.abacas.gaps.tab",
                "assembly/minia/abacas/SRR11140748.abacas.nucmer.delta",
                "assembly/minia/abacas/SRR11140748.abacas.nucmer.filtered.delta",
                "assembly/minia/abacas/SRR11140748.abacas.nucmer.tiling",
                "assembly/minia/abacas/SRR11140748.abacas.tab",
                "assembly/minia/abacas/SRR11140748.abacas.unused.contigs.out",
                "assembly/minia/abacas/SRR11140750.abacas.MULTIFASTA.fa",
                "assembly/minia/abacas/SRR11140750.abacas.bin",
                "assembly/minia/abacas/SRR11140750.abacas.crunch",
                "assembly/minia/abacas/SRR11140750.abacas.fasta",
                "assembly/minia/abacas/SRR11140750.abacas.gaps",
                "assembly/minia/abacas/SRR11140750.abacas.gaps.tab",
                "assembly/minia/abacas/SRR11140750.abacas.nucmer.delta",
                "assembly/minia/abacas/SRR11140750.abacas.nucmer.filtered.delta",
                "assembly/minia/abacas/SRR11140750.abacas.nucmer.tiling",
                "assembly/minia/abacas/SRR11140750.abacas.tab",
                "assembly/minia/abacas/SRR11140750.abacas.unused.contigs.out",
                "assembly/minia/blastn",
                "assembly/minia/blastn/SRR11140744.filter.blastn.txt",
                "assembly/minia/blastn/SRR11140744.results.blastn.txt",
                "assembly/minia/blastn/SRR11140746.filter.blastn.txt",
                "assembly/minia/blastn/SRR11140746.results.blastn.txt",
                "assembly/minia/blastn/SRR11140748.filter.blastn.txt",
                "assembly/minia/blastn/SRR11140748.results.blastn.txt",
                "assembly/minia/blastn/SRR11140750.filter.blastn.txt",
                "assembly/minia/blastn/SRR11140750.results.blastn.txt",
                "assembly/minia/quast",
                "assembly/minia/quast/aligned_stats",
                "assembly/minia/quast/aligned_stats/NAx_plot.pdf",
                "assembly/minia/quast/aligned_stats/NGAx_plot.pdf",
                "assembly/minia/quast/aligned_stats/cumulative_plot.pdf",
                "assembly/minia/quast/basic_stats",
                "assembly/minia/quast/basic_stats/GC_content_plot.pdf",
                "assembly/minia/quast/basic_stats/NGx_plot.pdf",
                "assembly/minia/quast/basic_stats/Nx_plot.pdf",
                "assembly/minia/quast/basic_stats/SRR11140744.contigs_GC_content_plot.pdf",
                "assembly/minia/quast/basic_stats/SRR11140746.contigs_GC_content_plot.pdf",
                "assembly/minia/quast/basic_stats/SRR11140748.contigs_GC_content_plot.pdf",
                "assembly/minia/quast/basic_stats/cumulative_plot.pdf",
                "assembly/minia/quast/basic_stats/gc.icarus.txt",
                "assembly/minia/quast/contigs_reports",
                "assembly/minia/quast/contigs_reports/SRR11140744-contigs.mis_contigs.fa",
                "assembly/minia/quast/contigs_reports/SRR11140744-contigs.misassemblies.gff",
                "assembly/minia/quast/contigs_reports/SRR11140746-contigs.mis_contigs.fa",
                "assembly/minia/quast/contigs_reports/SRR11140746-contigs.misassemblies.gff",
                "assembly/minia/quast/contigs_reports/SRR11140748-contigs.mis_contigs.fa",
                "assembly/minia/quast/contigs_reports/SRR11140748-contigs.misassemblies.gff",
                "assembly/minia/quast/contigs_reports/all_alignments_SRR11140744-contigs.tsv",
                "assembly/minia/quast/contigs_reports/all_alignments_SRR11140746-contigs.tsv",
                "assembly/minia/quast/contigs_reports/all_alignments_SRR11140748-contigs.tsv",
                "assembly/minia/quast/contigs_reports/contigs_report_SRR11140744-contigs.mis_contigs.info",
                "assembly/minia/quast/contigs_reports/contigs_report_SRR11140744-contigs.stderr",
                "assembly/minia/quast/contigs_reports/contigs_report_SRR11140744-contigs.stdout",
                "assembly/minia/quast/contigs_reports/contigs_report_SRR11140744-contigs.unaligned.info",
                "assembly/minia/quast/contigs_reports/contigs_report_SRR11140746-contigs.mis_contigs.info",
                "assembly/minia/quast/contigs_reports/contigs_report_SRR11140746-contigs.stderr",
                "assembly/minia/quast/contigs_reports/contigs_report_SRR11140746-contigs.stdout",
                "assembly/minia/quast/contigs_reports/contigs_report_SRR11140746-contigs.unaligned.info",
                "assembly/minia/quast/contigs_reports/contigs_report_SRR11140748-contigs.mis_contigs.info",
                "assembly/minia/quast/contigs_reports/contigs_report_SRR11140748-contigs.stderr",
                "assembly/minia/quast/contigs_reports/contigs_report_SRR11140748-contigs.stdout",
                "assembly/minia/quast/contigs_reports/contigs_report_SRR11140748-contigs.unaligned.info",
                "assembly/minia/quast/contigs_reports/minimap_output",
                "assembly/minia/quast/contigs_reports/minimap_output/SRR11140744-contigs.coords",
                "assembly/minia/quast/contigs_reports/minimap_output/SRR11140744-contigs.coords.filtered",
                "assembly/minia/quast/contigs_reports/minimap_output/SRR11140744-contigs.coords_tmp",
                "assembly/minia/quast/contigs_reports/minimap_output/SRR11140744-contigs.sf",
                "assembly/minia/quast/contigs_reports/minimap_output/SRR11140744-contigs.unaligned",
                "assembly/minia/quast/contigs_reports/minimap_output/SRR11140744-contigs.used_snps",
                "assembly/minia/quast/contigs_reports/minimap_output/SRR11140746-contigs.coords",
                "assembly/minia/quast/contigs_reports/minimap_output/SRR11140746-contigs.coords.filtered",
                "assembly/minia/quast/contigs_reports/minimap_output/SRR11140746-contigs.coords_tmp",
                "assembly/minia/quast/contigs_reports/minimap_output/SRR11140746-contigs.sf",
                "assembly/minia/quast/contigs_reports/minimap_output/SRR11140746-contigs.unaligned",
                "assembly/minia/quast/contigs_reports/minimap_output/SRR11140746-contigs.used_snps",
                "assembly/minia/quast/contigs_reports/minimap_output/SRR11140748-contigs.coords",
                "assembly/minia/quast/contigs_reports/minimap_output/SRR11140748-contigs.coords.filtered",
                "assembly/minia/quast/contigs_reports/minimap_output/SRR11140748-contigs.coords_tmp",
                "assembly/minia/quast/contigs_reports/minimap_output/SRR11140748-contigs.sf",
                "assembly/minia/quast/contigs_reports/minimap_output/SRR11140748-contigs.unaligned",
                "assembly/minia/quast/contigs_reports/minimap_output/SRR11140748-contigs.used_snps",
                "assembly/minia/quast/contigs_reports/misassemblies_frcurve_plot.pdf",
                "assembly/minia/quast/contigs_reports/misassemblies_plot.pdf",
                "assembly/minia/quast/contigs_reports/misassemblies_report.tex",
                "assembly/minia/quast/contigs_reports/misassemblies_report.tsv",
                "assembly/minia/quast/contigs_reports/misassemblies_report.txt",
                "assembly/minia/quast/contigs_reports/transposed_report_misassemblies.tex",
                "assembly/minia/quast/contigs_reports/transposed_report_misassemblies.tsv",
                "assembly/minia/quast/contigs_reports/transposed_report_misassemblies.txt",
                "assembly/minia/quast/contigs_reports/unaligned_report.tex",
                "assembly/minia/quast/contigs_reports/unaligned_report.tsv",
                "assembly/minia/quast/contigs_reports/unaligned_report.txt",
                "assembly/minia/quast/genome_stats",
                "assembly/minia/quast/genome_stats/SRR11140744-contigs_gaps.txt",
                "assembly/minia/quast/genome_stats/SRR11140744-contigs_genomic_features_any.txt",
                "assembly/minia/quast/genome_stats/SRR11140746-contigs_gaps.txt",
                "assembly/minia/quast/genome_stats/SRR11140746-contigs_genomic_features_any.txt",
                "assembly/minia/quast/genome_stats/SRR11140748-contigs_gaps.txt",
                "assembly/minia/quast/genome_stats/SRR11140748-contigs_genomic_features_any.txt",
                "assembly/minia/quast/genome_stats/complete_features_histogram.pdf",
                "assembly/minia/quast/genome_stats/features_cumulative_plot.pdf",
                "assembly/minia/quast/genome_stats/features_frcurve_plot.pdf",
                "assembly/minia/quast/genome_stats/genome_fraction_histogram.pdf",
                "assembly/minia/quast/genome_stats/genome_info.txt",
                "assembly/minia/quast/icarus.html",
                "assembly/minia/quast/icarus_viewers",
                "assembly/minia/quast/icarus_viewers/alignment_viewer.html",
                "assembly/minia/quast/icarus_viewers/contig_size_viewer.html",
                "assembly/minia/quast/quast.log",
                "assembly/minia/quast/report.html",
                "assembly/minia/quast/report.pdf",
                "assembly/minia/quast/report.tex",
                "assembly/minia/quast/report.tsv",
                "assembly/minia/quast/report.txt",
                "assembly/minia/quast/transposed_report.tex",
                "assembly/minia/quast/transposed_report.tsv",
                "assembly/minia/quast/transposed_report.txt",
                "assembly/spades",
                "assembly/spades/rnaviral",
                "assembly/spades/rnaviral/SRR11140744.assembly.gfa.gz",
                "assembly/spades/rnaviral/SRR11140744.contigs.fa.gz",
                "assembly/spades/rnaviral/SRR11140744.scaffolds.fa.gz",
                "assembly/spades/rnaviral/SRR11140746.assembly.gfa.gz",
                "assembly/spades/rnaviral/SRR11140746.contigs.fa.gz",
                "assembly/spades/rnaviral/SRR11140746.scaffolds.fa.gz",
                "assembly/spades/rnaviral/SRR11140748.assembly.gfa.gz",
                "assembly/spades/rnaviral/SRR11140748.contigs.fa.gz",
                "assembly/spades/rnaviral/SRR11140748.scaffolds.fa.gz",
                "assembly/spades/rnaviral/SRR11140750.assembly.gfa.gz",
                "assembly/spades/rnaviral/SRR11140750.contigs.fa.gz",
                "assembly/spades/rnaviral/SRR11140750.scaffolds.fa.gz",
                "assembly/spades/rnaviral/abacas",
                "assembly/spades/rnaviral/abacas/SRR11140744.abacas.MULTIFASTA.fa",
                "assembly/spades/rnaviral/abacas/SRR11140744.abacas.bin",
                "assembly/spades/rnaviral/abacas/SRR11140744.abacas.crunch",
                "assembly/spades/rnaviral/abacas/SRR11140744.abacas.fasta",
                "assembly/spades/rnaviral/abacas/SRR11140744.abacas.gaps",
                "assembly/spades/rnaviral/abacas/SRR11140744.abacas.gaps.tab",
                "assembly/spades/rnaviral/abacas/SRR11140744.abacas.nucmer.delta",
                "assembly/spades/rnaviral/abacas/SRR11140744.abacas.nucmer.filtered.delta",
                "assembly/spades/rnaviral/abacas/SRR11140744.abacas.nucmer.tiling",
                "assembly/spades/rnaviral/abacas/SRR11140744.abacas.tab",
                "assembly/spades/rnaviral/abacas/SRR11140744.abacas.unused.contigs.out",
                "assembly/spades/rnaviral/abacas/SRR11140746.abacas.MULTIFASTA.fa",
                "assembly/spades/rnaviral/abacas/SRR11140746.abacas.bin",
                "assembly/spades/rnaviral/abacas/SRR11140746.abacas.crunch",
                "assembly/spades/rnaviral/abacas/SRR11140746.abacas.fasta",
                "assembly/spades/rnaviral/abacas/SRR11140746.abacas.gaps",
                "assembly/spades/rnaviral/abacas/SRR11140746.abacas.gaps.tab",
                "assembly/spades/rnaviral/abacas/SRR11140746.abacas.nucmer.delta",
                "assembly/spades/rnaviral/abacas/SRR11140746.abacas.nucmer.filtered.delta",
                "assembly/spades/rnaviral/abacas/SRR11140746.abacas.nucmer.tiling",
                "assembly/spades/rnaviral/abacas/SRR11140746.abacas.tab",
                "assembly/spades/rnaviral/abacas/SRR11140746.abacas.unused.contigs.out",
                "assembly/spades/rnaviral/abacas/SRR11140748.abacas.MULTIFASTA.fa",
                "assembly/spades/rnaviral/abacas/SRR11140748.abacas.bin",
                "assembly/spades/rnaviral/abacas/SRR11140748.abacas.crunch",
                "assembly/spades/rnaviral/abacas/SRR11140748.abacas.fasta",
                "assembly/spades/rnaviral/abacas/SRR11140748.abacas.gaps",
                "assembly/spades/rnaviral/abacas/SRR11140748.abacas.gaps.tab",
                "assembly/spades/rnaviral/abacas/SRR11140748.abacas.nucmer.delta",
                "assembly/spades/rnaviral/abacas/SRR11140748.abacas.nucmer.filtered.delta",
                "assembly/spades/rnaviral/abacas/SRR11140748.abacas.nucmer.tiling",
                "assembly/spades/rnaviral/abacas/SRR11140748.abacas.tab",
                "assembly/spades/rnaviral/abacas/SRR11140748.abacas.unused.contigs.out",
                "assembly/spades/rnaviral/abacas/SRR11140750.abacas.MULTIFASTA.fa",
                "assembly/spades/rnaviral/abacas/SRR11140750.abacas.bin",
                "assembly/spades/rnaviral/abacas/SRR11140750.abacas.crunch",
                "assembly/spades/rnaviral/abacas/SRR11140750.abacas.fasta",
                "assembly/spades/rnaviral/abacas/SRR11140750.abacas.gaps",
                "assembly/spades/rnaviral/abacas/SRR11140750.abacas.gaps.tab",
                "assembly/spades/rnaviral/abacas/SRR11140750.abacas.nucmer.delta",
                "assembly/spades/rnaviral/abacas/SRR11140750.abacas.nucmer.filtered.delta",
                "assembly/spades/rnaviral/abacas/SRR11140750.abacas.nucmer.tiling",
                "assembly/spades/rnaviral/abacas/SRR11140750.abacas.tab",
                "assembly/spades/rnaviral/abacas/SRR11140750.abacas.unused.contigs.out",
                "assembly/spades/rnaviral/bandage",
                "assembly/spades/rnaviral/bandage/SRR11140744.png",
                "assembly/spades/rnaviral/bandage/SRR11140744.svg",
                "assembly/spades/rnaviral/bandage/SRR11140746.png",
                "assembly/spades/rnaviral/bandage/SRR11140746.svg",
                "assembly/spades/rnaviral/bandage/SRR11140748.png",
                "assembly/spades/rnaviral/bandage/SRR11140748.svg",
                "assembly/spades/rnaviral/bandage/SRR11140750.png",
                "assembly/spades/rnaviral/bandage/SRR11140750.svg",
                "assembly/spades/rnaviral/blastn",
                "assembly/spades/rnaviral/blastn/SRR11140744.filter.blastn.txt",
                "assembly/spades/rnaviral/blastn/SRR11140744.results.blastn.txt",
                "assembly/spades/rnaviral/blastn/SRR11140746.filter.blastn.txt",
                "assembly/spades/rnaviral/blastn/SRR11140746.results.blastn.txt",
                "assembly/spades/rnaviral/blastn/SRR11140748.filter.blastn.txt",
                "assembly/spades/rnaviral/blastn/SRR11140748.results.blastn.txt",
                "assembly/spades/rnaviral/blastn/SRR11140750.filter.blastn.txt",
                "assembly/spades/rnaviral/blastn/SRR11140750.results.blastn.txt",
                "assembly/spades/rnaviral/log",
                "assembly/spades/rnaviral/log/SRR11140744.spades.log",
                "assembly/spades/rnaviral/log/SRR11140746.spades.log",
                "assembly/spades/rnaviral/log/SRR11140748.spades.log",
                "assembly/spades/rnaviral/log/SRR11140750.spades.log",
                "assembly/spades/rnaviral/quast",
                "assembly/spades/rnaviral/quast/aligned_stats",
                "assembly/spades/rnaviral/quast/aligned_stats/NAx_plot.pdf",
                "assembly/spades/rnaviral/quast/aligned_stats/NGAx_plot.pdf",
                "assembly/spades/rnaviral/quast/aligned_stats/cumulative_plot.pdf",
                "assembly/spades/rnaviral/quast/basic_stats",
                "assembly/spades/rnaviral/quast/basic_stats/GC_content_plot.pdf",
                "assembly/spades/rnaviral/quast/basic_stats/NGx_plot.pdf",
                "assembly/spades/rnaviral/quast/basic_stats/Nx_plot.pdf",
                "assembly/spades/rnaviral/quast/basic_stats/SRR11140744-scaffolds_coverage_histogram.pdf",
                "assembly/spades/rnaviral/quast/basic_stats/SRR11140744.scaffolds_GC_content_plot.pdf",
                "assembly/spades/rnaviral/quast/basic_stats/SRR11140746-scaffolds_coverage_histogram.pdf",
                "assembly/spades/rnaviral/quast/basic_stats/SRR11140746.scaffolds_GC_content_plot.pdf",
                "assembly/spades/rnaviral/quast/basic_stats/SRR11140748-scaffolds_coverage_histogram.pdf",
                "assembly/spades/rnaviral/quast/basic_stats/SRR11140748.scaffolds_GC_content_plot.pdf",
                "assembly/spades/rnaviral/quast/basic_stats/SRR11140750-scaffolds_coverage_histogram.pdf",
                "assembly/spades/rnaviral/quast/basic_stats/SRR11140750.scaffolds_GC_content_plot.pdf",
                "assembly/spades/rnaviral/quast/basic_stats/coverage_histogram.pdf",
                "assembly/spades/rnaviral/quast/basic_stats/cumulative_plot.pdf",
                "assembly/spades/rnaviral/quast/basic_stats/gc.icarus.txt",
                "assembly/spades/rnaviral/quast/contigs_reports",
                "assembly/spades/rnaviral/quast/contigs_reports/SRR11140744-scaffolds.mis_contigs.fa",
                "assembly/spades/rnaviral/quast/contigs_reports/SRR11140744-scaffolds.misassemblies.gff",
                "assembly/spades/rnaviral/quast/contigs_reports/SRR11140746-scaffolds.mis_contigs.fa",
                "assembly/spades/rnaviral/quast/contigs_reports/SRR11140746-scaffolds.misassemblies.gff",
                "assembly/spades/rnaviral/quast/contigs_reports/SRR11140748-scaffolds.mis_contigs.fa",
                "assembly/spades/rnaviral/quast/contigs_reports/SRR11140748-scaffolds.misassemblies.gff",
                "assembly/spades/rnaviral/quast/contigs_reports/SRR11140750-scaffolds.mis_contigs.fa",
                "assembly/spades/rnaviral/quast/contigs_reports/SRR11140750-scaffolds.misassemblies.gff",
                "assembly/spades/rnaviral/quast/contigs_reports/all_alignments_SRR11140744-scaffolds.tsv",
                "assembly/spades/rnaviral/quast/contigs_reports/all_alignments_SRR11140746-scaffolds.tsv",
                "assembly/spades/rnaviral/quast/contigs_reports/all_alignments_SRR11140748-scaffolds.tsv",
                "assembly/spades/rnaviral/quast/contigs_reports/all_alignments_SRR11140750-scaffolds.tsv",
                "assembly/spades/rnaviral/quast/contigs_reports/contigs_report_SRR11140744-scaffolds.mis_contigs.info",
                "assembly/spades/rnaviral/quast/contigs_reports/contigs_report_SRR11140744-scaffolds.stderr",
                "assembly/spades/rnaviral/quast/contigs_reports/contigs_report_SRR11140744-scaffolds.stdout",
                "assembly/spades/rnaviral/quast/contigs_reports/contigs_report_SRR11140744-scaffolds.unaligned.info",
                "assembly/spades/rnaviral/quast/contigs_reports/contigs_report_SRR11140746-scaffolds.mis_contigs.info",
                "assembly/spades/rnaviral/quast/contigs_reports/contigs_report_SRR11140746-scaffolds.stderr",
                "assembly/spades/rnaviral/quast/contigs_reports/contigs_report_SRR11140746-scaffolds.stdout",
                "assembly/spades/rnaviral/quast/contigs_reports/contigs_report_SRR11140746-scaffolds.unaligned.info",
                "assembly/spades/rnaviral/quast/contigs_reports/contigs_report_SRR11140748-scaffolds.mis_contigs.info",
                "assembly/spades/rnaviral/quast/contigs_reports/contigs_report_SRR11140748-scaffolds.stderr",
                "assembly/spades/rnaviral/quast/contigs_reports/contigs_report_SRR11140748-scaffolds.stdout",
                "assembly/spades/rnaviral/quast/contigs_reports/contigs_report_SRR11140748-scaffolds.unaligned.info",
                "assembly/spades/rnaviral/quast/contigs_reports/contigs_report_SRR11140750-scaffolds.mis_contigs.info",
                "assembly/spades/rnaviral/quast/contigs_reports/contigs_report_SRR11140750-scaffolds.stderr",
                "assembly/spades/rnaviral/quast/contigs_reports/contigs_report_SRR11140750-scaffolds.stdout",
                "assembly/spades/rnaviral/quast/contigs_reports/contigs_report_SRR11140750-scaffolds.unaligned.info",
                "assembly/spades/rnaviral/quast/contigs_reports/minimap_output",
                "assembly/spades/rnaviral/quast/contigs_reports/minimap_output/SRR11140744-scaffolds.coords",
                "assembly/spades/rnaviral/quast/contigs_reports/minimap_output/SRR11140744-scaffolds.coords.filtered",
                "assembly/spades/rnaviral/quast/contigs_reports/minimap_output/SRR11140744-scaffolds.coords_tmp",
                "assembly/spades/rnaviral/quast/contigs_reports/minimap_output/SRR11140744-scaffolds.sf",
                "assembly/spades/rnaviral/quast/contigs_reports/minimap_output/SRR11140744-scaffolds.unaligned",
                "assembly/spades/rnaviral/quast/contigs_reports/minimap_output/SRR11140744-scaffolds.used_snps",
                "assembly/spades/rnaviral/quast/contigs_reports/minimap_output/SRR11140746-scaffolds.coords",
                "assembly/spades/rnaviral/quast/contigs_reports/minimap_output/SRR11140746-scaffolds.coords.filtered",
                "assembly/spades/rnaviral/quast/contigs_reports/minimap_output/SRR11140746-scaffolds.coords_tmp",
                "assembly/spades/rnaviral/quast/contigs_reports/minimap_output/SRR11140746-scaffolds.sf",
                "assembly/spades/rnaviral/quast/contigs_reports/minimap_output/SRR11140746-scaffolds.unaligned",
                "assembly/spades/rnaviral/quast/contigs_reports/minimap_output/SRR11140746-scaffolds.used_snps",
                "assembly/spades/rnaviral/quast/contigs_reports/minimap_output/SRR11140748-scaffolds.coords",
                "assembly/spades/rnaviral/quast/contigs_reports/minimap_output/SRR11140748-scaffolds.coords.filtered",
                "assembly/spades/rnaviral/quast/contigs_reports/minimap_output/SRR11140748-scaffolds.coords_tmp",
                "assembly/spades/rnaviral/quast/contigs_reports/minimap_output/SRR11140748-scaffolds.sf",
                "assembly/spades/rnaviral/quast/contigs_reports/minimap_output/SRR11140748-scaffolds.unaligned",
                "assembly/spades/rnaviral/quast/contigs_reports/minimap_output/SRR11140748-scaffolds.used_snps",
                "assembly/spades/rnaviral/quast/contigs_reports/minimap_output/SRR11140750-scaffolds.coords",
                "assembly/spades/rnaviral/quast/contigs_reports/minimap_output/SRR11140750-scaffolds.coords.filtered",
                "assembly/spades/rnaviral/quast/contigs_reports/minimap_output/SRR11140750-scaffolds.coords_tmp",
                "assembly/spades/rnaviral/quast/contigs_reports/minimap_output/SRR11140750-scaffolds.sf",
                "assembly/spades/rnaviral/quast/contigs_reports/minimap_output/SRR11140750-scaffolds.unaligned",
                "assembly/spades/rnaviral/quast/contigs_reports/minimap_output/SRR11140750-scaffolds.used_snps",
                "assembly/spades/rnaviral/quast/contigs_reports/misassemblies_frcurve_plot.pdf",
                "assembly/spades/rnaviral/quast/contigs_reports/misassemblies_plot.pdf",
                "assembly/spades/rnaviral/quast/contigs_reports/misassemblies_report.tex",
                "assembly/spades/rnaviral/quast/contigs_reports/misassemblies_report.tsv",
                "assembly/spades/rnaviral/quast/contigs_reports/misassemblies_report.txt",
                "assembly/spades/rnaviral/quast/contigs_reports/transposed_report_misassemblies.tex",
                "assembly/spades/rnaviral/quast/contigs_reports/transposed_report_misassemblies.tsv",
                "assembly/spades/rnaviral/quast/contigs_reports/transposed_report_misassemblies.txt",
                "assembly/spades/rnaviral/quast/contigs_reports/unaligned_report.tex",
                "assembly/spades/rnaviral/quast/contigs_reports/unaligned_report.tsv",
                "assembly/spades/rnaviral/quast/contigs_reports/unaligned_report.txt",
                "assembly/spades/rnaviral/quast/genome_stats",
                "assembly/spades/rnaviral/quast/genome_stats/SRR11140744-scaffolds_gaps.txt",
                "assembly/spades/rnaviral/quast/genome_stats/SRR11140744-scaffolds_genomic_features_any.txt",
                "assembly/spades/rnaviral/quast/genome_stats/SRR11140746-scaffolds_gaps.txt",
                "assembly/spades/rnaviral/quast/genome_stats/SRR11140746-scaffolds_genomic_features_any.txt",
                "assembly/spades/rnaviral/quast/genome_stats/SRR11140748-scaffolds_gaps.txt",
                "assembly/spades/rnaviral/quast/genome_stats/SRR11140748-scaffolds_genomic_features_any.txt",
                "assembly/spades/rnaviral/quast/genome_stats/SRR11140750-scaffolds_gaps.txt",
                "assembly/spades/rnaviral/quast/genome_stats/SRR11140750-scaffolds_genomic_features_any.txt",
                "assembly/spades/rnaviral/quast/genome_stats/complete_features_histogram.pdf",
                "assembly/spades/rnaviral/quast/genome_stats/features_cumulative_plot.pdf",
                "assembly/spades/rnaviral/quast/genome_stats/features_frcurve_plot.pdf",
                "assembly/spades/rnaviral/quast/genome_stats/genome_fraction_histogram.pdf",
                "assembly/spades/rnaviral/quast/genome_stats/genome_info.txt",
                "assembly/spades/rnaviral/quast/icarus.html",
                "assembly/spades/rnaviral/quast/icarus_viewers",
                "assembly/spades/rnaviral/quast/icarus_viewers/alignment_viewer.html",
                "assembly/spades/rnaviral/quast/icarus_viewers/contig_size_viewer.html",
                "assembly/spades/rnaviral/quast/quast.log",
                "assembly/spades/rnaviral/quast/report.html",
                "assembly/spades/rnaviral/quast/report.pdf",
                "assembly/spades/rnaviral/quast/report.tex",
                "assembly/spades/rnaviral/quast/report.tsv",
                "assembly/spades/rnaviral/quast/report.txt",
                "assembly/spades/rnaviral/quast/transposed_report.tex",
                "assembly/spades/rnaviral/quast/transposed_report.tsv",
                "assembly/spades/rnaviral/quast/transposed_report.txt",
                "assembly/unicycler",
                "assembly/unicycler/SRR11140744.assembly.gfa.gz",
                "assembly/unicycler/SRR11140744.scaffolds.fa.gz",
                "assembly/unicycler/SRR11140746.assembly.gfa.gz",
                "assembly/unicycler/SRR11140746.scaffolds.fa.gz",
                "assembly/unicycler/SRR11140748.assembly.gfa.gz",
                "assembly/unicycler/SRR11140748.scaffolds.fa.gz",
                "assembly/unicycler/SRR11140750.assembly.gfa.gz",
                "assembly/unicycler/SRR11140750.scaffolds.fa.gz",
                "assembly/unicycler/abacas",
                "assembly/unicycler/abacas/SRR11140744.abacas.MULTIFASTA.fa",
                "assembly/unicycler/abacas/SRR11140744.abacas.bin",
                "assembly/unicycler/abacas/SRR11140744.abacas.crunch",
                "assembly/unicycler/abacas/SRR11140744.abacas.fasta",
                "assembly/unicycler/abacas/SRR11140744.abacas.gaps",
                "assembly/unicycler/abacas/SRR11140744.abacas.gaps.tab",
                "assembly/unicycler/abacas/SRR11140744.abacas.nucmer.delta",
                "assembly/unicycler/abacas/SRR11140744.abacas.nucmer.filtered.delta",
                "assembly/unicycler/abacas/SRR11140744.abacas.nucmer.tiling",
                "assembly/unicycler/abacas/SRR11140744.abacas.tab",
                "assembly/unicycler/abacas/SRR11140744.abacas.unused.contigs.out",
                "assembly/unicycler/abacas/SRR11140746.abacas.MULTIFASTA.fa",
                "assembly/unicycler/abacas/SRR11140746.abacas.bin",
                "assembly/unicycler/abacas/SRR11140746.abacas.crunch",
                "assembly/unicycler/abacas/SRR11140746.abacas.fasta",
                "assembly/unicycler/abacas/SRR11140746.abacas.gaps",
                "assembly/unicycler/abacas/SRR11140746.abacas.gaps.tab",
                "assembly/unicycler/abacas/SRR11140746.abacas.nucmer.delta",
                "assembly/unicycler/abacas/SRR11140746.abacas.nucmer.filtered.delta",
                "assembly/unicycler/abacas/SRR11140746.abacas.nucmer.tiling",
                "assembly/unicycler/abacas/SRR11140746.abacas.tab",
                "assembly/unicycler/abacas/SRR11140746.abacas.unused.contigs.out",
                "assembly/unicycler/abacas/SRR11140748.abacas.MULTIFASTA.fa",
                "assembly/unicycler/abacas/SRR11140748.abacas.bin",
                "assembly/unicycler/abacas/SRR11140748.abacas.crunch",
                "assembly/unicycler/abacas/SRR11140748.abacas.fasta",
                "assembly/unicycler/abacas/SRR11140748.abacas.gaps",
                "assembly/unicycler/abacas/SRR11140748.abacas.gaps.tab",
                "assembly/unicycler/abacas/SRR11140748.abacas.nucmer.delta",
                "assembly/unicycler/abacas/SRR11140748.abacas.nucmer.filtered.delta",
                "assembly/unicycler/abacas/SRR11140748.abacas.nucmer.tiling",
                "assembly/unicycler/abacas/SRR11140748.abacas.tab",
                "assembly/unicycler/abacas/SRR11140748.abacas.unused.contigs.out",
                "assembly/unicycler/abacas/SRR11140750.abacas.MULTIFASTA.fa",
                "assembly/unicycler/abacas/SRR11140750.abacas.bin",
                "assembly/unicycler/abacas/SRR11140750.abacas.crunch",
                "assembly/unicycler/abacas/SRR11140750.abacas.fasta",
                "assembly/unicycler/abacas/SRR11140750.abacas.gaps",
                "assembly/unicycler/abacas/SRR11140750.abacas.gaps.tab",
                "assembly/unicycler/abacas/SRR11140750.abacas.nucmer.delta",
                "assembly/unicycler/abacas/SRR11140750.abacas.nucmer.filtered.delta",
                "assembly/unicycler/abacas/SRR11140750.abacas.nucmer.tiling",
                "assembly/unicycler/abacas/SRR11140750.abacas.tab",
                "assembly/unicycler/abacas/SRR11140750.abacas.unused.contigs.out",
                "assembly/unicycler/bandage",
                "assembly/unicycler/bandage/SRR11140744.png",
                "assembly/unicycler/bandage/SRR11140744.svg",
                "assembly/unicycler/bandage/SRR11140746.png",
                "assembly/unicycler/bandage/SRR11140746.svg",
                "assembly/unicycler/bandage/SRR11140748.png",
                "assembly/unicycler/bandage/SRR11140748.svg",
                "assembly/unicycler/bandage/SRR11140750.png",
                "assembly/unicycler/bandage/SRR11140750.svg",
                "assembly/unicycler/blastn",
                "assembly/unicycler/blastn/SRR11140744.filter.blastn.txt",
                "assembly/unicycler/blastn/SRR11140744.results.blastn.txt",
                "assembly/unicycler/blastn/SRR11140746.filter.blastn.txt",
                "assembly/unicycler/blastn/SRR11140746.results.blastn.txt",
                "assembly/unicycler/blastn/SRR11140748.filter.blastn.txt",
                "assembly/unicycler/blastn/SRR11140748.results.blastn.txt",
                "assembly/unicycler/blastn/SRR11140750.filter.blastn.txt",
                "assembly/unicycler/blastn/SRR11140750.results.blastn.txt",
                "assembly/unicycler/log",
                "assembly/unicycler/log/SRR11140744.unicycler.log",
                "assembly/unicycler/log/SRR11140746.unicycler.log",
                "assembly/unicycler/log/SRR11140748.unicycler.log",
                "assembly/unicycler/log/SRR11140750.unicycler.log",
                "assembly/unicycler/quast",
                "assembly/unicycler/quast/aligned_stats",
                "assembly/unicycler/quast/aligned_stats/NAx_plot.pdf",
                "assembly/unicycler/quast/aligned_stats/NGAx_plot.pdf",
                "assembly/unicycler/quast/aligned_stats/cumulative_plot.pdf",
                "assembly/unicycler/quast/basic_stats",
                "assembly/unicycler/quast/basic_stats/GC_content_plot.pdf",
                "assembly/unicycler/quast/basic_stats/NGx_plot.pdf",
                "assembly/unicycler/quast/basic_stats/Nx_plot.pdf",
                "assembly/unicycler/quast/basic_stats/SRR11140744.scaffolds_GC_content_plot.pdf",
                "assembly/unicycler/quast/basic_stats/SRR11140746.scaffolds_GC_content_plot.pdf",
                "assembly/unicycler/quast/basic_stats/SRR11140748.scaffolds_GC_content_plot.pdf",
                "assembly/unicycler/quast/basic_stats/SRR11140750.scaffolds_GC_content_plot.pdf",
                "assembly/unicycler/quast/basic_stats/cumulative_plot.pdf",
                "assembly/unicycler/quast/basic_stats/gc.icarus.txt",
                "assembly/unicycler/quast/contigs_reports",
                "assembly/unicycler/quast/contigs_reports/SRR11140744-scaffolds.mis_contigs.fa",
                "assembly/unicycler/quast/contigs_reports/SRR11140744-scaffolds.misassemblies.gff",
                "assembly/unicycler/quast/contigs_reports/SRR11140746-scaffolds.mis_contigs.fa",
                "assembly/unicycler/quast/contigs_reports/SRR11140746-scaffolds.misassemblies.gff",
                "assembly/unicycler/quast/contigs_reports/SRR11140748-scaffolds.mis_contigs.fa",
                "assembly/unicycler/quast/contigs_reports/SRR11140748-scaffolds.misassemblies.gff",
                "assembly/unicycler/quast/contigs_reports/SRR11140750-scaffolds.mis_contigs.fa",
                "assembly/unicycler/quast/contigs_reports/SRR11140750-scaffolds.misassemblies.gff",
                "assembly/unicycler/quast/contigs_reports/all_alignments_SRR11140744-scaffolds.tsv",
                "assembly/unicycler/quast/contigs_reports/all_alignments_SRR11140746-scaffolds.tsv",
                "assembly/unicycler/quast/contigs_reports/all_alignments_SRR11140748-scaffolds.tsv",
                "assembly/unicycler/quast/contigs_reports/all_alignments_SRR11140750-scaffolds.tsv",
                "assembly/unicycler/quast/contigs_reports/contigs_report_SRR11140744-scaffolds.mis_contigs.info",
                "assembly/unicycler/quast/contigs_reports/contigs_report_SRR11140744-scaffolds.stderr",
                "assembly/unicycler/quast/contigs_reports/contigs_report_SRR11140744-scaffolds.stdout",
                "assembly/unicycler/quast/contigs_reports/contigs_report_SRR11140744-scaffolds.unaligned.info",
                "assembly/unicycler/quast/contigs_reports/contigs_report_SRR11140746-scaffolds.mis_contigs.info",
                "assembly/unicycler/quast/contigs_reports/contigs_report_SRR11140746-scaffolds.stderr",
                "assembly/unicycler/quast/contigs_reports/contigs_report_SRR11140746-scaffolds.stdout",
                "assembly/unicycler/quast/contigs_reports/contigs_report_SRR11140746-scaffolds.unaligned.info",
                "assembly/unicycler/quast/contigs_reports/contigs_report_SRR11140748-scaffolds.mis_contigs.info",
                "assembly/unicycler/quast/contigs_reports/contigs_report_SRR11140748-scaffolds.stderr",
                "assembly/unicycler/quast/contigs_reports/contigs_report_SRR11140748-scaffolds.stdout",
                "assembly/unicycler/quast/contigs_reports/contigs_report_SRR11140748-scaffolds.unaligned.info",
                "assembly/unicycler/quast/contigs_reports/contigs_report_SRR11140750-scaffolds.mis_contigs.info",
                "assembly/unicycler/quast/contigs_reports/contigs_report_SRR11140750-scaffolds.stderr",
                "assembly/unicycler/quast/contigs_reports/contigs_report_SRR11140750-scaffolds.stdout",
                "assembly/unicycler/quast/contigs_reports/contigs_report_SRR11140750-scaffolds.unaligned.info",
                "assembly/unicycler/quast/contigs_reports/minimap_output",
                "assembly/unicycler/quast/contigs_reports/minimap_output/SRR11140744-scaffolds.coords",
                "assembly/unicycler/quast/contigs_reports/minimap_output/SRR11140744-scaffolds.coords.filtered",
                "assembly/unicycler/quast/contigs_reports/minimap_output/SRR11140744-scaffolds.coords_tmp",
                "assembly/unicycler/quast/contigs_reports/minimap_output/SRR11140744-scaffolds.sf",
                "assembly/unicycler/quast/contigs_reports/minimap_output/SRR11140744-scaffolds.unaligned",
                "assembly/unicycler/quast/contigs_reports/minimap_output/SRR11140744-scaffolds.used_snps",
                "assembly/unicycler/quast/contigs_reports/minimap_output/SRR11140746-scaffolds.coords",
                "assembly/unicycler/quast/contigs_reports/minimap_output/SRR11140746-scaffolds.coords.filtered",
                "assembly/unicycler/quast/contigs_reports/minimap_output/SRR11140746-scaffolds.coords_tmp",
                "assembly/unicycler/quast/contigs_reports/minimap_output/SRR11140746-scaffolds.sf",
                "assembly/unicycler/quast/contigs_reports/minimap_output/SRR11140746-scaffolds.unaligned",
                "assembly/unicycler/quast/contigs_reports/minimap_output/SRR11140746-scaffolds.used_snps",
                "assembly/unicycler/quast/contigs_reports/minimap_output/SRR11140748-scaffolds.coords",
                "assembly/unicycler/quast/contigs_reports/minimap_output/SRR11140748-scaffolds.coords.filtered",
                "assembly/unicycler/quast/contigs_reports/minimap_output/SRR11140748-scaffolds.coords_tmp",
                "assembly/unicycler/quast/contigs_reports/minimap_output/SRR11140748-scaffolds.sf",
                "assembly/unicycler/quast/contigs_reports/minimap_output/SRR11140748-scaffolds.unaligned",
                "assembly/unicycler/quast/contigs_reports/minimap_output/SRR11140748-scaffolds.used_snps",
                "assembly/unicycler/quast/contigs_reports/minimap_output/SRR11140750-scaffolds.coords",
                "assembly/unicycler/quast/contigs_reports/minimap_output/SRR11140750-scaffolds.coords.filtered",
                "assembly/unicycler/quast/contigs_reports/minimap_output/SRR11140750-scaffolds.coords_tmp",
                "assembly/unicycler/quast/contigs_reports/minimap_output/SRR11140750-scaffolds.sf",
                "assembly/unicycler/quast/contigs_reports/minimap_output/SRR11140750-scaffolds.unaligned",
                "assembly/unicycler/quast/contigs_reports/minimap_output/SRR11140750-scaffolds.used_snps",
                "assembly/unicycler/quast/contigs_reports/misassemblies_frcurve_plot.pdf",
                "assembly/unicycler/quast/contigs_reports/misassemblies_plot.pdf",
                "assembly/unicycler/quast/contigs_reports/misassemblies_report.tex",
                "assembly/unicycler/quast/contigs_reports/misassemblies_report.tsv",
                "assembly/unicycler/quast/contigs_reports/misassemblies_report.txt",
                "assembly/unicycler/quast/contigs_reports/transposed_report_misassemblies.tex",
                "assembly/unicycler/quast/contigs_reports/transposed_report_misassemblies.tsv",
                "assembly/unicycler/quast/contigs_reports/transposed_report_misassemblies.txt",
                "assembly/unicycler/quast/contigs_reports/unaligned_report.tex",
                "assembly/unicycler/quast/contigs_reports/unaligned_report.tsv",
                "assembly/unicycler/quast/contigs_reports/unaligned_report.txt",
                "assembly/unicycler/quast/genome_stats",
                "assembly/unicycler/quast/genome_stats/SRR11140744-scaffolds_gaps.txt",
                "assembly/unicycler/quast/genome_stats/SRR11140744-scaffolds_genomic_features_any.txt",
                "assembly/unicycler/quast/genome_stats/SRR11140746-scaffolds_gaps.txt",
                "assembly/unicycler/quast/genome_stats/SRR11140746-scaffolds_genomic_features_any.txt",
                "assembly/unicycler/quast/genome_stats/SRR11140748-scaffolds_gaps.txt",
                "assembly/unicycler/quast/genome_stats/SRR11140748-scaffolds_genomic_features_any.txt",
                "assembly/unicycler/quast/genome_stats/SRR11140750-scaffolds_gaps.txt",
                "assembly/unicycler/quast/genome_stats/SRR11140750-scaffolds_genomic_features_any.txt",
                "assembly/unicycler/quast/genome_stats/complete_features_histogram.pdf",
                "assembly/unicycler/quast/genome_stats/features_cumulative_plot.pdf",
                "assembly/unicycler/quast/genome_stats/features_frcurve_plot.pdf",
                "assembly/unicycler/quast/genome_stats/genome_fraction_histogram.pdf",
                "assembly/unicycler/quast/genome_stats/genome_info.txt",
                "assembly/unicycler/quast/icarus.html",
                "assembly/unicycler/quast/icarus_viewers",
                "assembly/unicycler/quast/icarus_viewers/alignment_viewer.html",
                "assembly/unicycler/quast/icarus_viewers/contig_size_viewer.html",
                "assembly/unicycler/quast/quast.log",
                "assembly/unicycler/quast/report.html",
                "assembly/unicycler/quast/report.pdf",
                "assembly/unicycler/quast/report.tex",
                "assembly/unicycler/quast/report.tsv",
                "assembly/unicycler/quast/report.txt",
                "assembly/unicycler/quast/transposed_report.tex",
                "assembly/unicycler/quast/transposed_report.tsv",
                "assembly/unicycler/quast/transposed_report.txt",
                "fastp",
                "fastp/SRR11140744.fastp.html",
                "fastp/SRR11140744.fastp.json",
                "fastp/SRR11140746.fastp.html",
                "fastp/SRR11140746.fastp.json",
                "fastp/SRR11140748.fastp.html",
                "fastp/SRR11140748.fastp.json",
                "fastp/SRR11140750.fastp.html",
                "fastp/SRR11140750.fastp.json",
                "fastp/log",
                "fastp/log/SRR11140744.fastp.log",
                "fastp/log/SRR11140746.fastp.log",
                "fastp/log/SRR11140748.fastp.log",
                "fastp/log/SRR11140750.fastp.log",
                "fastqc",
                "fastqc/raw",
                "fastqc/raw/SRR11140744_1_fastqc.html",
                "fastqc/raw/SRR11140744_1_fastqc.zip",
                "fastqc/raw/SRR11140744_2_fastqc.html",
                "fastqc/raw/SRR11140744_2_fastqc.zip",
                "fastqc/raw/SRR11140746_1_fastqc.html",
                "fastqc/raw/SRR11140746_1_fastqc.zip",
                "fastqc/raw/SRR11140746_2_fastqc.html",
                "fastqc/raw/SRR11140746_2_fastqc.zip",
                "fastqc/raw/SRR11140748_1_fastqc.html",
                "fastqc/raw/SRR11140748_1_fastqc.zip",
                "fastqc/raw/SRR11140748_2_fastqc.html",
                "fastqc/raw/SRR11140748_2_fastqc.zip",
                "fastqc/raw/SRR11140750_1_fastqc.html",
                "fastqc/raw/SRR11140750_1_fastqc.zip",
                "fastqc/raw/SRR11140750_2_fastqc.html",
                "fastqc/raw/SRR11140750_2_fastqc.zip",
                "fastqc/trim",
                "fastqc/trim/SRR11140744_1_fastqc.html",
                "fastqc/trim/SRR11140744_1_fastqc.zip",
                "fastqc/trim/SRR11140744_2_fastqc.html",
                "fastqc/trim/SRR11140744_2_fastqc.zip",
                "fastqc/trim/SRR11140746_1_fastqc.html",
                "fastqc/trim/SRR11140746_1_fastqc.zip",
                "fastqc/trim/SRR11140746_2_fastqc.html",
                "fastqc/trim/SRR11140746_2_fastqc.zip",
                "fastqc/trim/SRR11140748_1_fastqc.html",
                "fastqc/trim/SRR11140748_1_fastqc.zip",
                "fastqc/trim/SRR11140748_2_fastqc.html",
                "fastqc/trim/SRR11140748_2_fastqc.zip",
                "fastqc/trim/SRR11140750_1_fastqc.html",
                "fastqc/trim/SRR11140750_1_fastqc.zip",
                "fastqc/trim/SRR11140750_2_fastqc.html",
                "fastqc/trim/SRR11140750_2_fastqc.zip",
                "kraken2",
                "kraken2/SRR11140744.kraken2.report.txt",
                "kraken2/SRR11140746.kraken2.report.txt",
                "kraken2/SRR11140748.kraken2.report.txt",
                "kraken2/SRR11140750.kraken2.report.txt",
                "multiqc",
                "multiqc/multiqc_data",
                "multiqc/multiqc_data/mosdepth_cov_dist.yaml",
                "multiqc/multiqc_data/mosdepth_cumcov_dist.yaml",
                "multiqc/multiqc_data/mosdepth_perchrom.yaml",
                "multiqc/multiqc_data/multiqc.log",
                "multiqc/multiqc_data/multiqc_bcftools_stats.yaml",
                "multiqc/multiqc_data/multiqc_bowtie2.yaml",
                "multiqc/multiqc_data/multiqc_citations.yaml",
                "multiqc/multiqc_data/multiqc_data.json",
                "multiqc/multiqc_data/multiqc_fail_mapped_samples_table.yaml",
                "multiqc/multiqc_data/multiqc_fastp.yaml",
                "multiqc/multiqc_data/multiqc_fastqc.yaml",
                "multiqc/multiqc_data/multiqc_freyja.yaml",
                "multiqc/multiqc_data/multiqc_kraken.yaml",
                "multiqc/multiqc_data/multiqc_samtools_flagstat_samtools_bowtie2.yaml",
                "multiqc/multiqc_data/multiqc_snpeff.yaml",
                "multiqc/multiqc_data/multiqc_software_versions.yaml",
                "multiqc/multiqc_data/multiqc_sources.yaml",
                "multiqc/multiqc_data/multiqc_summary_assembly_metrics_plot.yaml",
                "multiqc/multiqc_data/multiqc_summary_variants_metrics_plot.yaml",
                "multiqc/multiqc_report.html",
                "multiqc/summary_assembly_metrics_mqc.csv",
                "multiqc/summary_variants_metrics_mqc.csv",
                "pipeline_info",
                "pipeline_info/nf_core_viralrecon_software_mqc_versions.yml",
                "variants",
                "variants/bcftools",
                "variants/bcftools/SRR11140744.vcf.gz",
                "variants/bcftools/SRR11140744.vcf.gz.tbi",
                "variants/bcftools/SRR11140746.vcf.gz",
                "variants/bcftools/SRR11140746.vcf.gz.tbi",
                "variants/bcftools/SRR11140748.vcf.gz",
                "variants/bcftools/SRR11140748.vcf.gz.tbi",
                "variants/bcftools/bcftools_stats",
                "variants/bcftools/bcftools_stats/SRR11140744.bcftools_stats.txt",
                "variants/bcftools/bcftools_stats/SRR11140746.bcftools_stats.txt",
                "variants/bcftools/bcftools_stats/SRR11140748.bcftools_stats.txt",
                "variants/bcftools/consensus",
                "variants/bcftools/consensus/bcftools",
                "variants/bcftools/consensus/bcftools/SRR11140744.consensus.fa",
                "variants/bcftools/consensus/bcftools/SRR11140744.filtered.vcf.gz",
                "variants/bcftools/consensus/bcftools/SRR11140744.filtered.vcf.gz.tbi",
                "variants/bcftools/consensus/bcftools/SRR11140746.consensus.fa",
                "variants/bcftools/consensus/bcftools/SRR11140746.filtered.vcf.gz",
                "variants/bcftools/consensus/bcftools/SRR11140746.filtered.vcf.gz.tbi",
                "variants/bcftools/consensus/bcftools/SRR11140748.consensus.fa",
                "variants/bcftools/consensus/bcftools/SRR11140748.filtered.vcf.gz",
                "variants/bcftools/consensus/bcftools/SRR11140748.filtered.vcf.gz.tbi",
                "variants/bcftools/consensus/bcftools/base_qc",
                "variants/bcftools/consensus/bcftools/base_qc/SRR11140744.consensus.ACTG_density.pdf",
                "variants/bcftools/consensus/bcftools/base_qc/SRR11140744.consensus.N_density.pdf",
                "variants/bcftools/consensus/bcftools/base_qc/SRR11140744.consensus.N_run.tsv",
                "variants/bcftools/consensus/bcftools/base_qc/SRR11140744.consensus.base_counts.pdf",
                "variants/bcftools/consensus/bcftools/base_qc/SRR11140744.consensus.base_counts.tsv",
                "variants/bcftools/consensus/bcftools/base_qc/SRR11140746.consensus.ACTG_density.pdf",
                "variants/bcftools/consensus/bcftools/base_qc/SRR11140746.consensus.N_density.pdf",
                "variants/bcftools/consensus/bcftools/base_qc/SRR11140746.consensus.N_run.tsv",
                "variants/bcftools/consensus/bcftools/base_qc/SRR11140746.consensus.base_counts.pdf",
                "variants/bcftools/consensus/bcftools/base_qc/SRR11140746.consensus.base_counts.tsv",
                "variants/bcftools/consensus/bcftools/base_qc/SRR11140748.consensus.ACTG_density.pdf",
                "variants/bcftools/consensus/bcftools/base_qc/SRR11140748.consensus.N_density.pdf",
                "variants/bcftools/consensus/bcftools/base_qc/SRR11140748.consensus.N_run.tsv",
                "variants/bcftools/consensus/bcftools/base_qc/SRR11140748.consensus.base_counts.pdf",
                "variants/bcftools/consensus/bcftools/base_qc/SRR11140748.consensus.base_counts.tsv",
                "variants/bcftools/consensus/bcftools/nextclade",
                "variants/bcftools/consensus/bcftools/nextclade/SRR11140744.csv",
                "variants/bcftools/consensus/bcftools/nextclade/SRR11140746.csv",
                "variants/bcftools/consensus/bcftools/nextclade/SRR11140748.csv",
                "variants/bcftools/consensus/bcftools/quast",
                "variants/bcftools/consensus/bcftools/quast/aligned_stats",
                "variants/bcftools/consensus/bcftools/quast/aligned_stats/NAx_plot.pdf",
                "variants/bcftools/consensus/bcftools/quast/aligned_stats/NGAx_plot.pdf",
                "variants/bcftools/consensus/bcftools/quast/aligned_stats/cumulative_plot.pdf",
                "variants/bcftools/consensus/bcftools/quast/basic_stats",
                "variants/bcftools/consensus/bcftools/quast/basic_stats/GC_content_plot.pdf",
                "variants/bcftools/consensus/bcftools/quast/basic_stats/NGx_plot.pdf",
                "variants/bcftools/consensus/bcftools/quast/basic_stats/Nx_plot.pdf",
                "variants/bcftools/consensus/bcftools/quast/basic_stats/SRR11140744.consensus_GC_content_plot.pdf",
                "variants/bcftools/consensus/bcftools/quast/basic_stats/SRR11140746.consensus_GC_content_plot.pdf",
                "variants/bcftools/consensus/bcftools/quast/basic_stats/SRR11140748.consensus_GC_content_plot.pdf",
                "variants/bcftools/consensus/bcftools/quast/basic_stats/cumulative_plot.pdf",
                "variants/bcftools/consensus/bcftools/quast/basic_stats/gc.icarus.txt",
                "variants/bcftools/consensus/bcftools/quast/contigs_reports",
                "variants/bcftools/consensus/bcftools/quast/contigs_reports/SRR11140744-consensus.mis_contigs.fa",
                "variants/bcftools/consensus/bcftools/quast/contigs_reports/SRR11140744-consensus.misassemblies.gff",
                "variants/bcftools/consensus/bcftools/quast/contigs_reports/SRR11140746-consensus.mis_contigs.fa",
                "variants/bcftools/consensus/bcftools/quast/contigs_reports/SRR11140746-consensus.misassemblies.gff",
                "variants/bcftools/consensus/bcftools/quast/contigs_reports/SRR11140748-consensus.mis_contigs.fa",
                "variants/bcftools/consensus/bcftools/quast/contigs_reports/SRR11140748-consensus.misassemblies.gff",
                "variants/bcftools/consensus/bcftools/quast/contigs_reports/all_alignments_SRR11140744-consensus.tsv",
                "variants/bcftools/consensus/bcftools/quast/contigs_reports/all_alignments_SRR11140746-consensus.tsv",
                "variants/bcftools/consensus/bcftools/quast/contigs_reports/all_alignments_SRR11140748-consensus.tsv",
                "variants/bcftools/consensus/bcftools/quast/contigs_reports/contigs_report_SRR11140744-consensus.mis_contigs.info",
                "variants/bcftools/consensus/bcftools/quast/contigs_reports/contigs_report_SRR11140744-consensus.stderr",
                "variants/bcftools/consensus/bcftools/quast/contigs_reports/contigs_report_SRR11140744-consensus.stdout",
                "variants/bcftools/consensus/bcftools/quast/contigs_reports/contigs_report_SRR11140744-consensus.unaligned.info",
                "variants/bcftools/consensus/bcftools/quast/contigs_reports/contigs_report_SRR11140746-consensus.mis_contigs.info",
                "variants/bcftools/consensus/bcftools/quast/contigs_reports/contigs_report_SRR11140746-consensus.stderr",
                "variants/bcftools/consensus/bcftools/quast/contigs_reports/contigs_report_SRR11140746-consensus.stdout",
                "variants/bcftools/consensus/bcftools/quast/contigs_reports/contigs_report_SRR11140746-consensus.unaligned.info",
                "variants/bcftools/consensus/bcftools/quast/contigs_reports/contigs_report_SRR11140748-consensus.mis_contigs.info",
                "variants/bcftools/consensus/bcftools/quast/contigs_reports/contigs_report_SRR11140748-consensus.stderr",
                "variants/bcftools/consensus/bcftools/quast/contigs_reports/contigs_report_SRR11140748-consensus.stdout",
                "variants/bcftools/consensus/bcftools/quast/contigs_reports/contigs_report_SRR11140748-consensus.unaligned.info",
                "variants/bcftools/consensus/bcftools/quast/contigs_reports/minimap_output",
                "variants/bcftools/consensus/bcftools/quast/contigs_reports/minimap_output/SRR11140744-consensus.coords",
                "variants/bcftools/consensus/bcftools/quast/contigs_reports/minimap_output/SRR11140744-consensus.coords.filtered",
                "variants/bcftools/consensus/bcftools/quast/contigs_reports/minimap_output/SRR11140744-consensus.coords_tmp",
                "variants/bcftools/consensus/bcftools/quast/contigs_reports/minimap_output/SRR11140744-consensus.sf",
                "variants/bcftools/consensus/bcftools/quast/contigs_reports/minimap_output/SRR11140744-consensus.unaligned",
                "variants/bcftools/consensus/bcftools/quast/contigs_reports/minimap_output/SRR11140744-consensus.used_snps",
                "variants/bcftools/consensus/bcftools/quast/contigs_reports/minimap_output/SRR11140746-consensus.coords",
                "variants/bcftools/consensus/bcftools/quast/contigs_reports/minimap_output/SRR11140746-consensus.coords.filtered",
                "variants/bcftools/consensus/bcftools/quast/contigs_reports/minimap_output/SRR11140746-consensus.coords_tmp",
                "variants/bcftools/consensus/bcftools/quast/contigs_reports/minimap_output/SRR11140746-consensus.sf",
                "variants/bcftools/consensus/bcftools/quast/contigs_reports/minimap_output/SRR11140746-consensus.unaligned",
                "variants/bcftools/consensus/bcftools/quast/contigs_reports/minimap_output/SRR11140746-consensus.used_snps",
                "variants/bcftools/consensus/bcftools/quast/contigs_reports/minimap_output/SRR11140748-consensus.coords",
                "variants/bcftools/consensus/bcftools/quast/contigs_reports/minimap_output/SRR11140748-consensus.coords.filtered",
                "variants/bcftools/consensus/bcftools/quast/contigs_reports/minimap_output/SRR11140748-consensus.coords_tmp",
                "variants/bcftools/consensus/bcftools/quast/contigs_reports/minimap_output/SRR11140748-consensus.sf",
                "variants/bcftools/consensus/bcftools/quast/contigs_reports/minimap_output/SRR11140748-consensus.unaligned",
                "variants/bcftools/consensus/bcftools/quast/contigs_reports/minimap_output/SRR11140748-consensus.used_snps",
                "variants/bcftools/consensus/bcftools/quast/contigs_reports/misassemblies_frcurve_plot.pdf",
                "variants/bcftools/consensus/bcftools/quast/contigs_reports/misassemblies_plot.pdf",
                "variants/bcftools/consensus/bcftools/quast/contigs_reports/misassemblies_report.tex",
                "variants/bcftools/consensus/bcftools/quast/contigs_reports/misassemblies_report.tsv",
                "variants/bcftools/consensus/bcftools/quast/contigs_reports/misassemblies_report.txt",
                "variants/bcftools/consensus/bcftools/quast/contigs_reports/transposed_report_misassemblies.tex",
                "variants/bcftools/consensus/bcftools/quast/contigs_reports/transposed_report_misassemblies.tsv",
                "variants/bcftools/consensus/bcftools/quast/contigs_reports/transposed_report_misassemblies.txt",
                "variants/bcftools/consensus/bcftools/quast/contigs_reports/unaligned_report.tex",
                "variants/bcftools/consensus/bcftools/quast/contigs_reports/unaligned_report.tsv",
                "variants/bcftools/consensus/bcftools/quast/contigs_reports/unaligned_report.txt",
                "variants/bcftools/consensus/bcftools/quast/genome_stats",
                "variants/bcftools/consensus/bcftools/quast/genome_stats/SRR11140744-consensus_gaps.txt",
                "variants/bcftools/consensus/bcftools/quast/genome_stats/SRR11140744-consensus_genomic_features_any.txt",
                "variants/bcftools/consensus/bcftools/quast/genome_stats/SRR11140746-consensus_gaps.txt",
                "variants/bcftools/consensus/bcftools/quast/genome_stats/SRR11140746-consensus_genomic_features_any.txt",
                "variants/bcftools/consensus/bcftools/quast/genome_stats/SRR11140748-consensus_gaps.txt",
                "variants/bcftools/consensus/bcftools/quast/genome_stats/SRR11140748-consensus_genomic_features_any.txt",
                "variants/bcftools/consensus/bcftools/quast/genome_stats/complete_features_histogram.pdf",
                "variants/bcftools/consensus/bcftools/quast/genome_stats/features_cumulative_plot.pdf",
                "variants/bcftools/consensus/bcftools/quast/genome_stats/features_frcurve_plot.pdf",
                "variants/bcftools/consensus/bcftools/quast/genome_stats/genome_fraction_histogram.pdf",
                "variants/bcftools/consensus/bcftools/quast/genome_stats/genome_info.txt",
                "variants/bcftools/consensus/bcftools/quast/icarus.html",
                "variants/bcftools/consensus/bcftools/quast/icarus_viewers",
                "variants/bcftools/consensus/bcftools/quast/icarus_viewers/alignment_viewer.html",
                "variants/bcftools/consensus/bcftools/quast/icarus_viewers/contig_size_viewer.html",
                "variants/bcftools/consensus/bcftools/quast/quast.log",
                "variants/bcftools/consensus/bcftools/quast/report.html",
                "variants/bcftools/consensus/bcftools/quast/report.pdf",
                "variants/bcftools/consensus/bcftools/quast/report.tex",
                "variants/bcftools/consensus/bcftools/quast/report.tsv",
                "variants/bcftools/consensus/bcftools/quast/report.txt",
                "variants/bcftools/consensus/bcftools/quast/transposed_report.tex",
                "variants/bcftools/consensus/bcftools/quast/transposed_report.tsv",
                "variants/bcftools/consensus/bcftools/quast/transposed_report.txt",
                "variants/bcftools/snpeff",
                "variants/bcftools/snpeff/SRR11140744.snpeff.csv",
                "variants/bcftools/snpeff/SRR11140744.snpeff.genes.txt",
                "variants/bcftools/snpeff/SRR11140744.snpeff.summary.html",
                "variants/bcftools/snpeff/SRR11140744.snpeff.vcf.gz",
                "variants/bcftools/snpeff/SRR11140744.snpeff.vcf.gz.tbi",
                "variants/bcftools/snpeff/SRR11140744.snpsift.txt",
                "variants/bcftools/snpeff/SRR11140746.snpeff.csv",
                "variants/bcftools/snpeff/SRR11140746.snpeff.genes.txt",
                "variants/bcftools/snpeff/SRR11140746.snpeff.summary.html",
                "variants/bcftools/snpeff/SRR11140746.snpeff.vcf.gz",
                "variants/bcftools/snpeff/SRR11140746.snpeff.vcf.gz.tbi",
                "variants/bcftools/snpeff/SRR11140746.snpsift.txt",
                "variants/bcftools/snpeff/SRR11140748.snpeff.csv",
                "variants/bcftools/snpeff/SRR11140748.snpeff.genes.txt",
                "variants/bcftools/snpeff/SRR11140748.snpeff.summary.html",
                "variants/bcftools/snpeff/SRR11140748.snpeff.vcf.gz",
                "variants/bcftools/snpeff/SRR11140748.snpeff.vcf.gz.tbi",
                "variants/bcftools/snpeff/SRR11140748.snpsift.txt",
                "variants/bcftools/snpeff/bcftools_stats",
                "variants/bcftools/snpeff/bcftools_stats/SRR11140744.snpeff.bcftools_stats.txt",
                "variants/bcftools/snpeff/bcftools_stats/SRR11140746.snpeff.bcftools_stats.txt",
                "variants/bcftools/snpeff/bcftools_stats/SRR11140748.snpeff.bcftools_stats.txt",
                "variants/bcftools/variants_long_table.csv",
                "variants/bowtie2",
                "variants/bowtie2/SRR11140744.sorted.bam",
                "variants/bowtie2/SRR11140744.sorted.bam.bai",
                "variants/bowtie2/SRR11140746.sorted.bam",
                "variants/bowtie2/SRR11140746.sorted.bam.bai",
                "variants/bowtie2/SRR11140748.sorted.bam",
                "variants/bowtie2/SRR11140748.sorted.bam.bai",
                "variants/bowtie2/SRR11140750.sorted.bam",
                "variants/bowtie2/SRR11140750.sorted.bam.bai",
                "variants/bowtie2/log",
                "variants/bowtie2/log/SRR11140744.bowtie2.log",
                "variants/bowtie2/log/SRR11140746.bowtie2.log",
                "variants/bowtie2/log/SRR11140748.bowtie2.log",
                "variants/bowtie2/log/SRR11140750.bowtie2.log",
                "variants/bowtie2/mosdepth",
                "variants/bowtie2/mosdepth/genome",
                "variants/bowtie2/mosdepth/genome/SRR11140744.mosdepth.coverage.pdf",
                "variants/bowtie2/mosdepth/genome/SRR11140744.mosdepth.coverage.tsv",
                "variants/bowtie2/mosdepth/genome/SRR11140744.mosdepth.summary.txt",
                "variants/bowtie2/mosdepth/genome/SRR11140746.mosdepth.coverage.pdf",
                "variants/bowtie2/mosdepth/genome/SRR11140746.mosdepth.coverage.tsv",
                "variants/bowtie2/mosdepth/genome/SRR11140746.mosdepth.summary.txt",
                "variants/bowtie2/mosdepth/genome/SRR11140748.mosdepth.coverage.pdf",
                "variants/bowtie2/mosdepth/genome/SRR11140748.mosdepth.coverage.tsv",
                "variants/bowtie2/mosdepth/genome/SRR11140748.mosdepth.summary.txt",
                "variants/bowtie2/mosdepth/genome/all_samples.mosdepth.coverage.tsv",
                "variants/bowtie2/picard_metrics",
                "variants/bowtie2/picard_metrics/SRR11140744.CollectMultipleMetrics.alignment_summary_metrics",
                "variants/bowtie2/picard_metrics/SRR11140744.CollectMultipleMetrics.base_distribution_by_cycle_metrics",
                "variants/bowtie2/picard_metrics/SRR11140744.CollectMultipleMetrics.insert_size_metrics",
                "variants/bowtie2/picard_metrics/SRR11140744.CollectMultipleMetrics.quality_by_cycle_metrics",
                "variants/bowtie2/picard_metrics/SRR11140744.CollectMultipleMetrics.quality_distribution_metrics",
                "variants/bowtie2/picard_metrics/SRR11140746.CollectMultipleMetrics.alignment_summary_metrics",
                "variants/bowtie2/picard_metrics/SRR11140746.CollectMultipleMetrics.base_distribution_by_cycle_metrics",
                "variants/bowtie2/picard_metrics/SRR11140746.CollectMultipleMetrics.insert_size_metrics",
                "variants/bowtie2/picard_metrics/SRR11140746.CollectMultipleMetrics.quality_by_cycle_metrics",
                "variants/bowtie2/picard_metrics/SRR11140746.CollectMultipleMetrics.quality_distribution_metrics",
                "variants/bowtie2/picard_metrics/SRR11140748.CollectMultipleMetrics.alignment_summary_metrics",
                "variants/bowtie2/picard_metrics/SRR11140748.CollectMultipleMetrics.base_distribution_by_cycle_metrics",
                "variants/bowtie2/picard_metrics/SRR11140748.CollectMultipleMetrics.insert_size_metrics",
                "variants/bowtie2/picard_metrics/SRR11140748.CollectMultipleMetrics.quality_by_cycle_metrics",
                "variants/bowtie2/picard_metrics/SRR11140748.CollectMultipleMetrics.quality_distribution_metrics",
                "variants/bowtie2/picard_metrics/pdf",
                "variants/bowtie2/picard_metrics/pdf/SRR11140744.CollectMultipleMetrics.base_distribution_by_cycle.pdf",
                "variants/bowtie2/picard_metrics/pdf/SRR11140744.CollectMultipleMetrics.insert_size_histogram.pdf",
                "variants/bowtie2/picard_metrics/pdf/SRR11140744.CollectMultipleMetrics.quality_by_cycle.pdf",
                "variants/bowtie2/picard_metrics/pdf/SRR11140744.CollectMultipleMetrics.quality_distribution.pdf",
                "variants/bowtie2/picard_metrics/pdf/SRR11140744.CollectMultipleMetrics.read_length_histogram.pdf",
                "variants/bowtie2/picard_metrics/pdf/SRR11140746.CollectMultipleMetrics.base_distribution_by_cycle.pdf",
                "variants/bowtie2/picard_metrics/pdf/SRR11140746.CollectMultipleMetrics.insert_size_histogram.pdf",
                "variants/bowtie2/picard_metrics/pdf/SRR11140746.CollectMultipleMetrics.quality_by_cycle.pdf",
                "variants/bowtie2/picard_metrics/pdf/SRR11140746.CollectMultipleMetrics.quality_distribution.pdf",
                "variants/bowtie2/picard_metrics/pdf/SRR11140746.CollectMultipleMetrics.read_length_histogram.pdf",
                "variants/bowtie2/picard_metrics/pdf/SRR11140748.CollectMultipleMetrics.base_distribution_by_cycle.pdf",
                "variants/bowtie2/picard_metrics/pdf/SRR11140748.CollectMultipleMetrics.insert_size_histogram.pdf",
                "variants/bowtie2/picard_metrics/pdf/SRR11140748.CollectMultipleMetrics.quality_by_cycle.pdf",
                "variants/bowtie2/picard_metrics/pdf/SRR11140748.CollectMultipleMetrics.quality_distribution.pdf",
                "variants/bowtie2/picard_metrics/pdf/SRR11140748.CollectMultipleMetrics.read_length_histogram.pdf",
                "variants/bowtie2/samtools_stats",
                "variants/bowtie2/samtools_stats/SRR11140744.sorted.bam.flagstat",
                "variants/bowtie2/samtools_stats/SRR11140744.sorted.bam.idxstats",
                "variants/bowtie2/samtools_stats/SRR11140744.sorted.bam.stats",
                "variants/bowtie2/samtools_stats/SRR11140746.sorted.bam.flagstat",
                "variants/bowtie2/samtools_stats/SRR11140746.sorted.bam.idxstats",
                "variants/bowtie2/samtools_stats/SRR11140746.sorted.bam.stats",
                "variants/bowtie2/samtools_stats/SRR11140748.sorted.bam.flagstat",
                "variants/bowtie2/samtools_stats/SRR11140748.sorted.bam.idxstats",
                "variants/bowtie2/samtools_stats/SRR11140748.sorted.bam.stats",
                "variants/bowtie2/samtools_stats/SRR11140750.sorted.bam.flagstat",
                "variants/bowtie2/samtools_stats/SRR11140750.sorted.bam.idxstats",
                "variants/bowtie2/samtools_stats/SRR11140750.sorted.bam.stats",
                "variants/freyja",
                "variants/freyja/bootstrap",
                "variants/freyja/bootstrap/SRR11140744_lineages.csv",
                "variants/freyja/bootstrap/SRR11140744_summarized.csv",
                "variants/freyja/bootstrap/SRR11140746_lineages.csv",
                "variants/freyja/bootstrap/SRR11140746_summarized.csv",
                "variants/freyja/bootstrap/SRR11140748_lineages.csv",
                "variants/freyja/bootstrap/SRR11140748_summarized.csv",
                "variants/freyja/demix",
                "variants/freyja/demix/SRR11140744.tsv",
                "variants/freyja/demix/SRR11140746.tsv",
                "variants/freyja/demix/SRR11140748.tsv",
                "variants/freyja/freyja_db",
                "variants/freyja/freyja_db/curated_lineages.json",
                "variants/freyja/freyja_db/lineages.yml",
                "variants/freyja/freyja_db/usher_barcodes.feather",
                "variants/freyja/variants",
                "variants/freyja/variants/SRR11140744.depth.tsv",
                "variants/freyja/variants/SRR11140744.variants.tsv",
                "variants/freyja/variants/SRR11140746.depth.tsv",
                "variants/freyja/variants/SRR11140746.variants.tsv",
                "variants/freyja/variants/SRR11140748.depth.tsv",
                "variants/freyja/variants/SRR11140748.variants.tsv"
            ],
            [
                "SRR11140744.assembly.gfa.gz:md5,86be24c00870a1b397ed11df8a7fa424",
                "SRR11140744.contigs.fa.gz:md5,66161b06208b6db1cf88fee7fd19c57b",
                "SRR11140744.scaffolds.fa.gz:md5,66161b06208b6db1cf88fee7fd19c57b",
                "SRR11140746.assembly.gfa.gz:md5,a4b8391869f3905e05b89c7e6a257ef1",
                "SRR11140746.contigs.fa.gz:md5,8d2127f13d79b338c1312b87c6a6d30c",
                "SRR11140746.scaffolds.fa.gz:md5,8d2127f13d79b338c1312b87c6a6d30c",
                "SRR11140748.assembly.gfa.gz:md5,5275ca89b311a3bed7da7f474262b941",
                "SRR11140748.contigs.fa.gz:md5,3e17e5c0992a67d9a6d2be6602af9fbc",
                "SRR11140748.scaffolds.fa.gz:md5,3e17e5c0992a67d9a6d2be6602af9fbc",
                "SRR11140750.assembly.gfa.gz:md5,e51d11a7093a68fd25935b59d9dfde13",
                "SRR11140750.contigs.fa.gz:md5,4ffe40588e6cb22964710c9face29a10",
                "SRR11140750.scaffolds.fa.gz:md5,4ffe40588e6cb22964710c9face29a10",
                "SRR11140744.abacas.MULTIFASTA.fa:md5,b5ad499d56e9ad356d14f896d7e5dab3",
                "SRR11140744.abacas.bin:md5,d41d8cd98f00b204e9800998ecf8427e",
                "SRR11140744.abacas.crunch:md5,3d9603b31ddc9742426e471be41091ff",
                "SRR11140744.abacas.fasta:md5,8601c664c8c13cb77c17640807333247",
                "SRR11140744.abacas.gaps:md5,98d44923fbbc5caac135917415658593",
                "SRR11140744.abacas.gaps.tab:md5,3e8dc370eb75c2e7b53bed84027479b6",
                "SRR11140744.abacas.nucmer.tiling:md5,2eb30a151b44e662a6084472739d2c38",
                "SRR11140744.abacas.tab:md5,e2aaad240582f2617ce5b9f94280aa64",
                "SRR11140744.abacas.unused.contigs.out:md5,d41d8cd98f00b204e9800998ecf8427e",
                "SRR11140746.abacas.MULTIFASTA.fa:md5,661b6ad9242e5bb30a0d017ed6c7f479",
                "SRR11140746.abacas.bin:md5,d41d8cd98f00b204e9800998ecf8427e",
                "SRR11140746.abacas.crunch:md5,d8fd7d83c1654383f00eae04c19a443b",
                "SRR11140746.abacas.fasta:md5,8bbc2ad2de99f2766980a43791a51bb9",
                "SRR11140746.abacas.gaps:md5,7e74c9d7154178782e28777fc9312bf1",
                "SRR11140746.abacas.gaps.tab:md5,c7f1a3e8f7cb9fecdd08f850e664532e",
                "SRR11140746.abacas.nucmer.tiling:md5,e59d31d18c890b0a49ae9fbf16a7ea40",
                "SRR11140746.abacas.tab:md5,983bb6b7f5e35d3bd89db72b06553ca5",
                "SRR11140746.abacas.unused.contigs.out:md5,d41d8cd98f00b204e9800998ecf8427e",
                "SRR11140748.abacas.MULTIFASTA.fa:md5,6c2cc81b42da54e9899416e693b84705",
                "SRR11140748.abacas.bin:md5,d41d8cd98f00b204e9800998ecf8427e",
                "SRR11140748.abacas.crunch:md5,c39b55f173e7224952a48a02f76d2bce",
                "SRR11140748.abacas.fasta:md5,2018cb453fc007b9261e45eabbe0aed1",
                "SRR11140748.abacas.gaps:md5,e5359bbfd32e66a101ddf41b24e8f73f",
                "SRR11140748.abacas.gaps.tab:md5,f885107d04a9660090ac8241311d07fc",
                "SRR11140748.abacas.nucmer.tiling:md5,0bd69a5b789469fadb83b45d34c5bfaa",
                "SRR11140748.abacas.tab:md5,ddd0a9ad9cccd39f5f0f4dba8965fdaf",
                "SRR11140748.abacas.unused.contigs.out:md5,d41d8cd98f00b204e9800998ecf8427e",
                "SRR11140750.abacas.MULTIFASTA.fa:md5,9ee5e1f3388ed97664f4a66cc1e0d2fd",
                "SRR11140750.abacas.bin:md5,d41d8cd98f00b204e9800998ecf8427e",
                "SRR11140750.abacas.crunch:md5,0689edfd2ef3418d43c9bde3aa89ab42",
                "SRR11140750.abacas.fasta:md5,1a8660e3c1874e8d3e8c50efb1048e56",
                "SRR11140750.abacas.gaps:md5,da3c79594e1031ebfa35402c61948260",
                "SRR11140750.abacas.gaps.tab:md5,3f8eef3d896a72ccfd6f478cfbb04ca3",
                "SRR11140750.abacas.nucmer.tiling:md5,1419219e25a1be16691d4b6dad8279b1",
                "SRR11140750.abacas.tab:md5,cbf81cb973811bf259a5492ba20d90aa",
                "SRR11140750.abacas.unused.contigs.out:md5,d41d8cd98f00b204e9800998ecf8427e",
                "SRR11140744.filter.blastn.txt:md5,ec171f4b550a92abc5e6994e72f94b7e",
                "SRR11140744.results.blastn.txt:md5,d0c159aded7d6071b72de3536e33b30e",
                "SRR11140746.filter.blastn.txt:md5,659d7c67d9fe8a2ff78d95dcabb24083",
                "SRR11140746.results.blastn.txt:md5,acad47d31e7e768e5e62dcd1389f1f2d",
                "SRR11140748.filter.blastn.txt:md5,446dd15450fd133f409279c6170df3bd",
                "SRR11140748.results.blastn.txt:md5,0288399fa932192fc6916ff797e9d394",
                "SRR11140750.filter.blastn.txt:md5,7822ea9d7feb1b0fc7b8b29e97cfefc9",
                "SRR11140750.results.blastn.txt:md5,d0b4c985257581bc75749ea5b78b6cf7",
                "gc.icarus.txt:md5,f18a506ebd4e3630c7bb4cef61d30f21",
                "SRR11140744.assembly.gfa.gz:md5,e20450af35a9a897505dab0b153bbad5",
                "SRR11140744.scaffolds.fa.gz:md5,b0ea8aa55f21502062dee2ad3a9b5679",
                "SRR11140746.assembly.gfa.gz:md5,592b45721e7530cb18605591b0ebc6c7",
                "SRR11140746.scaffolds.fa.gz:md5,e94eb83a55866e8b450de5c7b5535148",
                "SRR11140748.assembly.gfa.gz:md5,5477a799d5b30294b909c1db01fe47a3",
                "SRR11140748.scaffolds.fa.gz:md5,922f7fbfb05f0563a72ac7dde743c64d",
                "SRR11140750.assembly.gfa.gz:md5,81c6066044d2e3d5ab90094088d2cd97",
                "SRR11140750.scaffolds.fa.gz:md5,91e559777b1abb539de2f7ad62bb56f9",
                "SRR11140744.abacas.MULTIFASTA.fa:md5,4cc90e4355d54e286d1289f139cf98ce",
                "SRR11140744.abacas.bin:md5,d41d8cd98f00b204e9800998ecf8427e",
                "SRR11140744.abacas.crunch:md5,8c018a5c3bdb37851566036e40e55e42",
                "SRR11140744.abacas.fasta:md5,4b30a70187899157564575dd4c6af1b9",
                "SRR11140744.abacas.gaps:md5,643d3fe51b9fc1adf45c21f965922262",
                "SRR11140744.abacas.gaps.tab:md5,7f8a9ebb5fa1fdb673a6ea0d312b2d85",
                "SRR11140744.abacas.nucmer.tiling:md5,4dc7ba9600200dbc06653ba3d256bc38",
                "SRR11140744.abacas.tab:md5,477684cabb29b1b4ed8f709818a762da",
                "SRR11140744.abacas.unused.contigs.out:md5,d41d8cd98f00b204e9800998ecf8427e",
                "SRR11140746.abacas.MULTIFASTA.fa:md5,ace54c32d3064ebe39d1591f51936fc2",
                "SRR11140746.abacas.bin:md5,d41d8cd98f00b204e9800998ecf8427e",
                "SRR11140746.abacas.crunch:md5,d8ad3cd1f5b266c867bae46198f56127",
                "SRR11140746.abacas.fasta:md5,80964ff374a9f74c9cafba67f3039814",
                "SRR11140746.abacas.gaps:md5,dfce1199727be306b6bfa65536a79536",
                "SRR11140746.abacas.gaps.tab:md5,069fe854cad8e4fc1610bc33bd0d4ac5",
                "SRR11140746.abacas.nucmer.tiling:md5,999a6ea1d2aeca4c9286f3467e81f7d7",
                "SRR11140746.abacas.tab:md5,b02df627da9674db1acabd144514190d",
                "SRR11140746.abacas.unused.contigs.out:md5,d41d8cd98f00b204e9800998ecf8427e",
                "SRR11140748.abacas.MULTIFASTA.fa:md5,30910bf0b5f2af9f6361f65b41880bb3",
                "SRR11140748.abacas.bin:md5,d41d8cd98f00b204e9800998ecf8427e",
                "SRR11140748.abacas.crunch:md5,05a8d5bfc625a6c561a21d221637c8aa",
                "SRR11140748.abacas.fasta:md5,5dbc4498ff458f95cd41c04632dd9e29",
                "SRR11140748.abacas.gaps:md5,536465aed4ab511f88cb9037f421a635",
                "SRR11140748.abacas.gaps.tab:md5,d0962cececf9be0b834650ba0df63313",
                "SRR11140748.abacas.nucmer.tiling:md5,c889806f6173b503e3d6b93b07e9c7d3",
                "SRR11140748.abacas.tab:md5,c7f2a687cb936a8ec2f25a0e7b450620",
                "SRR11140748.abacas.unused.contigs.out:md5,d41d8cd98f00b204e9800998ecf8427e",
                "SRR11140750.abacas.MULTIFASTA.fa:md5,a8fb1a868dee924e59756810f430b41e",
                "SRR11140750.abacas.bin:md5,d41d8cd98f00b204e9800998ecf8427e",
                "SRR11140750.abacas.crunch:md5,ad7aaa2a45298aeec1409db51c0c5b29",
                "SRR11140750.abacas.fasta:md5,2453aa9fbcb9126930d061706d5da183",
                "SRR11140750.abacas.gaps:md5,2425f6d312a7327f964287168c75a134",
                "SRR11140750.abacas.gaps.tab:md5,a3bf291e36f0ff152be1536133d9e9cb",
                "SRR11140750.abacas.nucmer.tiling:md5,38da2c6b75bed1207cd849588f6b0838",
                "SRR11140750.abacas.tab:md5,5c7d16bca687074c6b55e42834db87db",
                "SRR11140750.abacas.unused.contigs.out:md5,d41d8cd98f00b204e9800998ecf8427e",
                "SRR11140744.filter.blastn.txt:md5,02e637eb6791b9dfda37c68d4ed97b26",
                "SRR11140744.results.blastn.txt:md5,7d5b4ae9f8fcd19fbf40fab133b634fa",
                "SRR11140746.filter.blastn.txt:md5,138c7e8138394228c13a731825732d24",
                "SRR11140746.results.blastn.txt:md5,40262bd4b83391f0af9829950ab83b51",
                "SRR11140748.filter.blastn.txt:md5,9cfee73a2453d05dddc9de800e3098b4",
                "SRR11140748.results.blastn.txt:md5,5e281c2524b2e0f93659d9cfa4633a1f",
                "SRR11140750.filter.blastn.txt:md5,5e388b4a9feab50101f3be7756aead25",
                "SRR11140750.results.blastn.txt:md5,d5e6013cc3a64640265c807c596d983b",
                "gc.icarus.txt:md5,f18a506ebd4e3630c7bb4cef61d30f21",
                "SRR11140744.fastp.json:md5,2fdf5a6992451ffb6401eaf99a69454f",
                "SRR11140746.fastp.json:md5,47cc67f799e041bb7a1b46d95d58c821",
                "SRR11140748.fastp.json:md5,9ac79b890cfbe3701faf3bfdd6221e66",
                "SRR11140750.fastp.json:md5,611c2dba1d373802f7afceace12a8913",
                "SRR11140744.kraken2.report.txt:md5,8af6d6b36473056da22d0a01e65a468a",
                "SRR11140746.kraken2.report.txt:md5,f0f4463333187c4d5d14b16f1cafc999",
                "SRR11140748.kraken2.report.txt:md5,dcb606266fa1e1b47b4ef5d275159490",
                "SRR11140750.kraken2.report.txt:md5,980edcdd341cbd5ae3bcaff214d8eb5d",
                "mosdepth_cov_dist.yaml:md5,0a85dc835de97c1061490db219d0479b",
                "mosdepth_cumcov_dist.yaml:md5,1c1af222e68041d359a6e6a22c2ee0a0",
                "mosdepth_perchrom.yaml:md5,db58a75734ee69b666e2854e12ab1e32",
                "multiqc_bcftools_stats.yaml:md5,97f9b144c48274b458472b740341da5c",
                "multiqc_bowtie2.yaml:md5,79da4033d4c14f7659ef2628b6632eaa",
                "multiqc_citations.yaml:md5,e6179cea557762589d22fce72c0919c5",
                "multiqc_fail_mapped_samples_table.yaml:md5,404a83f336641846720de605d994a557",
                "multiqc_fastp.yaml:md5,bcf4bec4127f5b0c269bf25ad70d04cb",
                "multiqc_fastqc.yaml:md5,901de4dd3a3e2dd5d1c2f0029290b2f7",
                "multiqc_kraken.yaml:md5,88c1141715e32d11c962008d0ed46e9f",
                "multiqc_samtools_flagstat_samtools_bowtie2.yaml:md5,5e9192b9983dd3597cf489adce7486d3",
                "multiqc_snpeff.yaml:md5,20ff1a51c5804f82cc495cf97ba36223",
                "multiqc_summary_assembly_metrics_plot.yaml:md5,eb4a489307e568f254fbd9fb5d0e9e6f",
                "multiqc_summary_variants_metrics_plot.yaml:md5,c0e26f497591906281756697faba63cb",
                "summary_assembly_metrics_mqc.csv:md5,bc5fbdb83ebdeb170e102b5a9e63a8a1",
                "summary_variants_metrics_mqc.csv:md5,90ec8c1dfc13a9ef36ade569348d3831",
                "SRR11140744.bcftools_stats.txt:md5,57cd0ce55446a3e0ff2bcf4f015bd066",
                "SRR11140746.bcftools_stats.txt:md5,31e2c524c26db8082089eedd14718a5c",
                "SRR11140748.bcftools_stats.txt:md5,3df9b3ab542bd9fdb1ceb3556d8379c3",
                "SRR11140744.consensus.fa:md5,cadda00c8a581203dab834b69496cb7a",
                "SRR11140746.consensus.fa:md5,52213d9c7d4a8238fb601171971d1efb",
                "SRR11140748.consensus.fa:md5,cf2376bb86522ea21d2985308be855b5",
                "SRR11140744.consensus.N_run.tsv:md5,c86c77ef08a0265a8ed6f437fef0a403",
                "SRR11140744.consensus.base_counts.tsv:md5,1c6ce0f62881e9ce7662122f50177ae5",
                "SRR11140746.consensus.N_run.tsv:md5,37ac29c03a884b99c8f5ba745ba8a6eb",
                "SRR11140746.consensus.base_counts.tsv:md5,648e735d433e0b2334752e268485184b",
                "SRR11140748.consensus.N_run.tsv:md5,a2f9bda6f4bb412813b34d8850d23479",
                "SRR11140748.consensus.base_counts.tsv:md5,fd729bf0246f9888a0c9c22894ee9b1e",
                "SRR11140744.csv:md5,afb3bebfab9f26ae23c16214a93f6d76",
                "SRR11140746.csv:md5,762cf1896e3073eefb1205df304f1e4d",
                "SRR11140748.csv:md5,0f22551cbd401be0d000182ab468a1ee",
                "gc.icarus.txt:md5,f18a506ebd4e3630c7bb4cef61d30f21",
                "SRR11140744.snpeff.genes.txt:md5,f086f8928b2357374c143fbd7f968497",
                "SRR11140744.snpsift.txt:md5,366bbbac9b8b7fcc170061d6ddd20410",
                "SRR11140746.snpeff.genes.txt:md5,f086f8928b2357374c143fbd7f968497",
                "SRR11140746.snpsift.txt:md5,366bbbac9b8b7fcc170061d6ddd20410",
                "SRR11140748.snpeff.genes.txt:md5,f086f8928b2357374c143fbd7f968497",
                "SRR11140748.snpsift.txt:md5,366bbbac9b8b7fcc170061d6ddd20410",
                "SRR11140744.snpeff.bcftools_stats.txt:md5,3ec11323db096c44165b242074c954a2",
                "SRR11140746.snpeff.bcftools_stats.txt:md5,0082c318113d5d3ae7695fd68f66a7bf",
                "SRR11140748.snpeff.bcftools_stats.txt:md5,c60f8a414310559a13babb09b9b6163d",
                "variants_long_table.csv:md5,aa4fbfa7f180fe259e9b24b6b64fb086",
                "SRR11140744.bowtie2.log:md5,9a1130e952fee63fc55693e8f7bd8e68",
                "SRR11140746.bowtie2.log:md5,0198cb871169eeaf98649c2e9e150b39",
                "SRR11140748.bowtie2.log:md5,2544f6945a64020985706a9af72dab4f",
                "SRR11140750.bowtie2.log:md5,e885492960cf52936980d59732e9d42b",
                "SRR11140744.mosdepth.coverage.tsv:md5,6dc6e1fa1bd4ddb1024f388016b41d47",
                "SRR11140744.mosdepth.summary.txt:md5,01a3186c0ea90c7ca820793aa90d7e24",
                "SRR11140746.mosdepth.coverage.tsv:md5,6b56704ad2b5e86500ecef7f3eff30dc",
                "SRR11140746.mosdepth.summary.txt:md5,07aca7085cbcfede973bd7a8e29576cf",
                "SRR11140748.mosdepth.coverage.tsv:md5,ee5d3ebb1b69ed1f52c27b5871c4f029",
                "SRR11140748.mosdepth.summary.txt:md5,4e90f1b7be568381a2d626f66006d3dd",
                "SRR11140744.sorted.bam.flagstat:md5,c8b455397e9f088c9ebcdb00d551fa7a",
                "SRR11140744.sorted.bam.idxstats:md5,45a753bbdd38e656e84de27ae6f2803b",
                "SRR11140744.sorted.bam.stats:md5,578e0c0302a64b744aff5219b46f3dcc",
                "SRR11140746.sorted.bam.flagstat:md5,f5cdc8e2c34917ee50ea0f28fa08098c",
                "SRR11140746.sorted.bam.idxstats:md5,48033acbc0bf0021c39b7e6f64509d32",
                "SRR11140746.sorted.bam.stats:md5,8d3b15c7755b7325bdaf6cf8a4feb4c3",
                "SRR11140748.sorted.bam.flagstat:md5,e4126ed4ccfa2e3e23b501413eb7cecc",
                "SRR11140748.sorted.bam.idxstats:md5,26976ca645c7e5e843d5e5ae3ec71242",
                "SRR11140748.sorted.bam.stats:md5,eb8c3ca1040ee207695b4d6e9d8f7623",
                "SRR11140750.sorted.bam.flagstat:md5,b3dd1cba348c0f22fe71245d6289df63",
                "SRR11140750.sorted.bam.idxstats:md5,afb83ab4932278c2b98bea310f53ce17",
                "SRR11140750.sorted.bam.stats:md5,666e82819c268e34f60740d52719f884"
            ]
        ],
        "meta": {
            "nf-test": "0.9.2",
            "nextflow": "25.04.6"
        },
        "timestamp": "2025-08-27T13:22:09.695693004"
    }
}