{
    "-profile test_nanopore": {
        "content": [
            {
                "ARTIC_GUPPYPLEX": {
                    "artic": "1.6.2"
                },
                "ARTIC_MINION": {
                    "artic": "1.6.2"
                },
                "BCFTOOLS_QUERY": {
                    "bcftools": 1.22
                },
                "BCFTOOLS_STATS": {
                    "bcftools": 1.22
                },
                "COLLAPSE_PRIMERS": {
                    "python": "3.13.2"
                },
                "CUSTOM_GETCHROMSIZES": {
                    "getchromsizes": "1.22.1"
                },
                "FREYJA_DEMIX": {
                    "freyja": "2.0.0"
                },
                "FREYJA_UPDATE": {
                    "freyja": "2.0.0"
                },
                "FREYJA_VARIANTS": {
                    "freyja": "2.0.0"
                },
                "GUNZIP_FASTA": {
                    "gunzip": 1.13
                },
                "GUNZIP_GFF": {
                    "gunzip": 1.13
                },
                "KRAKEN2_KRAKEN2": {
                    "kraken2": "2.1.6",
                    "pigz": 2.8
                },
                "MAKE_VARIANTS_LONG_TABLE": {
                    "python": "3.13.2"
                },
                "MOSDEPTH_AMPLICON": {
                    "mosdepth": "0.3.11"
                },
                "MOSDEPTH_GENOME": {
                    "mosdepth": "0.3.11"
                },
                "NANOPLOT": {
                    "nanoplot": "1.46.1"
                },
                "PANGOLIN_RUN": {
                    "pangolin": "4.3.1"
                },
                "PANGOLIN_UPDATEDATA": {
                    "pangolin": "4.3.1"
                },
                "PLOT_MOSDEPTH_REGIONS_AMPLICON": {
                    "r-base": "4.2.0"
                },
                "PLOT_MOSDEPTH_REGIONS_GENOME": {
                    "r-base": "4.2.0"
                },
                "PYCOQC": {
                    "pycoqc": "2.5.2"
                },
                "QUAST": {
                    "quast": "5.3.0"
                },
                "SAMTOOLS_FLAGSTAT": {
                    "samtools": "1.22.1"
                },
                "SAMTOOLS_IDXSTATS": {
                    "samtools": "1.22.1"
                },
                "SAMTOOLS_INDEX": {
                    "samtools": "1.22.1"
                },
                "SAMTOOLS_STATS": {
                    "samtools": "1.22.1"
                },
                "SAMTOOLS_VIEW": {
                    "samtools": "1.22.1"
                },
                "SNPEFF_ANN": {
                    "snpeff": "5.0e"
                },
                "SNPEFF_BUILD": {
                    "snpeff": "5.0e"
                },
                "SNPSIFT_EXTRACTFIELDS": {
                    "snpsift": 4.3
                },
                "TABIX_BGZIP": {
                    "tabix": 1.21
                },
                "TABIX_TABIX": {
                    "tabix": 1.21
                },
                "UNTAR": {
                    "untar": 1.34
                },
                "UNTAR_KRAKEN2_DB": {
                    "untar": 1.34
                },
                "VCFLIB_VCFUNIQ": {
                    "vcflib": "1.0.14"
                },
                "Workflow": {
                    "nf-core/viralrecon": "v3.0.0"
                }
            },
            [
                "artic_minion",
                "artic_minion/SAMPLE_01.1.trimmed.rg.sorted.bam",
                "artic_minion/SAMPLE_01.1.trimmed.rg.sorted.bam.bai",
                "artic_minion/SAMPLE_01.2.trimmed.rg.sorted.bam",
                "artic_minion/SAMPLE_01.2.trimmed.rg.sorted.bam.bai",
                "artic_minion/SAMPLE_01.consensus.fasta",
                "artic_minion/SAMPLE_01.fail.vcf",
                "artic_minion/SAMPLE_01.mapped.sorted.bam",
                "artic_minion/SAMPLE_01.mapped.sorted.bam.bai",
                "artic_minion/SAMPLE_01.merged.vcf",
                "artic_minion/SAMPLE_01.merged.vcf.gz",
                "artic_minion/SAMPLE_01.merged.vcf.gz.tbi",
                "artic_minion/SAMPLE_01.normalised.vcf.gz",
                "artic_minion/SAMPLE_01.normalised.vcf.gz.tbi",
                "artic_minion/SAMPLE_01.pass.unique.vcf.gz",
                "artic_minion/SAMPLE_01.pass.unique.vcf.gz.tbi",
                "artic_minion/SAMPLE_01.pass.vcf.gz",
                "artic_minion/SAMPLE_01.pass.vcf.gz.tbi",
                "artic_minion/SAMPLE_01.primers.vcf",
                "artic_minion/SAMPLE_01.primertrimmed.rg.sorted.bam",
                "artic_minion/SAMPLE_01.primertrimmed.rg.sorted.bam.bai",
                "artic_minion/SAMPLE_01.sorted.bam",
                "artic_minion/SAMPLE_01.sorted.bam.bai",
                "artic_minion/SAMPLE_01.trimmed.rg.sorted.bam",
                "artic_minion/SAMPLE_01.trimmed.rg.sorted.bam.bai",
                "artic_minion/SAMPLE_02.1.trimmed.rg.sorted.bam",
                "artic_minion/SAMPLE_02.1.trimmed.rg.sorted.bam.bai",
                "artic_minion/SAMPLE_02.2.trimmed.rg.sorted.bam",
                "artic_minion/SAMPLE_02.2.trimmed.rg.sorted.bam.bai",
                "artic_minion/SAMPLE_02.consensus.fasta",
                "artic_minion/SAMPLE_02.fail.vcf",
                "artic_minion/SAMPLE_02.mapped.sorted.bam",
                "artic_minion/SAMPLE_02.mapped.sorted.bam.bai",
                "artic_minion/SAMPLE_02.merged.vcf",
                "artic_minion/SAMPLE_02.merged.vcf.gz",
                "artic_minion/SAMPLE_02.merged.vcf.gz.tbi",
                "artic_minion/SAMPLE_02.normalised.vcf.gz",
                "artic_minion/SAMPLE_02.normalised.vcf.gz.tbi",
                "artic_minion/SAMPLE_02.pass.unique.vcf.gz",
                "artic_minion/SAMPLE_02.pass.unique.vcf.gz.tbi",
                "artic_minion/SAMPLE_02.pass.vcf.gz",
                "artic_minion/SAMPLE_02.pass.vcf.gz.tbi",
                "artic_minion/SAMPLE_02.primers.vcf",
                "artic_minion/SAMPLE_02.primertrimmed.rg.sorted.bam",
                "artic_minion/SAMPLE_02.primertrimmed.rg.sorted.bam.bai",
                "artic_minion/SAMPLE_02.sorted.bam",
                "artic_minion/SAMPLE_02.sorted.bam.bai",
                "artic_minion/SAMPLE_02.trimmed.rg.sorted.bam",
                "artic_minion/SAMPLE_02.trimmed.rg.sorted.bam.bai",
                "artic_minion/SAMPLE_03.1.trimmed.rg.sorted.bam",
                "artic_minion/SAMPLE_03.1.trimmed.rg.sorted.bam.bai",
                "artic_minion/SAMPLE_03.2.trimmed.rg.sorted.bam",
                "artic_minion/SAMPLE_03.2.trimmed.rg.sorted.bam.bai",
                "artic_minion/SAMPLE_03.consensus.fasta",
                "artic_minion/SAMPLE_03.fail.vcf",
                "artic_minion/SAMPLE_03.mapped.sorted.bam",
                "artic_minion/SAMPLE_03.mapped.sorted.bam.bai",
                "artic_minion/SAMPLE_03.merged.vcf",
                "artic_minion/SAMPLE_03.merged.vcf.gz",
                "artic_minion/SAMPLE_03.merged.vcf.gz.tbi",
                "artic_minion/SAMPLE_03.normalised.vcf.gz",
                "artic_minion/SAMPLE_03.normalised.vcf.gz.tbi",
                "artic_minion/SAMPLE_03.pass.unique.vcf.gz",
                "artic_minion/SAMPLE_03.pass.unique.vcf.gz.tbi",
                "artic_minion/SAMPLE_03.pass.vcf.gz",
                "artic_minion/SAMPLE_03.pass.vcf.gz.tbi",
                "artic_minion/SAMPLE_03.primers.vcf",
                "artic_minion/SAMPLE_03.primertrimmed.rg.sorted.bam",
                "artic_minion/SAMPLE_03.primertrimmed.rg.sorted.bam.bai",
                "artic_minion/SAMPLE_03.sorted.bam",
                "artic_minion/SAMPLE_03.sorted.bam.bai",
                "artic_minion/SAMPLE_03.trimmed.rg.sorted.bam",
                "artic_minion/SAMPLE_03.trimmed.rg.sorted.bam.bai",
                "artic_minion/SAMPLE_04.1.trimmed.rg.sorted.bam",
                "artic_minion/SAMPLE_04.1.trimmed.rg.sorted.bam.bai",
                "artic_minion/SAMPLE_04.2.trimmed.rg.sorted.bam",
                "artic_minion/SAMPLE_04.2.trimmed.rg.sorted.bam.bai",
                "artic_minion/SAMPLE_04.consensus.fasta",
                "artic_minion/SAMPLE_04.fail.vcf",
                "artic_minion/SAMPLE_04.mapped.sorted.bam",
                "artic_minion/SAMPLE_04.mapped.sorted.bam.bai",
                "artic_minion/SAMPLE_04.merged.vcf",
                "artic_minion/SAMPLE_04.merged.vcf.gz",
                "artic_minion/SAMPLE_04.merged.vcf.gz.tbi",
                "artic_minion/SAMPLE_04.normalised.vcf.gz",
                "artic_minion/SAMPLE_04.normalised.vcf.gz.tbi",
                "artic_minion/SAMPLE_04.pass.unique.vcf.gz",
                "artic_minion/SAMPLE_04.pass.unique.vcf.gz.tbi",
                "artic_minion/SAMPLE_04.pass.vcf.gz",
                "artic_minion/SAMPLE_04.pass.vcf.gz.tbi",
                "artic_minion/SAMPLE_04.primers.vcf",
                "artic_minion/SAMPLE_04.primertrimmed.rg.sorted.bam",
                "artic_minion/SAMPLE_04.primertrimmed.rg.sorted.bam.bai",
                "artic_minion/SAMPLE_04.sorted.bam",
                "artic_minion/SAMPLE_04.sorted.bam.bai",
                "artic_minion/SAMPLE_04.trimmed.rg.sorted.bam",
                "artic_minion/SAMPLE_04.trimmed.rg.sorted.bam.bai",
                "artic_minion/SAMPLE_05.1.trimmed.rg.sorted.bam",
                "artic_minion/SAMPLE_05.1.trimmed.rg.sorted.bam.bai",
                "artic_minion/SAMPLE_05.2.trimmed.rg.sorted.bam",
                "artic_minion/SAMPLE_05.2.trimmed.rg.sorted.bam.bai",
                "artic_minion/SAMPLE_05.consensus.fasta",
                "artic_minion/SAMPLE_05.fail.vcf",
                "artic_minion/SAMPLE_05.mapped.sorted.bam",
                "artic_minion/SAMPLE_05.mapped.sorted.bam.bai",
                "artic_minion/SAMPLE_05.merged.vcf",
                "artic_minion/SAMPLE_05.merged.vcf.gz",
                "artic_minion/SAMPLE_05.merged.vcf.gz.tbi",
                "artic_minion/SAMPLE_05.normalised.vcf.gz",
                "artic_minion/SAMPLE_05.normalised.vcf.gz.tbi",
                "artic_minion/SAMPLE_05.pass.unique.vcf.gz",
                "artic_minion/SAMPLE_05.pass.unique.vcf.gz.tbi",
                "artic_minion/SAMPLE_05.pass.vcf.gz",
                "artic_minion/SAMPLE_05.pass.vcf.gz.tbi",
                "artic_minion/SAMPLE_05.primers.vcf",
                "artic_minion/SAMPLE_05.primertrimmed.rg.sorted.bam",
                "artic_minion/SAMPLE_05.primertrimmed.rg.sorted.bam.bai",
                "artic_minion/SAMPLE_05.sorted.bam",
                "artic_minion/SAMPLE_05.sorted.bam.bai",
                "artic_minion/SAMPLE_05.trimmed.rg.sorted.bam",
                "artic_minion/SAMPLE_05.trimmed.rg.sorted.bam.bai",
                "artic_minion/SAMPLE_06.1.trimmed.rg.sorted.bam",
                "artic_minion/SAMPLE_06.1.trimmed.rg.sorted.bam.bai",
                "artic_minion/SAMPLE_06.2.trimmed.rg.sorted.bam",
                "artic_minion/SAMPLE_06.2.trimmed.rg.sorted.bam.bai",
                "artic_minion/SAMPLE_06.consensus.fasta",
                "artic_minion/SAMPLE_06.fail.vcf",
                "artic_minion/SAMPLE_06.mapped.sorted.bam",
                "artic_minion/SAMPLE_06.mapped.sorted.bam.bai",
                "artic_minion/SAMPLE_06.merged.vcf",
                "artic_minion/SAMPLE_06.merged.vcf.gz",
                "artic_minion/SAMPLE_06.merged.vcf.gz.tbi",
                "artic_minion/SAMPLE_06.normalised.vcf.gz",
                "artic_minion/SAMPLE_06.normalised.vcf.gz.tbi",
                "artic_minion/SAMPLE_06.pass.unique.vcf.gz",
                "artic_minion/SAMPLE_06.pass.unique.vcf.gz.tbi",
                "artic_minion/SAMPLE_06.pass.vcf.gz",
                "artic_minion/SAMPLE_06.pass.vcf.gz.tbi",
                "artic_minion/SAMPLE_06.primers.vcf",
                "artic_minion/SAMPLE_06.primertrimmed.rg.sorted.bam",
                "artic_minion/SAMPLE_06.primertrimmed.rg.sorted.bam.bai",
                "artic_minion/SAMPLE_06.sorted.bam",
                "artic_minion/SAMPLE_06.sorted.bam.bai",
                "artic_minion/SAMPLE_06.trimmed.rg.sorted.bam",
                "artic_minion/SAMPLE_06.trimmed.rg.sorted.bam.bai",
                "artic_minion/SAMPLE_07.1.trimmed.rg.sorted.bam",
                "artic_minion/SAMPLE_07.1.trimmed.rg.sorted.bam.bai",
                "artic_minion/SAMPLE_07.2.trimmed.rg.sorted.bam",
                "artic_minion/SAMPLE_07.2.trimmed.rg.sorted.bam.bai",
                "artic_minion/SAMPLE_07.consensus.fasta",
                "artic_minion/SAMPLE_07.fail.vcf",
                "artic_minion/SAMPLE_07.mapped.sorted.bam",
                "artic_minion/SAMPLE_07.mapped.sorted.bam.bai",
                "artic_minion/SAMPLE_07.merged.vcf",
                "artic_minion/SAMPLE_07.merged.vcf.gz",
                "artic_minion/SAMPLE_07.merged.vcf.gz.tbi",
                "artic_minion/SAMPLE_07.normalised.vcf.gz",
                "artic_minion/SAMPLE_07.normalised.vcf.gz.tbi",
                "artic_minion/SAMPLE_07.pass.unique.vcf.gz",
                "artic_minion/SAMPLE_07.pass.unique.vcf.gz.tbi",
                "artic_minion/SAMPLE_07.pass.vcf.gz",
                "artic_minion/SAMPLE_07.pass.vcf.gz.tbi",
                "artic_minion/SAMPLE_07.primers.vcf",
                "artic_minion/SAMPLE_07.primertrimmed.rg.sorted.bam",
                "artic_minion/SAMPLE_07.primertrimmed.rg.sorted.bam.bai",
                "artic_minion/SAMPLE_07.sorted.bam",
                "artic_minion/SAMPLE_07.sorted.bam.bai",
                "artic_minion/SAMPLE_07.trimmed.rg.sorted.bam",
                "artic_minion/SAMPLE_07.trimmed.rg.sorted.bam.bai",
                "artic_minion/SAMPLE_08.1.trimmed.rg.sorted.bam",
                "artic_minion/SAMPLE_08.1.trimmed.rg.sorted.bam.bai",
                "artic_minion/SAMPLE_08.2.trimmed.rg.sorted.bam",
                "artic_minion/SAMPLE_08.2.trimmed.rg.sorted.bam.bai",
                "artic_minion/SAMPLE_08.consensus.fasta",
                "artic_minion/SAMPLE_08.fail.vcf",
                "artic_minion/SAMPLE_08.mapped.sorted.bam",
                "artic_minion/SAMPLE_08.mapped.sorted.bam.bai",
                "artic_minion/SAMPLE_08.merged.vcf",
                "artic_minion/SAMPLE_08.merged.vcf.gz",
                "artic_minion/SAMPLE_08.merged.vcf.gz.tbi",
                "artic_minion/SAMPLE_08.normalised.vcf.gz",
                "artic_minion/SAMPLE_08.normalised.vcf.gz.tbi",
                "artic_minion/SAMPLE_08.pass.unique.vcf.gz",
                "artic_minion/SAMPLE_08.pass.unique.vcf.gz.tbi",
                "artic_minion/SAMPLE_08.pass.vcf.gz",
                "artic_minion/SAMPLE_08.pass.vcf.gz.tbi",
                "artic_minion/SAMPLE_08.primers.vcf",
                "artic_minion/SAMPLE_08.primertrimmed.rg.sorted.bam",
                "artic_minion/SAMPLE_08.primertrimmed.rg.sorted.bam.bai",
                "artic_minion/SAMPLE_08.sorted.bam",
                "artic_minion/SAMPLE_08.sorted.bam.bai",
                "artic_minion/SAMPLE_08.trimmed.rg.sorted.bam",
                "artic_minion/SAMPLE_08.trimmed.rg.sorted.bam.bai",
                "artic_minion/SAMPLE_09.1.trimmed.rg.sorted.bam",
                "artic_minion/SAMPLE_09.1.trimmed.rg.sorted.bam.bai",
                "artic_minion/SAMPLE_09.2.trimmed.rg.sorted.bam",
                "artic_minion/SAMPLE_09.2.trimmed.rg.sorted.bam.bai",
                "artic_minion/SAMPLE_09.consensus.fasta",
                "artic_minion/SAMPLE_09.fail.vcf",
                "artic_minion/SAMPLE_09.mapped.sorted.bam",
                "artic_minion/SAMPLE_09.mapped.sorted.bam.bai",
                "artic_minion/SAMPLE_09.merged.vcf",
                "artic_minion/SAMPLE_09.merged.vcf.gz",
                "artic_minion/SAMPLE_09.merged.vcf.gz.tbi",
                "artic_minion/SAMPLE_09.normalised.vcf.gz",
                "artic_minion/SAMPLE_09.normalised.vcf.gz.tbi",
                "artic_minion/SAMPLE_09.pass.unique.vcf.gz",
                "artic_minion/SAMPLE_09.pass.unique.vcf.gz.tbi",
                "artic_minion/SAMPLE_09.pass.vcf.gz",
                "artic_minion/SAMPLE_09.pass.vcf.gz.tbi",
                "artic_minion/SAMPLE_09.primers.vcf",
                "artic_minion/SAMPLE_09.primertrimmed.rg.sorted.bam",
                "artic_minion/SAMPLE_09.primertrimmed.rg.sorted.bam.bai",
                "artic_minion/SAMPLE_09.sorted.bam",
                "artic_minion/SAMPLE_09.sorted.bam.bai",
                "artic_minion/SAMPLE_09.trimmed.rg.sorted.bam",
                "artic_minion/SAMPLE_09.trimmed.rg.sorted.bam.bai",
                "artic_minion/bcftools_stats",
                "artic_minion/bcftools_stats/SAMPLE_01.bcftools_stats.txt",
                "artic_minion/bcftools_stats/SAMPLE_02.bcftools_stats.txt",
                "artic_minion/bcftools_stats/SAMPLE_03.bcftools_stats.txt",
                "artic_minion/bcftools_stats/SAMPLE_04.bcftools_stats.txt",
                "artic_minion/bcftools_stats/SAMPLE_05.bcftools_stats.txt",
                "artic_minion/bcftools_stats/SAMPLE_06.bcftools_stats.txt",
                "artic_minion/bcftools_stats/SAMPLE_07.bcftools_stats.txt",
                "artic_minion/bcftools_stats/SAMPLE_08.bcftools_stats.txt",
                "artic_minion/bcftools_stats/SAMPLE_09.bcftools_stats.txt",
                "artic_minion/freyja",
                "artic_minion/freyja/demix",
                "artic_minion/freyja/demix/SAMPLE_01.tsv",
                "artic_minion/freyja/demix/SAMPLE_02.tsv",
                "artic_minion/freyja/demix/SAMPLE_03.tsv",
                "artic_minion/freyja/demix/SAMPLE_04.tsv",
                "artic_minion/freyja/demix/SAMPLE_05.tsv",
                "artic_minion/freyja/demix/SAMPLE_06.tsv",
                "artic_minion/freyja/demix/SAMPLE_07.tsv",
                "artic_minion/freyja/demix/SAMPLE_09.tsv",
                "artic_minion/freyja/freyja_db",
                "artic_minion/freyja/freyja_db/curated_lineages.json",
                "artic_minion/freyja/freyja_db/lineages.yml",
                "artic_minion/freyja/freyja_db/usher_barcodes.feather",
                "artic_minion/freyja/variants",
                "artic_minion/freyja/variants/SAMPLE_01.depth.tsv",
                "artic_minion/freyja/variants/SAMPLE_01.variants.tsv",
                "artic_minion/freyja/variants/SAMPLE_02.depth.tsv",
                "artic_minion/freyja/variants/SAMPLE_02.variants.tsv",
                "artic_minion/freyja/variants/SAMPLE_03.depth.tsv",
                "artic_minion/freyja/variants/SAMPLE_03.variants.tsv",
                "artic_minion/freyja/variants/SAMPLE_04.depth.tsv",
                "artic_minion/freyja/variants/SAMPLE_04.variants.tsv",
                "artic_minion/freyja/variants/SAMPLE_05.depth.tsv",
                "artic_minion/freyja/variants/SAMPLE_05.variants.tsv",
                "artic_minion/freyja/variants/SAMPLE_06.depth.tsv",
                "artic_minion/freyja/variants/SAMPLE_06.variants.tsv",
                "artic_minion/freyja/variants/SAMPLE_07.depth.tsv",
                "artic_minion/freyja/variants/SAMPLE_07.variants.tsv",
                "artic_minion/freyja/variants/SAMPLE_09.depth.tsv",
                "artic_minion/freyja/variants/SAMPLE_09.variants.tsv",
                "artic_minion/mosdepth",
                "artic_minion/mosdepth/amplicon",
                "artic_minion/mosdepth/amplicon/SAMPLE_01.mosdepth.coverage.pdf",
                "artic_minion/mosdepth/amplicon/SAMPLE_01.mosdepth.coverage.tsv",
                "artic_minion/mosdepth/amplicon/SAMPLE_01.mosdepth.summary.txt",
                "artic_minion/mosdepth/amplicon/SAMPLE_02.mosdepth.coverage.pdf",
                "artic_minion/mosdepth/amplicon/SAMPLE_02.mosdepth.coverage.tsv",
                "artic_minion/mosdepth/amplicon/SAMPLE_02.mosdepth.summary.txt",
                "artic_minion/mosdepth/amplicon/SAMPLE_03.mosdepth.coverage.pdf",
                "artic_minion/mosdepth/amplicon/SAMPLE_03.mosdepth.coverage.tsv",
                "artic_minion/mosdepth/amplicon/SAMPLE_03.mosdepth.summary.txt",
                "artic_minion/mosdepth/amplicon/SAMPLE_04.mosdepth.coverage.pdf",
                "artic_minion/mosdepth/amplicon/SAMPLE_04.mosdepth.coverage.tsv",
                "artic_minion/mosdepth/amplicon/SAMPLE_04.mosdepth.summary.txt",
                "artic_minion/mosdepth/amplicon/SAMPLE_05.mosdepth.coverage.pdf",
                "artic_minion/mosdepth/amplicon/SAMPLE_05.mosdepth.coverage.tsv",
                "artic_minion/mosdepth/amplicon/SAMPLE_05.mosdepth.summary.txt",
                "artic_minion/mosdepth/amplicon/SAMPLE_06.mosdepth.coverage.pdf",
                "artic_minion/mosdepth/amplicon/SAMPLE_06.mosdepth.coverage.tsv",
                "artic_minion/mosdepth/amplicon/SAMPLE_06.mosdepth.summary.txt",
                "artic_minion/mosdepth/amplicon/SAMPLE_07.mosdepth.coverage.pdf",
                "artic_minion/mosdepth/amplicon/SAMPLE_07.mosdepth.coverage.tsv",
                "artic_minion/mosdepth/amplicon/SAMPLE_07.mosdepth.summary.txt",
                "artic_minion/mosdepth/amplicon/SAMPLE_09.mosdepth.coverage.pdf",
                "artic_minion/mosdepth/amplicon/SAMPLE_09.mosdepth.coverage.tsv",
                "artic_minion/mosdepth/amplicon/SAMPLE_09.mosdepth.summary.txt",
                "artic_minion/mosdepth/amplicon/all_samples.mosdepth.coverage.tsv",
                "artic_minion/mosdepth/amplicon/all_samples.mosdepth.heatmap.pdf",
                "artic_minion/mosdepth/amplicon/all_samples.mosdepth.heatmap.tsv",
                "artic_minion/mosdepth/genome",
                "artic_minion/mosdepth/genome/SAMPLE_01.mosdepth.coverage.pdf",
                "artic_minion/mosdepth/genome/SAMPLE_01.mosdepth.coverage.tsv",
                "artic_minion/mosdepth/genome/SAMPLE_01.mosdepth.summary.txt",
                "artic_minion/mosdepth/genome/SAMPLE_02.mosdepth.coverage.pdf",
                "artic_minion/mosdepth/genome/SAMPLE_02.mosdepth.coverage.tsv",
                "artic_minion/mosdepth/genome/SAMPLE_02.mosdepth.summary.txt",
                "artic_minion/mosdepth/genome/SAMPLE_03.mosdepth.coverage.pdf",
                "artic_minion/mosdepth/genome/SAMPLE_03.mosdepth.coverage.tsv",
                "artic_minion/mosdepth/genome/SAMPLE_03.mosdepth.summary.txt",
                "artic_minion/mosdepth/genome/SAMPLE_04.mosdepth.coverage.pdf",
                "artic_minion/mosdepth/genome/SAMPLE_04.mosdepth.coverage.tsv",
                "artic_minion/mosdepth/genome/SAMPLE_04.mosdepth.summary.txt",
                "artic_minion/mosdepth/genome/SAMPLE_05.mosdepth.coverage.pdf",
                "artic_minion/mosdepth/genome/SAMPLE_05.mosdepth.coverage.tsv",
                "artic_minion/mosdepth/genome/SAMPLE_05.mosdepth.summary.txt",
                "artic_minion/mosdepth/genome/SAMPLE_06.mosdepth.coverage.pdf",
                "artic_minion/mosdepth/genome/SAMPLE_06.mosdepth.coverage.tsv",
                "artic_minion/mosdepth/genome/SAMPLE_06.mosdepth.summary.txt",
                "artic_minion/mosdepth/genome/SAMPLE_07.mosdepth.coverage.pdf",
                "artic_minion/mosdepth/genome/SAMPLE_07.mosdepth.coverage.tsv",
                "artic_minion/mosdepth/genome/SAMPLE_07.mosdepth.summary.txt",
                "artic_minion/mosdepth/genome/SAMPLE_09.mosdepth.coverage.pdf",
                "artic_minion/mosdepth/genome/SAMPLE_09.mosdepth.coverage.tsv",
                "artic_minion/mosdepth/genome/SAMPLE_09.mosdepth.summary.txt",
                "artic_minion/mosdepth/genome/all_samples.mosdepth.coverage.tsv",
                "artic_minion/nextclade",
                "artic_minion/nextclade/SAMPLE_01.csv",
                "artic_minion/nextclade/SAMPLE_02.csv",
                "artic_minion/nextclade/SAMPLE_03.csv",
                "artic_minion/nextclade/SAMPLE_04.csv",
                "artic_minion/nextclade/SAMPLE_05.csv",
                "artic_minion/nextclade/SAMPLE_06.csv",
                "artic_minion/nextclade/SAMPLE_07.csv",
                "artic_minion/nextclade/SAMPLE_08.csv",
                "artic_minion/nextclade/SAMPLE_09.csv",
                "artic_minion/pangolin",
                "artic_minion/pangolin/SAMPLE_01.pangolin.csv",
                "artic_minion/pangolin/SAMPLE_02.pangolin.csv",
                "artic_minion/pangolin/SAMPLE_03.pangolin.csv",
                "artic_minion/pangolin/SAMPLE_04.pangolin.csv",
                "artic_minion/pangolin/SAMPLE_05.pangolin.csv",
                "artic_minion/pangolin/SAMPLE_06.pangolin.csv",
                "artic_minion/pangolin/SAMPLE_07.pangolin.csv",
                "artic_minion/pangolin/SAMPLE_08.pangolin.csv",
                "artic_minion/pangolin/SAMPLE_09.pangolin.csv",
                "artic_minion/pangolin/pangolin_db",
                "artic_minion/pangolin/pangolin_db/bin",
                "artic_minion/pangolin/pangolin_db/bin/pangolin_data",
                "artic_minion/pangolin/pangolin_db/pangolin_data",
                "artic_minion/pangolin/pangolin_db/pangolin_data-1.35.dist-info",
                "artic_minion/pangolin/pangolin_db/pangolin_data-1.35.dist-info/INSTALLER",
                "artic_minion/pangolin/pangolin_db/pangolin_data-1.35.dist-info/METADATA",
                "artic_minion/pangolin/pangolin_db/pangolin_data-1.35.dist-info/RECORD",
                "artic_minion/pangolin/pangolin_db/pangolin_data-1.35.dist-info/REQUESTED",
                "artic_minion/pangolin/pangolin_db/pangolin_data-1.35.dist-info/WHEEL",
                "artic_minion/pangolin/pangolin_db/pangolin_data-1.35.dist-info/direct_url.json",
                "artic_minion/pangolin/pangolin_db/pangolin_data-1.35.dist-info/entry_points.txt",
                "artic_minion/pangolin/pangolin_db/pangolin_data-1.35.dist-info/top_level.txt",
                "artic_minion/pangolin/pangolin_db/pangolin_data/__init__.py",
                "artic_minion/pangolin/pangolin_db/pangolin_data/__pycache__",
                "artic_minion/pangolin/pangolin_db/pangolin_data/__pycache__/__init__.cpython-311.pyc",
                "artic_minion/pangolin/pangolin_db/pangolin_data/data",
                "artic_minion/pangolin/pangolin_db/pangolin_data/data/alias_key.json",
                "artic_minion/pangolin/pangolin_db/pangolin_data/data/lineageTree.pb",
                "artic_minion/pangolin/pangolin_db/pangolin_data/data/lineages.hash.csv",
                "artic_minion/quast",
                "artic_minion/quast/aligned_stats",
                "artic_minion/quast/aligned_stats/NAx_plot.pdf",
                "artic_minion/quast/aligned_stats/NGAx_plot.pdf",
                "artic_minion/quast/aligned_stats/cumulative_plot.pdf",
                "artic_minion/quast/basic_stats",
                "artic_minion/quast/basic_stats/GC_content_plot.pdf",
                "artic_minion/quast/basic_stats/NGx_plot.pdf",
                "artic_minion/quast/basic_stats/Nx_plot.pdf",
                "artic_minion/quast/basic_stats/SAMPLE_01.consensus_GC_content_plot.pdf",
                "artic_minion/quast/basic_stats/SAMPLE_02.consensus_GC_content_plot.pdf",
                "artic_minion/quast/basic_stats/SAMPLE_03.consensus_GC_content_plot.pdf",
                "artic_minion/quast/basic_stats/SAMPLE_04.consensus_GC_content_plot.pdf",
                "artic_minion/quast/basic_stats/SAMPLE_05.consensus_GC_content_plot.pdf",
                "artic_minion/quast/basic_stats/SAMPLE_06.consensus_GC_content_plot.pdf",
                "artic_minion/quast/basic_stats/SAMPLE_07.consensus_GC_content_plot.pdf",
                "artic_minion/quast/basic_stats/SAMPLE_09.consensus_GC_content_plot.pdf",
                "artic_minion/quast/basic_stats/cumulative_plot.pdf",
                "artic_minion/quast/basic_stats/gc.icarus.txt",
                "artic_minion/quast/contigs_reports",
                "artic_minion/quast/contigs_reports/SAMPLE_01-consensus.mis_contigs.fa",
                "artic_minion/quast/contigs_reports/SAMPLE_01-consensus.misassemblies.gff",
                "artic_minion/quast/contigs_reports/SAMPLE_02-consensus.mis_contigs.fa",
                "artic_minion/quast/contigs_reports/SAMPLE_02-consensus.misassemblies.gff",
                "artic_minion/quast/contigs_reports/SAMPLE_03-consensus.mis_contigs.fa",
                "artic_minion/quast/contigs_reports/SAMPLE_03-consensus.misassemblies.gff",
                "artic_minion/quast/contigs_reports/SAMPLE_04-consensus.mis_contigs.fa",
                "artic_minion/quast/contigs_reports/SAMPLE_04-consensus.misassemblies.gff",
                "artic_minion/quast/contigs_reports/SAMPLE_05-consensus.mis_contigs.fa",
                "artic_minion/quast/contigs_reports/SAMPLE_05-consensus.misassemblies.gff",
                "artic_minion/quast/contigs_reports/SAMPLE_06-consensus.mis_contigs.fa",
                "artic_minion/quast/contigs_reports/SAMPLE_06-consensus.misassemblies.gff",
                "artic_minion/quast/contigs_reports/SAMPLE_07-consensus.mis_contigs.fa",
                "artic_minion/quast/contigs_reports/SAMPLE_07-consensus.misassemblies.gff",
                "artic_minion/quast/contigs_reports/SAMPLE_09-consensus.mis_contigs.fa",
                "artic_minion/quast/contigs_reports/SAMPLE_09-consensus.misassemblies.gff",
                "artic_minion/quast/contigs_reports/all_alignments_SAMPLE_01-consensus.tsv",
                "artic_minion/quast/contigs_reports/all_alignments_SAMPLE_02-consensus.tsv",
                "artic_minion/quast/contigs_reports/all_alignments_SAMPLE_03-consensus.tsv",
                "artic_minion/quast/contigs_reports/all_alignments_SAMPLE_04-consensus.tsv",
                "artic_minion/quast/contigs_reports/all_alignments_SAMPLE_05-consensus.tsv",
                "artic_minion/quast/contigs_reports/all_alignments_SAMPLE_06-consensus.tsv",
                "artic_minion/quast/contigs_reports/all_alignments_SAMPLE_07-consensus.tsv",
                "artic_minion/quast/contigs_reports/all_alignments_SAMPLE_09-consensus.tsv",
                "artic_minion/quast/contigs_reports/contigs_report_SAMPLE_01-consensus.mis_contigs.info",
                "artic_minion/quast/contigs_reports/contigs_report_SAMPLE_01-consensus.stderr",
                "artic_minion/quast/contigs_reports/contigs_report_SAMPLE_01-consensus.stdout",
                "artic_minion/quast/contigs_reports/contigs_report_SAMPLE_01-consensus.unaligned.info",
                "artic_minion/quast/contigs_reports/contigs_report_SAMPLE_02-consensus.mis_contigs.info",
                "artic_minion/quast/contigs_reports/contigs_report_SAMPLE_02-consensus.stderr",
                "artic_minion/quast/contigs_reports/contigs_report_SAMPLE_02-consensus.stdout",
                "artic_minion/quast/contigs_reports/contigs_report_SAMPLE_02-consensus.unaligned.info",
                "artic_minion/quast/contigs_reports/contigs_report_SAMPLE_03-consensus.mis_contigs.info",
                "artic_minion/quast/contigs_reports/contigs_report_SAMPLE_03-consensus.stderr",
                "artic_minion/quast/contigs_reports/contigs_report_SAMPLE_03-consensus.stdout",
                "artic_minion/quast/contigs_reports/contigs_report_SAMPLE_03-consensus.unaligned.info",
                "artic_minion/quast/contigs_reports/contigs_report_SAMPLE_04-consensus.mis_contigs.info",
                "artic_minion/quast/contigs_reports/contigs_report_SAMPLE_04-consensus.stderr",
                "artic_minion/quast/contigs_reports/contigs_report_SAMPLE_04-consensus.stdout",
                "artic_minion/quast/contigs_reports/contigs_report_SAMPLE_04-consensus.unaligned.info",
                "artic_minion/quast/contigs_reports/contigs_report_SAMPLE_05-consensus.mis_contigs.info",
                "artic_minion/quast/contigs_reports/contigs_report_SAMPLE_05-consensus.stderr",
                "artic_minion/quast/contigs_reports/contigs_report_SAMPLE_05-consensus.stdout",
                "artic_minion/quast/contigs_reports/contigs_report_SAMPLE_05-consensus.unaligned.info",
                "artic_minion/quast/contigs_reports/contigs_report_SAMPLE_06-consensus.mis_contigs.info",
                "artic_minion/quast/contigs_reports/contigs_report_SAMPLE_06-consensus.stderr",
                "artic_minion/quast/contigs_reports/contigs_report_SAMPLE_06-consensus.stdout",
                "artic_minion/quast/contigs_reports/contigs_report_SAMPLE_06-consensus.unaligned.info",
                "artic_minion/quast/contigs_reports/contigs_report_SAMPLE_07-consensus.mis_contigs.info",
                "artic_minion/quast/contigs_reports/contigs_report_SAMPLE_07-consensus.stderr",
                "artic_minion/quast/contigs_reports/contigs_report_SAMPLE_07-consensus.stdout",
                "artic_minion/quast/contigs_reports/contigs_report_SAMPLE_07-consensus.unaligned.info",
                "artic_minion/quast/contigs_reports/contigs_report_SAMPLE_09-consensus.mis_contigs.info",
                "artic_minion/quast/contigs_reports/contigs_report_SAMPLE_09-consensus.stderr",
                "artic_minion/quast/contigs_reports/contigs_report_SAMPLE_09-consensus.stdout",
                "artic_minion/quast/contigs_reports/contigs_report_SAMPLE_09-consensus.unaligned.info",
                "artic_minion/quast/contigs_reports/minimap_output",
                "artic_minion/quast/contigs_reports/minimap_output/SAMPLE_01-consensus.coords",
                "artic_minion/quast/contigs_reports/minimap_output/SAMPLE_01-consensus.coords.filtered",
                "artic_minion/quast/contigs_reports/minimap_output/SAMPLE_01-consensus.coords_tmp",
                "artic_minion/quast/contigs_reports/minimap_output/SAMPLE_01-consensus.sf",
                "artic_minion/quast/contigs_reports/minimap_output/SAMPLE_01-consensus.unaligned",
                "artic_minion/quast/contigs_reports/minimap_output/SAMPLE_01-consensus.used_snps",
                "artic_minion/quast/contigs_reports/minimap_output/SAMPLE_02-consensus.coords",
                "artic_minion/quast/contigs_reports/minimap_output/SAMPLE_02-consensus.coords.filtered",
                "artic_minion/quast/contigs_reports/minimap_output/SAMPLE_02-consensus.coords_tmp",
                "artic_minion/quast/contigs_reports/minimap_output/SAMPLE_02-consensus.sf",
                "artic_minion/quast/contigs_reports/minimap_output/SAMPLE_02-consensus.unaligned",
                "artic_minion/quast/contigs_reports/minimap_output/SAMPLE_02-consensus.used_snps",
                "artic_minion/quast/contigs_reports/minimap_output/SAMPLE_03-consensus.coords",
                "artic_minion/quast/contigs_reports/minimap_output/SAMPLE_03-consensus.coords.filtered",
                "artic_minion/quast/contigs_reports/minimap_output/SAMPLE_03-consensus.coords_tmp",
                "artic_minion/quast/contigs_reports/minimap_output/SAMPLE_03-consensus.sf",
                "artic_minion/quast/contigs_reports/minimap_output/SAMPLE_03-consensus.unaligned",
                "artic_minion/quast/contigs_reports/minimap_output/SAMPLE_03-consensus.used_snps",
                "artic_minion/quast/contigs_reports/minimap_output/SAMPLE_04-consensus.coords",
                "artic_minion/quast/contigs_reports/minimap_output/SAMPLE_04-consensus.coords.filtered",
                "artic_minion/quast/contigs_reports/minimap_output/SAMPLE_04-consensus.coords_tmp",
                "artic_minion/quast/contigs_reports/minimap_output/SAMPLE_04-consensus.sf",
                "artic_minion/quast/contigs_reports/minimap_output/SAMPLE_04-consensus.unaligned",
                "artic_minion/quast/contigs_reports/minimap_output/SAMPLE_04-consensus.used_snps",
                "artic_minion/quast/contigs_reports/minimap_output/SAMPLE_05-consensus.coords",
                "artic_minion/quast/contigs_reports/minimap_output/SAMPLE_05-consensus.coords.filtered",
                "artic_minion/quast/contigs_reports/minimap_output/SAMPLE_05-consensus.coords_tmp",
                "artic_minion/quast/contigs_reports/minimap_output/SAMPLE_05-consensus.sf",
                "artic_minion/quast/contigs_reports/minimap_output/SAMPLE_05-consensus.unaligned",
                "artic_minion/quast/contigs_reports/minimap_output/SAMPLE_05-consensus.used_snps",
                "artic_minion/quast/contigs_reports/minimap_output/SAMPLE_06-consensus.coords",
                "artic_minion/quast/contigs_reports/minimap_output/SAMPLE_06-consensus.coords.filtered",
                "artic_minion/quast/contigs_reports/minimap_output/SAMPLE_06-consensus.coords_tmp",
                "artic_minion/quast/contigs_reports/minimap_output/SAMPLE_06-consensus.sf",
                "artic_minion/quast/contigs_reports/minimap_output/SAMPLE_06-consensus.unaligned",
                "artic_minion/quast/contigs_reports/minimap_output/SAMPLE_06-consensus.used_snps",
                "artic_minion/quast/contigs_reports/minimap_output/SAMPLE_07-consensus.coords",
                "artic_minion/quast/contigs_reports/minimap_output/SAMPLE_07-consensus.coords.filtered",
                "artic_minion/quast/contigs_reports/minimap_output/SAMPLE_07-consensus.coords_tmp",
                "artic_minion/quast/contigs_reports/minimap_output/SAMPLE_07-consensus.sf",
                "artic_minion/quast/contigs_reports/minimap_output/SAMPLE_07-consensus.unaligned",
                "artic_minion/quast/contigs_reports/minimap_output/SAMPLE_07-consensus.used_snps",
                "artic_minion/quast/contigs_reports/minimap_output/SAMPLE_09-consensus.coords",
                "artic_minion/quast/contigs_reports/minimap_output/SAMPLE_09-consensus.coords.filtered",
                "artic_minion/quast/contigs_reports/minimap_output/SAMPLE_09-consensus.coords_tmp",
                "artic_minion/quast/contigs_reports/minimap_output/SAMPLE_09-consensus.sf",
                "artic_minion/quast/contigs_reports/minimap_output/SAMPLE_09-consensus.unaligned",
                "artic_minion/quast/contigs_reports/minimap_output/SAMPLE_09-consensus.used_snps",
                "artic_minion/quast/contigs_reports/misassemblies_frcurve_plot.pdf",
                "artic_minion/quast/contigs_reports/misassemblies_plot.pdf",
                "artic_minion/quast/contigs_reports/misassemblies_report.tex",
                "artic_minion/quast/contigs_reports/misassemblies_report.tsv",
                "artic_minion/quast/contigs_reports/misassemblies_report.txt",
                "artic_minion/quast/contigs_reports/transposed_report_misassemblies.tex",
                "artic_minion/quast/contigs_reports/transposed_report_misassemblies.tsv",
                "artic_minion/quast/contigs_reports/transposed_report_misassemblies.txt",
                "artic_minion/quast/contigs_reports/unaligned_report.tex",
                "artic_minion/quast/contigs_reports/unaligned_report.tsv",
                "artic_minion/quast/contigs_reports/unaligned_report.txt",
                "artic_minion/quast/genome_stats",
                "artic_minion/quast/genome_stats/SAMPLE_01-consensus_gaps.txt",
                "artic_minion/quast/genome_stats/SAMPLE_01-consensus_genomic_features_any.txt",
                "artic_minion/quast/genome_stats/SAMPLE_02-consensus_gaps.txt",
                "artic_minion/quast/genome_stats/SAMPLE_02-consensus_genomic_features_any.txt",
                "artic_minion/quast/genome_stats/SAMPLE_03-consensus_gaps.txt",
                "artic_minion/quast/genome_stats/SAMPLE_03-consensus_genomic_features_any.txt",
                "artic_minion/quast/genome_stats/SAMPLE_04-consensus_gaps.txt",
                "artic_minion/quast/genome_stats/SAMPLE_04-consensus_genomic_features_any.txt",
                "artic_minion/quast/genome_stats/SAMPLE_05-consensus_gaps.txt",
                "artic_minion/quast/genome_stats/SAMPLE_05-consensus_genomic_features_any.txt",
                "artic_minion/quast/genome_stats/SAMPLE_06-consensus_gaps.txt",
                "artic_minion/quast/genome_stats/SAMPLE_06-consensus_genomic_features_any.txt",
                "artic_minion/quast/genome_stats/SAMPLE_07-consensus_gaps.txt",
                "artic_minion/quast/genome_stats/SAMPLE_07-consensus_genomic_features_any.txt",
                "artic_minion/quast/genome_stats/SAMPLE_09-consensus_gaps.txt",
                "artic_minion/quast/genome_stats/SAMPLE_09-consensus_genomic_features_any.txt",
                "artic_minion/quast/genome_stats/complete_features_histogram.pdf",
                "artic_minion/quast/genome_stats/features_cumulative_plot.pdf",
                "artic_minion/quast/genome_stats/features_frcurve_plot.pdf",
                "artic_minion/quast/genome_stats/genome_fraction_histogram.pdf",
                "artic_minion/quast/genome_stats/genome_info.txt",
                "artic_minion/quast/icarus.html",
                "artic_minion/quast/icarus_viewers",
                "artic_minion/quast/icarus_viewers/alignment_viewer.html",
                "artic_minion/quast/icarus_viewers/contig_size_viewer.html",
                "artic_minion/quast/quast.log",
                "artic_minion/quast/report.html",
                "artic_minion/quast/report.pdf",
                "artic_minion/quast/report.tex",
                "artic_minion/quast/report.tsv",
                "artic_minion/quast/report.txt",
                "artic_minion/quast/transposed_report.tex",
                "artic_minion/quast/transposed_report.tsv",
                "artic_minion/quast/transposed_report.txt",
                "artic_minion/samtools_stats",
                "artic_minion/samtools_stats/SAMPLE_01.mapped.sorted.bam.flagstat",
                "artic_minion/samtools_stats/SAMPLE_01.mapped.sorted.bam.idxstats",
                "artic_minion/samtools_stats/SAMPLE_01.mapped.sorted.bam.stats",
                "artic_minion/samtools_stats/SAMPLE_02.mapped.sorted.bam.flagstat",
                "artic_minion/samtools_stats/SAMPLE_02.mapped.sorted.bam.idxstats",
                "artic_minion/samtools_stats/SAMPLE_02.mapped.sorted.bam.stats",
                "artic_minion/samtools_stats/SAMPLE_03.mapped.sorted.bam.flagstat",
                "artic_minion/samtools_stats/SAMPLE_03.mapped.sorted.bam.idxstats",
                "artic_minion/samtools_stats/SAMPLE_03.mapped.sorted.bam.stats",
                "artic_minion/samtools_stats/SAMPLE_04.mapped.sorted.bam.flagstat",
                "artic_minion/samtools_stats/SAMPLE_04.mapped.sorted.bam.idxstats",
                "artic_minion/samtools_stats/SAMPLE_04.mapped.sorted.bam.stats",
                "artic_minion/samtools_stats/SAMPLE_05.mapped.sorted.bam.flagstat",
                "artic_minion/samtools_stats/SAMPLE_05.mapped.sorted.bam.idxstats",
                "artic_minion/samtools_stats/SAMPLE_05.mapped.sorted.bam.stats",
                "artic_minion/samtools_stats/SAMPLE_06.mapped.sorted.bam.flagstat",
                "artic_minion/samtools_stats/SAMPLE_06.mapped.sorted.bam.idxstats",
                "artic_minion/samtools_stats/SAMPLE_06.mapped.sorted.bam.stats",
                "artic_minion/samtools_stats/SAMPLE_07.mapped.sorted.bam.flagstat",
                "artic_minion/samtools_stats/SAMPLE_07.mapped.sorted.bam.idxstats",
                "artic_minion/samtools_stats/SAMPLE_07.mapped.sorted.bam.stats",
                "artic_minion/samtools_stats/SAMPLE_08.mapped.sorted.bam.flagstat",
                "artic_minion/samtools_stats/SAMPLE_08.mapped.sorted.bam.idxstats",
                "artic_minion/samtools_stats/SAMPLE_08.mapped.sorted.bam.stats",
                "artic_minion/samtools_stats/SAMPLE_09.mapped.sorted.bam.flagstat",
                "artic_minion/samtools_stats/SAMPLE_09.mapped.sorted.bam.idxstats",
                "artic_minion/samtools_stats/SAMPLE_09.mapped.sorted.bam.stats",
                "artic_minion/snpeff",
                "artic_minion/snpeff/SAMPLE_01.snpeff.csv",
                "artic_minion/snpeff/SAMPLE_01.snpeff.genes.txt",
                "artic_minion/snpeff/SAMPLE_01.snpeff.summary.html",
                "artic_minion/snpeff/SAMPLE_01.snpeff.vcf.gz",
                "artic_minion/snpeff/SAMPLE_01.snpeff.vcf.gz.tbi",
                "artic_minion/snpeff/SAMPLE_01.snpsift.txt",
                "artic_minion/snpeff/SAMPLE_02.snpeff.csv",
                "artic_minion/snpeff/SAMPLE_02.snpeff.genes.txt",
                "artic_minion/snpeff/SAMPLE_02.snpeff.summary.html",
                "artic_minion/snpeff/SAMPLE_02.snpeff.vcf.gz",
                "artic_minion/snpeff/SAMPLE_02.snpeff.vcf.gz.tbi",
                "artic_minion/snpeff/SAMPLE_02.snpsift.txt",
                "artic_minion/snpeff/SAMPLE_03.snpeff.csv",
                "artic_minion/snpeff/SAMPLE_03.snpeff.genes.txt",
                "artic_minion/snpeff/SAMPLE_03.snpeff.summary.html",
                "artic_minion/snpeff/SAMPLE_03.snpeff.vcf.gz",
                "artic_minion/snpeff/SAMPLE_03.snpeff.vcf.gz.tbi",
                "artic_minion/snpeff/SAMPLE_03.snpsift.txt",
                "artic_minion/snpeff/SAMPLE_04.snpeff.csv",
                "artic_minion/snpeff/SAMPLE_04.snpeff.genes.txt",
                "artic_minion/snpeff/SAMPLE_04.snpeff.summary.html",
                "artic_minion/snpeff/SAMPLE_04.snpeff.vcf.gz",
                "artic_minion/snpeff/SAMPLE_04.snpeff.vcf.gz.tbi",
                "artic_minion/snpeff/SAMPLE_04.snpsift.txt",
                "artic_minion/snpeff/SAMPLE_05.snpeff.csv",
                "artic_minion/snpeff/SAMPLE_05.snpeff.genes.txt",
                "artic_minion/snpeff/SAMPLE_05.snpeff.summary.html",
                "artic_minion/snpeff/SAMPLE_05.snpeff.vcf.gz",
                "artic_minion/snpeff/SAMPLE_05.snpeff.vcf.gz.tbi",
                "artic_minion/snpeff/SAMPLE_05.snpsift.txt",
                "artic_minion/snpeff/SAMPLE_06.snpeff.csv",
                "artic_minion/snpeff/SAMPLE_06.snpeff.genes.txt",
                "artic_minion/snpeff/SAMPLE_06.snpeff.summary.html",
                "artic_minion/snpeff/SAMPLE_06.snpeff.vcf.gz",
                "artic_minion/snpeff/SAMPLE_06.snpeff.vcf.gz.tbi",
                "artic_minion/snpeff/SAMPLE_06.snpsift.txt",
                "artic_minion/snpeff/SAMPLE_07.snpeff.csv",
                "artic_minion/snpeff/SAMPLE_07.snpeff.genes.txt",
                "artic_minion/snpeff/SAMPLE_07.snpeff.summary.html",
                "artic_minion/snpeff/SAMPLE_07.snpeff.vcf.gz",
                "artic_minion/snpeff/SAMPLE_07.snpeff.vcf.gz.tbi",
                "artic_minion/snpeff/SAMPLE_07.snpsift.txt",
                "artic_minion/snpeff/SAMPLE_08.snpeff.csv",
                "artic_minion/snpeff/SAMPLE_08.snpeff.genes.txt",
                "artic_minion/snpeff/SAMPLE_08.snpeff.summary.html",
                "artic_minion/snpeff/SAMPLE_08.snpeff.vcf.gz",
                "artic_minion/snpeff/SAMPLE_08.snpeff.vcf.gz.tbi",
                "artic_minion/snpeff/SAMPLE_08.snpsift.txt",
                "artic_minion/snpeff/SAMPLE_09.snpeff.csv",
                "artic_minion/snpeff/SAMPLE_09.snpeff.genes.txt",
                "artic_minion/snpeff/SAMPLE_09.snpeff.summary.html",
                "artic_minion/snpeff/SAMPLE_09.snpeff.vcf.gz",
                "artic_minion/snpeff/SAMPLE_09.snpeff.vcf.gz.tbi",
                "artic_minion/snpeff/SAMPLE_09.snpsift.txt",
                "artic_minion/snpeff/bcftools_stats",
                "artic_minion/snpeff/bcftools_stats/SAMPLE_01.snpeff.bcftools_stats.txt",
                "artic_minion/snpeff/bcftools_stats/SAMPLE_02.snpeff.bcftools_stats.txt",
                "artic_minion/snpeff/bcftools_stats/SAMPLE_03.snpeff.bcftools_stats.txt",
                "artic_minion/snpeff/bcftools_stats/SAMPLE_04.snpeff.bcftools_stats.txt",
                "artic_minion/snpeff/bcftools_stats/SAMPLE_05.snpeff.bcftools_stats.txt",
                "artic_minion/snpeff/bcftools_stats/SAMPLE_06.snpeff.bcftools_stats.txt",
                "artic_minion/snpeff/bcftools_stats/SAMPLE_07.snpeff.bcftools_stats.txt",
                "artic_minion/snpeff/bcftools_stats/SAMPLE_08.snpeff.bcftools_stats.txt",
                "artic_minion/snpeff/bcftools_stats/SAMPLE_09.snpeff.bcftools_stats.txt",
                "artic_minion/variants_long_table.csv",
                "kraken2",
                "kraken2/SAMPLE_01.classified.fastq.gz",
                "kraken2/SAMPLE_01.kraken2.classifiedreads.txt",
                "kraken2/SAMPLE_01.kraken2.report.txt",
                "kraken2/SAMPLE_01.unclassified.fastq.gz",
                "kraken2/SAMPLE_02.classified.fastq.gz",
                "kraken2/SAMPLE_02.kraken2.classifiedreads.txt",
                "kraken2/SAMPLE_02.kraken2.report.txt",
                "kraken2/SAMPLE_02.unclassified.fastq.gz",
                "kraken2/SAMPLE_03.classified.fastq.gz",
                "kraken2/SAMPLE_03.kraken2.classifiedreads.txt",
                "kraken2/SAMPLE_03.kraken2.report.txt",
                "kraken2/SAMPLE_03.unclassified.fastq.gz",
                "kraken2/SAMPLE_04.classified.fastq.gz",
                "kraken2/SAMPLE_04.kraken2.classifiedreads.txt",
                "kraken2/SAMPLE_04.kraken2.report.txt",
                "kraken2/SAMPLE_04.unclassified.fastq.gz",
                "kraken2/SAMPLE_05.classified.fastq.gz",
                "kraken2/SAMPLE_05.kraken2.classifiedreads.txt",
                "kraken2/SAMPLE_05.kraken2.report.txt",
                "kraken2/SAMPLE_05.unclassified.fastq.gz",
                "kraken2/SAMPLE_06.classified.fastq.gz",
                "kraken2/SAMPLE_06.kraken2.classifiedreads.txt",
                "kraken2/SAMPLE_06.kraken2.report.txt",
                "kraken2/SAMPLE_06.unclassified.fastq.gz",
                "kraken2/SAMPLE_07.classified.fastq.gz",
                "kraken2/SAMPLE_07.kraken2.classifiedreads.txt",
                "kraken2/SAMPLE_07.kraken2.report.txt",
                "kraken2/SAMPLE_07.unclassified.fastq.gz",
                "kraken2/SAMPLE_08.classified.fastq.gz",
                "kraken2/SAMPLE_08.kraken2.classifiedreads.txt",
                "kraken2/SAMPLE_08.kraken2.report.txt",
                "kraken2/SAMPLE_08.unclassified.fastq.gz",
                "kraken2/SAMPLE_09.classified.fastq.gz",
                "kraken2/SAMPLE_09.kraken2.classifiedreads.txt",
                "kraken2/SAMPLE_09.kraken2.report.txt",
                "kraken2/SAMPLE_09.unclassified.fastq.gz",
                "multiqc",
                "multiqc/multiqc_data",
                "multiqc/multiqc_data/Freyja_plot.yaml",
                "multiqc/multiqc_data/bcftools-stats-subtypes.yaml",
                "multiqc/multiqc_data/bcftools_stats_indel-lengths.yaml",
                "multiqc/multiqc_data/bcftools_stats_vqc_Count_Indels.yaml",
                "multiqc/multiqc_data/bcftools_stats_vqc_Count_SNP.yaml",
                "multiqc/multiqc_data/bcftools_stats_vqc_Count_Transitions.yaml",
                "multiqc/multiqc_data/bcftools_stats_vqc_Count_Transversions.yaml",
                "multiqc/multiqc_data/kraken-top-n-plot_Class.yaml",
                "multiqc/multiqc_data/kraken-top-n-plot_Domain.yaml",
                "multiqc/multiqc_data/kraken-top-n-plot_Family.yaml",
                "multiqc/multiqc_data/kraken-top-n-plot_Genus.yaml",
                "multiqc/multiqc_data/kraken-top-n-plot_Order.yaml",
                "multiqc/multiqc_data/kraken-top-n-plot_Phylum.yaml",
                "multiqc/multiqc_data/kraken-top-n-plot_Unclassified.yaml",
                "multiqc/multiqc_data/llms-full.txt",
                "multiqc/multiqc_data/mosdepth-coverage-per-contig-single.yaml",
                "multiqc/multiqc_data/mosdepth-cumcoverage-dist-id.yaml",
                "multiqc/multiqc_data/mosdepth_cov_dist.yaml",
                "multiqc/multiqc_data/mosdepth_cumcov_dist.yaml",
                "multiqc/multiqc_data/mosdepth_perchrom.yaml",
                "multiqc/multiqc_data/multiqc.log",
                "multiqc/multiqc_data/multiqc.parquet",
                "multiqc/multiqc_data/multiqc_bcftools_stats.yaml",
                "multiqc/multiqc_data/multiqc_citations.yaml",
                "multiqc/multiqc_data/multiqc_data.json",
                "multiqc/multiqc_data/multiqc_fail_mapped_samples_nanopore.yaml",
                "multiqc/multiqc_data/multiqc_fail_no_barcode_samples_table.yaml",
                "multiqc/multiqc_data/multiqc_freyja.yaml",
                "multiqc/multiqc_data/multiqc_kraken.yaml",
                "multiqc/multiqc_data/multiqc_nextclade_clade.yaml",
                "multiqc/multiqc_data/multiqc_pangolin.yaml",
                "multiqc/multiqc_data/multiqc_quast.yaml",
                "multiqc/multiqc_data/multiqc_samtools_flagstat.yaml",
                "multiqc/multiqc_data/multiqc_snpeff.yaml",
                "multiqc/multiqc_data/multiqc_software_versions.yaml",
                "multiqc/multiqc_data/multiqc_sources.yaml",
                "multiqc/multiqc_data/multiqc_summary_variants_metrics_plot_table.yaml",
                "multiqc/multiqc_data/pangolin_run_table.yaml",
                "multiqc/multiqc_data/pycoqc.yaml",
                "multiqc/multiqc_data/pycoqc_count_plot_Bases.yaml",
                "multiqc/multiqc_data/pycoqc_count_plot_Reads.yaml",
                "multiqc/multiqc_data/pycoqc_read_len_plot_All_Reads.yaml",
                "multiqc/multiqc_data/pycoqc_read_len_plot_Passing_Reads.yaml",
                "multiqc/multiqc_data/pycoqc_read_qual_plot_All_Reads.yaml",
                "multiqc/multiqc_data/pycoqc_read_qual_plot_Passing_Reads.yaml",
                "multiqc/multiqc_data/pycoqc_stats_table.yaml",
                "multiqc/multiqc_data/quast_num_contigs.yaml",
                "multiqc/multiqc_data/quast_table.yaml",
                "multiqc/multiqc_data/samtools-flagstat-pct-table.yaml",
                "multiqc/multiqc_data/samtools-flagstat-table.yaml",
                "multiqc/multiqc_data/snpeff_effects.yaml",
                "multiqc/multiqc_data/snpeff_qualities.yaml",
                "multiqc/multiqc_data/snpeff_variant_effects_class.yaml",
                "multiqc/multiqc_data/snpeff_variant_effects_impact.yaml",
                "multiqc/multiqc_data/snpeff_variant_effects_region.yaml",
                "multiqc/multiqc_report.html",
                "multiqc/summary_variants_metrics_mqc.csv",
                "nanoplot",
                "nanoplot/SAMPLE_01",
                "nanoplot/SAMPLE_01/LengthvsQualityScatterPlot_dot.html",
                "nanoplot/SAMPLE_01/LengthvsQualityScatterPlot_kde.html",
                "nanoplot/SAMPLE_01/NanoPlot-report.html",
                "nanoplot/SAMPLE_01/NanoStats.txt",
                "nanoplot/SAMPLE_01/Non_weightedHistogramReadlength.html",
                "nanoplot/SAMPLE_01/Non_weightedLogTransformed_HistogramReadlength.html",
                "nanoplot/SAMPLE_01/WeightedHistogramReadlength.html",
                "nanoplot/SAMPLE_01/WeightedLogTransformed_HistogramReadlength.html",
                "nanoplot/SAMPLE_01/Yield_By_Length.html",
                "nanoplot/SAMPLE_02",
                "nanoplot/SAMPLE_02/LengthvsQualityScatterPlot_dot.html",
                "nanoplot/SAMPLE_02/LengthvsQualityScatterPlot_kde.html",
                "nanoplot/SAMPLE_02/NanoPlot-report.html",
                "nanoplot/SAMPLE_02/NanoStats.txt",
                "nanoplot/SAMPLE_02/Non_weightedHistogramReadlength.html",
                "nanoplot/SAMPLE_02/Non_weightedLogTransformed_HistogramReadlength.html",
                "nanoplot/SAMPLE_02/WeightedHistogramReadlength.html",
                "nanoplot/SAMPLE_02/WeightedLogTransformed_HistogramReadlength.html",
                "nanoplot/SAMPLE_02/Yield_By_Length.html",
                "nanoplot/SAMPLE_03",
                "nanoplot/SAMPLE_03/LengthvsQualityScatterPlot_dot.html",
                "nanoplot/SAMPLE_03/LengthvsQualityScatterPlot_kde.html",
                "nanoplot/SAMPLE_03/NanoPlot-report.html",
                "nanoplot/SAMPLE_03/NanoStats.txt",
                "nanoplot/SAMPLE_03/Non_weightedHistogramReadlength.html",
                "nanoplot/SAMPLE_03/Non_weightedLogTransformed_HistogramReadlength.html",
                "nanoplot/SAMPLE_03/WeightedHistogramReadlength.html",
                "nanoplot/SAMPLE_03/WeightedLogTransformed_HistogramReadlength.html",
                "nanoplot/SAMPLE_03/Yield_By_Length.html",
                "nanoplot/SAMPLE_04",
                "nanoplot/SAMPLE_04/LengthvsQualityScatterPlot_dot.html",
                "nanoplot/SAMPLE_04/LengthvsQualityScatterPlot_kde.html",
                "nanoplot/SAMPLE_04/NanoPlot-report.html",
                "nanoplot/SAMPLE_04/NanoStats.txt",
                "nanoplot/SAMPLE_04/Non_weightedHistogramReadlength.html",
                "nanoplot/SAMPLE_04/Non_weightedLogTransformed_HistogramReadlength.html",
                "nanoplot/SAMPLE_04/WeightedHistogramReadlength.html",
                "nanoplot/SAMPLE_04/WeightedLogTransformed_HistogramReadlength.html",
                "nanoplot/SAMPLE_04/Yield_By_Length.html",
                "nanoplot/SAMPLE_05",
                "nanoplot/SAMPLE_05/LengthvsQualityScatterPlot_dot.html",
                "nanoplot/SAMPLE_05/LengthvsQualityScatterPlot_kde.html",
                "nanoplot/SAMPLE_05/NanoPlot-report.html",
                "nanoplot/SAMPLE_05/NanoStats.txt",
                "nanoplot/SAMPLE_05/Non_weightedHistogramReadlength.html",
                "nanoplot/SAMPLE_05/Non_weightedLogTransformed_HistogramReadlength.html",
                "nanoplot/SAMPLE_05/WeightedHistogramReadlength.html",
                "nanoplot/SAMPLE_05/WeightedLogTransformed_HistogramReadlength.html",
                "nanoplot/SAMPLE_05/Yield_By_Length.html",
                "nanoplot/SAMPLE_06",
                "nanoplot/SAMPLE_06/LengthvsQualityScatterPlot_dot.html",
                "nanoplot/SAMPLE_06/LengthvsQualityScatterPlot_kde.html",
                "nanoplot/SAMPLE_06/NanoPlot-report.html",
                "nanoplot/SAMPLE_06/NanoStats.txt",
                "nanoplot/SAMPLE_06/Non_weightedHistogramReadlength.html",
                "nanoplot/SAMPLE_06/Non_weightedLogTransformed_HistogramReadlength.html",
                "nanoplot/SAMPLE_06/WeightedHistogramReadlength.html",
                "nanoplot/SAMPLE_06/WeightedLogTransformed_HistogramReadlength.html",
                "nanoplot/SAMPLE_06/Yield_By_Length.html",
                "nanoplot/SAMPLE_07",
                "nanoplot/SAMPLE_07/LengthvsQualityScatterPlot_dot.html",
                "nanoplot/SAMPLE_07/LengthvsQualityScatterPlot_kde.html",
                "nanoplot/SAMPLE_07/NanoPlot-report.html",
                "nanoplot/SAMPLE_07/NanoStats.txt",
                "nanoplot/SAMPLE_07/Non_weightedHistogramReadlength.html",
                "nanoplot/SAMPLE_07/Non_weightedLogTransformed_HistogramReadlength.html",
                "nanoplot/SAMPLE_07/WeightedHistogramReadlength.html",
                "nanoplot/SAMPLE_07/WeightedLogTransformed_HistogramReadlength.html",
                "nanoplot/SAMPLE_07/Yield_By_Length.html",
                "nanoplot/SAMPLE_08",
                "nanoplot/SAMPLE_08/LengthvsQualityScatterPlot_dot.html",
                "nanoplot/SAMPLE_08/LengthvsQualityScatterPlot_kde.html",
                "nanoplot/SAMPLE_08/NanoPlot-report.html",
                "nanoplot/SAMPLE_08/NanoStats.txt",
                "nanoplot/SAMPLE_08/Non_weightedHistogramReadlength.html",
                "nanoplot/SAMPLE_08/Non_weightedLogTransformed_HistogramReadlength.html",
                "nanoplot/SAMPLE_08/WeightedHistogramReadlength.html",
                "nanoplot/SAMPLE_08/WeightedLogTransformed_HistogramReadlength.html",
                "nanoplot/SAMPLE_08/Yield_By_Length.html",
                "nanoplot/SAMPLE_09",
                "nanoplot/SAMPLE_09/LengthvsQualityScatterPlot_dot.html",
                "nanoplot/SAMPLE_09/LengthvsQualityScatterPlot_kde.html",
                "nanoplot/SAMPLE_09/NanoPlot-report.html",
                "nanoplot/SAMPLE_09/NanoStats.txt",
                "nanoplot/SAMPLE_09/Non_weightedHistogramReadlength.html",
                "nanoplot/SAMPLE_09/Non_weightedLogTransformed_HistogramReadlength.html",
                "nanoplot/SAMPLE_09/WeightedHistogramReadlength.html",
                "nanoplot/SAMPLE_09/WeightedLogTransformed_HistogramReadlength.html",
                "nanoplot/SAMPLE_09/Yield_By_Length.html",
                "pipeline_info",
                "pipeline_info/nf_core_viralrecon_software_mqc_versions.yml",
                "pycoqc",
                "pycoqc/pycoqc.html",
                "pycoqc/pycoqc.json"
            ],
            [
                "SAMPLE_01.consensus.fasta:md5,a763c4ebcfd90f341305ce4199968c2b",
                "SAMPLE_02.consensus.fasta:md5,3fbc664c329fee4ff4bb28f0a38e49c0",
                "SAMPLE_03.consensus.fasta:md5,0faeb55813e28b957f889b202c2effe3",
                "SAMPLE_04.consensus.fasta:md5,59a8f1ba727a3450dfd66848451b72e9",
                "SAMPLE_05.consensus.fasta:md5,1c04409caad11e9027ff8969efe2d7f5",
                "SAMPLE_06.consensus.fasta:md5,2759a6fff672149f0f576f0894e9633a",
                "SAMPLE_07.consensus.fasta:md5,00be4cab2cf6f55d5270c7201f827717",
                "SAMPLE_08.consensus.fasta:md5,ec91272e24a5d13ba1febb6f23bc9bf8",
                "SAMPLE_09.consensus.fasta:md5,6da67a8f9f4661047cb0e54a573df0a8",
                "SAMPLE_01.mosdepth.coverage.tsv:md5,8adf5f707a8b3417458e13a483abfbd5",
                "SAMPLE_02.mosdepth.coverage.tsv:md5,d78298dd5bc6095af55c9da2a08a22af",
                "SAMPLE_03.mosdepth.coverage.tsv:md5,5cf590a3b47f60c6a41fdf430af967d4",
                "SAMPLE_04.mosdepth.coverage.tsv:md5,e06190da6a6485c93dfcf7e6892fa886",
                "SAMPLE_05.mosdepth.coverage.tsv:md5,0d02fa3480c1968c1311d3fcacfe3682",
                "SAMPLE_06.mosdepth.coverage.tsv:md5,2864e48104b7cd28c1e281e658321dcd",
                "SAMPLE_07.mosdepth.coverage.tsv:md5,6f67cd18ea9d79cae65c8fd4bdad56e1",
                "SAMPLE_09.mosdepth.coverage.tsv:md5,594c59b3449e0b309429b8f891fef057",
                "all_samples.mosdepth.heatmap.tsv:md5,971deded8cfc3ad26cb1932cf0b10595",
                "SAMPLE_01.mosdepth.coverage.tsv:md5,b61ae3671a62222a7fa23024a7327e1e",
                "SAMPLE_02.mosdepth.coverage.tsv:md5,ac5f522a9f9765956dfb4ddcda186948",
                "SAMPLE_03.mosdepth.coverage.tsv:md5,d7ca5ec503e0100da0c2c1bd6b0d017b",
                "SAMPLE_04.mosdepth.coverage.tsv:md5,04883172b5328c4dfa6144608c0acb5b",
                "SAMPLE_05.mosdepth.coverage.tsv:md5,d16771ecd82186c2148235ad79931d59",
                "SAMPLE_06.mosdepth.coverage.tsv:md5,70270892f3e40500dc21c35b7cc7a899",
                "SAMPLE_07.mosdepth.coverage.tsv:md5,91dba99980fb3d2bf7ec6b1fa80eb191",
                "SAMPLE_09.mosdepth.coverage.tsv:md5,d8e643e89d2e003a00a3f53af5d76023",
                "SAMPLE_01.mapped.sorted.bam.flagstat:md5,9573b991e1cdbe9611629b7b0b8421f8",
                "SAMPLE_01.mapped.sorted.bam.idxstats:md5,98b56a8efa1ce26c56e8151d7ee8c409",
                "SAMPLE_01.mapped.sorted.bam.stats:md5,a26234010f8dafd635b1bef0ff5ce3a8",
                "SAMPLE_02.mapped.sorted.bam.flagstat:md5,e13e7cf047869e7fa3947d09824d5679",
                "SAMPLE_02.mapped.sorted.bam.idxstats:md5,facf4995ba14ae521edecb3a34423eb1",
                "SAMPLE_02.mapped.sorted.bam.stats:md5,20ddfa492af46e9d602d4c8481df16f1",
                "SAMPLE_03.mapped.sorted.bam.flagstat:md5,0a1fd66c6f4d333a3db38a83a656bf0b",
                "SAMPLE_03.mapped.sorted.bam.idxstats:md5,a71bc353b634ef7e98004beb949ef9b4",
                "SAMPLE_03.mapped.sorted.bam.stats:md5,4c2c5abf4ba7ecc5fba98b6719b6c937",
                "SAMPLE_04.mapped.sorted.bam.flagstat:md5,40e8ab032fa5866ee7863a571d50d6b8",
                "SAMPLE_04.mapped.sorted.bam.idxstats:md5,df01d54f22e47d2ff5af4fd733daf672",
                "SAMPLE_04.mapped.sorted.bam.stats:md5,7aace8d33eb4d953f1adc4c5a6b85d6d",
                "SAMPLE_05.mapped.sorted.bam.flagstat:md5,0ae9a8a6deae8e378c7559d6cd90db7f",
                "SAMPLE_05.mapped.sorted.bam.idxstats:md5,33eff4424cada7f250704f3627194d65",
                "SAMPLE_05.mapped.sorted.bam.stats:md5,3bf645bb9de9cea9c5fe2c4833f773fd",
                "SAMPLE_06.mapped.sorted.bam.flagstat:md5,97b44059a2ba8e3ed9da6fbee747a1f2",
                "SAMPLE_06.mapped.sorted.bam.idxstats:md5,2849c083adcd0867b05e99e1af6b54aa",
                "SAMPLE_06.mapped.sorted.bam.stats:md5,178cdb6efa81bec5ad5a90d20acf24ed",
                "SAMPLE_07.mapped.sorted.bam.flagstat:md5,034a82f1d6f78cc7cd5ef957c5363585",
                "SAMPLE_07.mapped.sorted.bam.idxstats:md5,fe6867b6e2df3a1cf374838fa1936e3a",
                "SAMPLE_07.mapped.sorted.bam.stats:md5,5cf1fa56dc1ca923c311861f6c55af0b",
                "SAMPLE_08.mapped.sorted.bam.flagstat:md5,318c174f2e51b2cda25c1ff2baa17b2d",
                "SAMPLE_08.mapped.sorted.bam.idxstats:md5,1f6640accb07f184d74a17567677d4bf",
                "SAMPLE_08.mapped.sorted.bam.stats:md5,da5b2cbb418535d271df91709f647242",
                "SAMPLE_09.mapped.sorted.bam.flagstat:md5,747467968f020d74d4d126ba5ff6468e",
                "SAMPLE_09.mapped.sorted.bam.idxstats:md5,1297500e3064a15d55ccf1f1d74aeab4",
                "SAMPLE_09.mapped.sorted.bam.stats:md5,4952bce5a035198d8b3aa59eea97b292",
                "SAMPLE_01.classified.fastq.gz:md5,d41d8cd98f00b204e9800998ecf8427e",
                "SAMPLE_01.kraken2.report.txt:md5,ec1112bfa4599c30c8cfc1e2e711f002",
                "SAMPLE_02.classified.fastq.gz:md5,d41d8cd98f00b204e9800998ecf8427e",
                "SAMPLE_02.kraken2.report.txt:md5,be7d05f90dd391075a63eb9ce3edfe7b",
                "SAMPLE_03.classified.fastq.gz:md5,adc593ee15ff7337bdca4b562568cc3c",
                "SAMPLE_03.kraken2.report.txt:md5,7c475f9a4564d0b988c30843c78b430f",
                "SAMPLE_04.classified.fastq.gz:md5,466cb954b4277aace0451fbc4390fcc4",
                "SAMPLE_04.kraken2.report.txt:md5,9ecf95124d03be78163d97dcb635b86a",
                "SAMPLE_05.classified.fastq.gz:md5,d41d8cd98f00b204e9800998ecf8427e",
                "SAMPLE_05.kraken2.report.txt:md5,0ccb07f581b03cac7234557c33a155bc",
                "SAMPLE_06.classified.fastq.gz:md5,d41d8cd98f00b204e9800998ecf8427e",
                "SAMPLE_06.kraken2.report.txt:md5,d5af1cddf28dc10dfc4618f270408bbf",
                "SAMPLE_07.classified.fastq.gz:md5,ce523d8e79571fcd50be1af7493ac2ee",
                "SAMPLE_07.kraken2.report.txt:md5,2be78a4ac54d7cc035d34974bcbf1cf0",
                "SAMPLE_08.classified.fastq.gz:md5,281237c24a496ef70a8e13b53045d126",
                "SAMPLE_08.kraken2.report.txt:md5,1f7148d88723e60ddec21d17f966b904",
                "SAMPLE_09.classified.fastq.gz:md5,d41d8cd98f00b204e9800998ecf8427e",
                "SAMPLE_09.kraken2.report.txt:md5,5d7c578112c660554dec778e47f22f7d",
                "bcftools-stats-subtypes.yaml:md5,61ddae749794ff1f92491553976651ae",
                "bcftools_stats_indel-lengths.yaml:md5,21579f6cb03aed1fab08c05fb049c09d",
                "kraken-top-n-plot_Class.yaml:md5,80f44bb0bb39fa53956588ffb2c35191",
                "kraken-top-n-plot_Domain.yaml:md5,04514da42a3f34470e6233671fa3673b",
                "kraken-top-n-plot_Family.yaml:md5,0f416340ecf5065a9b42655e025feb3e",
                "kraken-top-n-plot_Genus.yaml:md5,1b5270f7fc3b714e1d111eef7a792723",
                "kraken-top-n-plot_Order.yaml:md5,59fd2cc84e57665090d7a65de7a55d30",
                "kraken-top-n-plot_Phylum.yaml:md5,b7b87f32a6b9bcb7cf69d10d95a4fce8",
                "kraken-top-n-plot_Unclassified.yaml:md5,d1ddc2f66a086568bd0eb986291759a2",
                "mosdepth-coverage-per-contig-single.yaml:md5,fa1f288dcee81d9f55b93b4305cc42e6",
                "mosdepth-cumcoverage-dist-id.yaml:md5,688d5175be9a073867f88f1b95818106",
                "mosdepth_cov_dist.yaml:md5,46279b5163854b9bc9a9a18ed2ff7881",
                "mosdepth_cumcov_dist.yaml:md5,46279b5163854b9bc9a9a18ed2ff7881",
                "mosdepth_perchrom.yaml:md5,9a1cb66bd6de6da0f360bd2842050eb2",
                "multiqc_bcftools_stats.yaml:md5,bdd804add7e24967e02b1235246ffd90",
                "multiqc_citations.yaml:md5,f6a5976bbb1dbb8a839f64b168d37b37",
                "multiqc_fail_mapped_samples_nanopore.yaml:md5,e62a8718ebb2a07da06dbd217cfdf972",
                "multiqc_fail_no_barcode_samples_table.yaml:md5,a2068fd5931030a8d949a29c63c3fadf",
                "multiqc_kraken.yaml:md5,5311269d140ffc1bfcc3315c9d90173d",
                "multiqc_nextclade_clade.yaml:md5,cf5a1379e07f4414d64414738dfd2b16",
                "multiqc_pangolin.yaml:md5,b8e9d68ed2c30322cd7a1da797910e4b",
                "multiqc_quast.yaml:md5,3eb18b3866c3286167eeba708eafb49a",
                "multiqc_samtools_flagstat.yaml:md5,0524abedf22337453c85762fef149369",
                "multiqc_snpeff.yaml:md5,bd8764f1c652f8f4da94bd6d3fd0171b",
                "multiqc_summary_variants_metrics_plot_table.yaml:md5,ac3af251f1bb7723ca1d0e24842c7f66",
                "pangolin_run_table.yaml:md5,ff9cd4e1f5c01a60fe6e5b9a5f7a4da1",
                "pycoqc_count_plot_Bases.yaml:md5,7d2db959e6f191000642d17d29326b1e",
                "pycoqc_count_plot_Reads.yaml:md5,647ee3cee55375c44fffb6887e8a38a1",
                "pycoqc_read_qual_plot_All_Reads.yaml:md5,d92652d2904064e6835488fe87bc0922",
                "pycoqc_read_qual_plot_Passing_Reads.yaml:md5,eae65614a7ec2df719b2f4d51574829f",
                "pycoqc_stats_table.yaml:md5,7e91d1025c519911af28386064444b9a",
                "snpeff_effects.yaml:md5,135d0b168f65999667a6e9070a3e9f1f",
                "snpeff_variant_effects_class.yaml:md5,5c98ec61448c7a97545bddd6bd346ca7",
                "snpeff_variant_effects_impact.yaml:md5,0236545a5803c5de7370e65ce61234c1",
                "snpeff_variant_effects_region.yaml:md5,fd109b7ff62142110d965fd03cb68994"
            ]
        ],
        "meta": {
            "nf-test": "0.9.2",
            "nextflow": "25.04.6"
        },
        "timestamp": "2025-10-24T09:31:14.859823681"
    }
}